Archive member included because of file (symbol)

../src/ASF/thirdparty/qtouch/generic/sam/qtouch/lib/gcc\libsam3n-32qt-k-8rs-gnu.a(burst_3_CC.o)
                              src/main.o (burst_3_CC)
../src/ASF/thirdparty/qtouch/generic/sam/qtouch/lib/gcc\libsam3n-32qt-k-8rs-gnu.a(touch_api.o)
                              src/main.o (qt_enable_key)
../src/ASF/thirdparty/qtouch/generic/sam/qtouch/lib/gcc\libsam3n-32qt-k-8rs-gnu.a(touch_process.o)
                              ../src/ASF/thirdparty/qtouch/generic/sam/qtouch/lib/gcc\libsam3n-32qt-k-8rs-gnu.a(touch_api.o) (start_cal_sensor)
../src/ASF/thirdparty/qtouch/generic/sam/qtouch/lib/gcc\libsam3n-32qt-k-8rs-gnu.a(touch_burst_qt.o)
                              ../src/ASF/thirdparty/qtouch/generic/sam/qtouch/lib/gcc\libsam3n-32qt-k-8rs-gnu.a(touch_api.o) (burst_init)
../src/ASF/thirdparty/qtouch/generic/sam/qtouch/lib/gcc\libsam3n-32qt-k-8rs-gnu.a(calc_masks.o)
                              src/main.o (calc_masks)
../src/ASF/thirdparty/qtouch/generic/sam/qtouch/lib/gcc\libsam3n-32qt-k-8rs-gnu.a(touch_rs_qt.o)
                              src/main.o (qt_enable_slider)
c:/program files (x86)/atmel/atmel toolchain/arm gcc/native/4.8.1443/arm-gnu-toolchain/bin/../lib/gcc/arm-none-eabi/4.8.4/../../../../arm-none-eabi/lib/armv7-m\libc.a(lib_a-exit.o)
                              c:/program files (x86)/atmel/atmel toolchain/arm gcc/native/4.8.1443/arm-gnu-toolchain/bin/../lib/gcc/arm-none-eabi/4.8.4/../../../../arm-none-eabi/lib/armv7-m/crt0.o (exit)
c:/program files (x86)/atmel/atmel toolchain/arm gcc/native/4.8.1443/arm-gnu-toolchain/bin/../lib/gcc/arm-none-eabi/4.8.4/../../../../arm-none-eabi/lib/armv7-m\libc.a(lib_a-impure.o)
                              c:/program files (x86)/atmel/atmel toolchain/arm gcc/native/4.8.1443/arm-gnu-toolchain/bin/../lib/gcc/arm-none-eabi/4.8.4/../../../../arm-none-eabi/lib/armv7-m\libc.a(lib_a-exit.o) (_global_impure_ptr)
c:/program files (x86)/atmel/atmel toolchain/arm gcc/native/4.8.1443/arm-gnu-toolchain/bin/../lib/gcc/arm-none-eabi/4.8.4/../../../../arm-none-eabi/lib/armv7-m\libc.a(lib_a-init.o)
                              c:/program files (x86)/atmel/atmel toolchain/arm gcc/native/4.8.1443/arm-gnu-toolchain/bin/../lib/gcc/arm-none-eabi/4.8.4/../../../../arm-none-eabi/lib/armv7-m/crt0.o (__libc_init_array)
c:/program files (x86)/atmel/atmel toolchain/arm gcc/native/4.8.1443/arm-gnu-toolchain/bin/../lib/gcc/arm-none-eabi/4.8.4/../../../../arm-none-eabi/lib/armv7-m\libc.a(lib_a-iprintf.o)
                              src/main.o (iprintf)
c:/program files (x86)/atmel/atmel toolchain/arm gcc/native/4.8.1443/arm-gnu-toolchain/bin/../lib/gcc/arm-none-eabi/4.8.4/../../../../arm-none-eabi/lib/armv7-m\libc.a(lib_a-memset.o)
                              c:/program files (x86)/atmel/atmel toolchain/arm gcc/native/4.8.1443/arm-gnu-toolchain/bin/../lib/gcc/arm-none-eabi/4.8.4/../../../../arm-none-eabi/lib/armv7-m/crt0.o (memset)
c:/program files (x86)/atmel/atmel toolchain/arm gcc/native/4.8.1443/arm-gnu-toolchain/bin/../lib/gcc/arm-none-eabi/4.8.4/../../../../arm-none-eabi/lib/armv7-m\libc.a(lib_a-setbuf.o)
                              src/lcd_aux.o (setbuf)
c:/program files (x86)/atmel/atmel toolchain/arm gcc/native/4.8.1443/arm-gnu-toolchain/bin/../lib/gcc/arm-none-eabi/4.8.4/../../../../arm-none-eabi/lib/armv7-m\libc.a(lib_a-setvbuf.o)
                              c:/program files (x86)/atmel/atmel toolchain/arm gcc/native/4.8.1443/arm-gnu-toolchain/bin/../lib/gcc/arm-none-eabi/4.8.4/../../../../arm-none-eabi/lib/armv7-m\libc.a(lib_a-setbuf.o) (setvbuf)
c:/program files (x86)/atmel/atmel toolchain/arm gcc/native/4.8.1443/arm-gnu-toolchain/bin/../lib/gcc/arm-none-eabi/4.8.4/../../../../arm-none-eabi/lib/armv7-m\libc.a(lib_a-sprintf.o)
                              src/lcd_aux.o (sprintf)
c:/program files (x86)/atmel/atmel toolchain/arm gcc/native/4.8.1443/arm-gnu-toolchain/bin/../lib/gcc/arm-none-eabi/4.8.4/../../../../arm-none-eabi/lib/armv7-m\libc.a(lib_a-svfprintf.o)
                              c:/program files (x86)/atmel/atmel toolchain/arm gcc/native/4.8.1443/arm-gnu-toolchain/bin/../lib/gcc/arm-none-eabi/4.8.4/../../../../arm-none-eabi/lib/armv7-m\libc.a(lib_a-sprintf.o) (_svfprintf_r)
c:/program files (x86)/atmel/atmel toolchain/arm gcc/native/4.8.1443/arm-gnu-toolchain/bin/../lib/gcc/arm-none-eabi/4.8.4/../../../../arm-none-eabi/lib/armv7-m\libc.a(lib_a-vfiprintf.o)
                              c:/program files (x86)/atmel/atmel toolchain/arm gcc/native/4.8.1443/arm-gnu-toolchain/bin/../lib/gcc/arm-none-eabi/4.8.4/../../../../arm-none-eabi/lib/armv7-m\libc.a(lib_a-iprintf.o) (_vfiprintf_r)
c:/program files (x86)/atmel/atmel toolchain/arm gcc/native/4.8.1443/arm-gnu-toolchain/bin/../lib/gcc/arm-none-eabi/4.8.4/../../../../arm-none-eabi/lib/armv7-m\libc.a(lib_a-wsetup.o)
[...]
Memory Configuration

Name             Origin             Length             Attributes
rom              0x00400000         0x00040000         xr
ram              0x20000000         0x00006000         xrw
*default*        0x00000000         0xffffffff

Linker script and memory map

LOAD c:/program files (x86)/atmel/atmel toolchain/arm gcc/native/4.8.1443/arm-gnu-toolchain/bin/../lib/gcc/arm-none-eabi/4.8.4/armv7-m/crti.o
LOAD c:/program files (x86)/atmel/atmel toolchain/arm gcc/native/4.8.1443/arm-gnu-toolchain/bin/../lib/gcc/arm-none-eabi/4.8.4/armv7-m/crtbegin.o
LOAD c:/program files (x86)/atmel/atmel toolchain/arm gcc/native/4.8.1443/arm-gnu-toolchain/bin/../lib/gcc/arm-none-eabi/4.8.4/../../../../arm-none-eabi/lib/armv7-m/crt0.o
LOAD src/ASF/common/services/delay/sam/cycle_counter.o
LOAD src/ASF/common/services/spi/sam_spi/spi_master.o
LOAD src/ASF/sam/drivers/wdt/wdt.o
LOAD src/pwm_aux.o
LOAD src/six_step.o
LOAD src/ASF/sam/components/display/aat31xx/aat31xx.o
LOAD src/ASF/sam/components/display/ili9225/ili9225.o
LOAD src/ASF/sam/drivers/spi/spi.o
LOAD src/lcd_aux.o
LOAD src/main.o
LOAD src/ASF/common/services/clock/sam3n/sysclk.o
LOAD src/ASF/common/services/serial/usart_serial.o
LOAD src/ASF/common/utils/interrupt/interrupt_sam_nvic.o
LOAD src/ASF/common/utils/stdio/read.o
LOAD src/ASF/common/utils/stdio/write.o
LOAD src/ASF/sam/boards/sam3n_ek/init.o
LOAD src/ASF/sam/boards/sam3n_ek/led.o
LOAD src/ASF/sam/drivers/pio/pio.o
LOAD src/ASF/sam/drivers/pio/pio_handler.o
LOAD src/ASF/sam/drivers/pmc/pmc.o
LOAD src/ASF/sam/drivers/pmc/sleep.o
LOAD src/ASF/sam/drivers/pwm/pwm.o
LOAD src/ASF/sam/drivers/uart/uart.o
LOAD src/ASF/sam/drivers/usart/usart.o
LOAD src/ASF/sam/utils/cmsis/sam3n/source/templates/exceptions.o
LOAD src/ASF/sam/utils/cmsis/sam3n/source/templates/gcc/startup_sam3n.o
LOAD src/ASF/sam/utils/cmsis/sam3n/source/templates/system_sam3n.o
LOAD src/ASF/sam/utils/syscalls/gcc/syscalls.o
START GROUP
LOAD ../src/ASF/thirdparty/qtouch/generic/sam/qtouch/lib/gcc\libsam3n-32qt-k-8rs-gnu.a
LOAD ../src/ASF/thirdparty/CMSIS/Lib/GCC\libarm_cortexM3l_math.a
LOAD c:/program files (x86)/atmel/atmel toolchain/arm gcc/native/4.8.1443/arm-gnu-toolchain/bin/../lib/gcc/arm-none-eabi/4.8.4/../../../../arm-none-eabi/lib/armv7-m\libm.a
END GROUP
START GROUP
LOAD c:/program files (x86)/atmel/atmel toolchain/arm gcc/native/4.8.1443/arm-gnu-toolchain/bin/../lib/gcc/arm-none-eabi/4.8.4/armv7-m\libgcc.a
LOAD c:/program files (x86)/atmel/atmel toolchain/arm gcc/native/4.8.1443/arm-gnu-toolchain/bin/../lib/gcc/arm-none-eabi/4.8.4/../../../../arm-none-eabi/lib/armv7-m\libc.a
END GROUP
LOAD c:/program files (x86)/atmel/atmel toolchain/arm gcc/native/4.8.1443/arm-gnu-toolchain/bin/../lib/gcc/arm-none-eabi/4.8.4/armv7-m/crtend.o
LOAD c:/program files (x86)/atmel/atmel toolchain/arm gcc/native/4.8.1443/arm-gnu-toolchain/bin/../lib/gcc/arm-none-eabi/4.8.4/armv7-m/crtn.o
                0x00000800                __stack_size__ = DEFINED (__stack_size__)?__stack_size__:0x800
                0x20005ffc                __ram_end__ = ((ORIGIN (ram) + 0x6000) - 0x4)

.text           0x00400000     0xa3c8
                0x00400000                . = ALIGN (0x4)
                0x00400000                _sfixed = .
 *(.vectors .vectors.*)
 .vectors       0x00400000       0xc4 src/ASF/sam/utils/cmsis/sam3n/source/templates/gcc/startup_sam3n.o
                0x00400000                exception_table
 *(.text .text.* .gnu.linkonce.t.*)
 .text          0x004000c4       0x54 c:/program files (x86)/atmel/atmel toolchain/arm gcc/native/4.8.1443/arm-gnu-toolchain/bin/../lib/gcc/arm-none-eabi/4.8.4/armv7-m/crtbegin.o
 .text.spi_master_init
                0x00400118       0x54 src/ASF/common/services/spi/sam_spi/spi_master.o
                0x00400118                spi_master_init
 .text.spi_master_setup_device
                0x0040016c       0x7c src/ASF/common/services/spi/sam_spi/spi_master.o
                0x0040016c                spi_master_setup_device
 .text.spi_select_device
                0x004001e8       0x30 src/ASF/common/services/spi/sam_spi/spi_master.o
                0x004001e8                spi_select_device
 .text.wdt_disable
                0x00400218        0x8 src/ASF/sam/drivers/wdt/wdt.o
                0x00400218                wdt_disable
 .text.configure_buttons
                0x00400220       0xac src/six_step.o
                0x00400220                configure_buttons
 .text.configure_hall
                0x004002cc       0xac src/six_step.o
                0x004002cc                configure_hall
 .text.configure_pwm
                0x00400378      0x124 src/six_step.o
                0x00400378                configure_pwm
 .text.start_lcd
                0x0040049c       0x74 src/six_step.o
                0x0040049c                start_lcd
 .text.aat31xx_set_backlight
                0x00400510       0x5c src/ASF/sam/components/display/aat31xx/aat31xx.o
                0x00400510                aat31xx_set_backlight
 .text.aat31xx_disable_backlight
                0x0040056c       0x24 src/ASF/sam/components/display/aat31xx/aat31xx.o
                0x0040056c                aat31xx_disable_backlight
 .text.ili9225_delay
                0x00400590       0x38 src/ASF/sam/components/display/ili9225/ili9225.o
 .text.ili9225_check_box_coordinates
                0x004005c8       0x48 src/ASF/sam/components/display/ili9225/ili9225.o
 .text.ili9225_write_cmd
                0x00400610       0x44 src/ASF/sam/components/display/ili9225/ili9225.o
 .text.ili9225_write_ram
                0x00400654       0x30 src/ASF/sam/components/display/ili9225/ili9225.o
 .text.ili9225_write_register
                0x00400684       0x18 src/ASF/sam/components/display/ili9225/ili9225.o
 .text.ili9225_write_ram_buffer
                0x0040069c       0x5c src/ASF/sam/components/display/ili9225/ili9225.o
 .text.ili9225_spi_handler
                0x004006f8       0x18 src/ASF/sam/components/display/ili9225/ili9225.o
                0x004006f8                ili9225_spi_handler
 .text.ili9225_display_on
                0x00400710       0x14 src/ASF/sam/components/display/ili9225/ili9225.o
                0x00400710                ili9225_display_on
 .text.ili9225_display_off
                0x00400724       0x10 src/ASF/sam/components/display/ili9225/ili9225.o
                0x00400724                ili9225_display_off
 .text.ili9225_set_foreground_color
                0x00400734       0x2c src/ASF/sam/components/display/ili9225/ili9225.o
                0x00400734                ili9225_set_foreground_color
 .text.ili9225_set_window
                0x00400760       0x30 src/ASF/sam/components/display/ili9225/ili9225.o
                0x00400760                ili9225_set_window
 .text.ili9225_set_cursor_position
                0x00400790       0x18 src/ASF/sam/components/display/ili9225/ili9225.o
                0x00400790                ili9225_set_cursor_position
 .text.ili9225_init
                0x004007a8      0x1c8 src/ASF/sam/components/display/ili9225/ili9225.o
                0x004007a8                ili9225_init
 .text.ili9225_draw_pixel
                0x00400970       0x3c src/ASF/sam/components/display/ili9225/ili9225.o
                0x00400970                ili9225_draw_pixel
 .text.ili9225_draw_filled_rectangle
                0x004009ac       0xb8 src/ASF/sam/components/display/ili9225/ili9225.o
                0x004009ac                ili9225_draw_filled_rectangle
 .text.ili9225_draw_string
                0x00400a64       0xb4 src/ASF/sam/components/display/ili9225/ili9225.o
                0x00400a64                ili9225_draw_string
 .text.spi_enable_clock
                0x00400b18       0x10 src/ASF/sam/drivers/spi/spi.o
                0x00400b18                spi_enable_clock
 .text.spi_set_peripheral_chip_select_value
                0x00400b28       0x18 src/ASF/sam/drivers/spi/spi.o
                0x00400b28                spi_set_peripheral_chip_select_value
 .text.spi_set_delay_between_chip_select
                0x00400b40       0x14 src/ASF/sam/drivers/spi/spi.o
                0x00400b40                spi_set_delay_between_chip_select
 .text.spi_write
                0x00400b54       0x38 src/ASF/sam/drivers/spi/spi.o
                0x00400b54                spi_write
 .text.spi_set_clock_polarity
                0x00400b8c       0x20 src/ASF/sam/drivers/spi/spi.o
                0x00400b8c                spi_set_clock_polarity
 .text.spi_set_clock_phase
                0x00400bac       0x20 src/ASF/sam/drivers/spi/spi.o
                0x00400bac                spi_set_clock_phase
 .text.spi_configure_cs_behavior
                0x00400bcc       0x44 src/ASF/sam/drivers/spi/spi.o
                0x00400bcc                spi_configure_cs_behavior
 .text.spi_set_bits_per_transfer
                0x00400c10       0x14 src/ASF/sam/drivers/spi/spi.o
                0x00400c10                spi_set_bits_per_transfer
 .text.spi_calc_baudrate_div
                0x00400c24       0x18 src/ASF/sam/drivers/spi/spi.o
                0x00400c24                spi_calc_baudrate_div
 .text.spi_set_baudrate_div
                0x00400c3c       0x18 src/ASF/sam/drivers/spi/spi.o
                0x00400c3c                spi_set_baudrate_div
 .text.spi_set_transfer_delay
                0x00400c54       0x18 src/ASF/sam/drivers/spi/spi.o
                0x00400c54                spi_set_transfer_delay
 .text.usart_serial_getchar
                0x00400c6c       0x88 src/lcd_aux.o
 .text.usart_serial_putchar
                0x00400cf4       0x88 src/lcd_aux.o
 .text.escreve_int_lcd
                0x00400d7c       0x5c src/lcd_aux.o
                0x00400d7c                escreve_int_lcd
 .text.configure_console
                0x00400dd8       0x94 src/lcd_aux.o
                0x00400dd8                configure_console
 .text.configure_lcd
                0x00400e6c       0x60 src/lcd_aux.o
                0x00400e6c                configure_lcd
 .text.SysTick_Handler
                0x00400ecc       0x24 src/main.o
                0x00400ecc                SysTick_Handler
 .text.SPI_Handler
                0x00400ef0        0xc src/main.o
                0x00400ef0                SPI_Handler
 .text.PWM_Handler
                0x00400efc       0xec src/main.o
                0x00400efc                PWM_Handler
 .text.Button1_Handler
                0x00400fe8       0x20 src/main.o
                0x00400fe8                Button1_Handler
 .text.Button2_Handler
                0x00401008       0x1c src/main.o
                0x00401008                Button2_Handler
 .text.Hall_Phase
                0x00401024      0x1ec src/main.o
                0x00401024                Hall_Phase
 .text.Hall_Handler
                0x00401210       0x28 src/main.o
                0x00401210                Hall_Handler
 .text.main     0x00401238      0x4c0 src/main.o
                0x00401238                main
 .text.sysclk_init
                0x004016f8       0x64 src/ASF/common/services/clock/sam3n/sysclk.o
                0x004016f8                sysclk_init
 .text._read    0x0040175c       0x40 src/ASF/common/utils/stdio/read.o
                0x0040175c                _read
 .text._write   0x0040179c       0x54 src/ASF/common/utils/stdio/write.o
                0x0040179c                _write
 .text.board_init
                0x004017f0       0xe0 src/ASF/sam/boards/sam3n_ek/init.o
                0x004017f0                board_init
 .text.pio_set_debounce_filter
                0x004018d0       0x1c src/ASF/sam/drivers/pio/pio.o
                0x004018d0                pio_set_debounce_filter
 .text.pio_set_peripheral
                0x004018ec       0x90 src/ASF/sam/drivers/pio/pio.o
                0x004018ec                pio_set_peripheral
 .text.pio_set_input
                0x0040197c       0x34 src/ASF/sam/drivers/pio/pio.o
                0x0040197c                pio_set_input
 .text.pio_set_output
                0x004019b0       0x28 src/ASF/sam/drivers/pio/pio.o
                0x004019b0                pio_set_output
 .text.pio_configure_interrupt
                0x004019d8       0x30 src/ASF/sam/drivers/pio/pio.o
                0x004019d8                pio_configure_interrupt
 .text.pio_enable_interrupt
                0x00401a08        0x8 src/ASF/sam/drivers/pio/pio.o
                0x00401a08                pio_enable_interrupt
 .text.pio_disable_interrupt
                0x00401a10        0x4 src/ASF/sam/drivers/pio/pio.o
                0x00401a10                pio_disable_interrupt
 .text.pio_get_interrupt_status
                0x00401a14        0x4 src/ASF/sam/drivers/pio/pio.o
                0x00401a14                pio_get_interrupt_status
 .text.pio_get_interrupt_mask
                0x00401a18        0x4 src/ASF/sam/drivers/pio/pio.o
                0x00401a18                pio_get_interrupt_mask
 .text.pio_set_pin_high
                0x00401a1c       0x1c src/ASF/sam/drivers/pio/pio.o
                0x00401a1c                pio_set_pin_high
 .text.pio_set_pin_low
                0x00401a38       0x1c src/ASF/sam/drivers/pio/pio.o
                0x00401a38                pio_set_pin_low
 .text.pio_configure_pin
                0x00401a54      0x124 src/ASF/sam/drivers/pio/pio.o
                0x00401a54                pio_configure_pin
 .text.pio_configure_pin_group
                0x00401b78       0xdc src/ASF/sam/drivers/pio/pio.o
                0x00401b78                pio_configure_pin_group
 .text.pio_handler_process
                0x00401c54       0x58 src/ASF/sam/drivers/pio/pio_handler.o
                0x00401c54                pio_handler_process
 .text.pio_handler_set
                0x00401cac       0x3c src/ASF/sam/drivers/pio/pio_handler.o
                0x00401cac                pio_handler_set
 .text.PIOA_Handler
                0x00401ce8       0x14 src/ASF/sam/drivers/pio/pio_handler.o
                0x00401ce8                PIOA_Handler
 .text.PIOB_Handler
                0x00401cfc       0x14 src/ASF/sam/drivers/pio/pio_handler.o
                0x00401cfc                PIOB_Handler
 .text.PIOC_Handler
                0x00401d10       0x14 src/ASF/sam/drivers/pio/pio_handler.o
                0x00401d10                PIOC_Handler
 .text.pio_handler_set_priority
                0x00401d24       0x8c src/ASF/sam/drivers/pio/pio_handler.o
                0x00401d24                pio_handler_set_priority
 .text.pmc_switch_mck_to_pllack
                0x00401db0       0x64 src/ASF/sam/drivers/pmc/pmc.o
                0x00401db0                pmc_switch_mck_to_pllack
 .text.pmc_switch_mainck_to_xtal
                0x00401e14       0x54 src/ASF/sam/drivers/pmc/pmc.o
                0x00401e14                pmc_switch_mainck_to_xtal
 .text.pmc_osc_is_ready_mainck
                0x00401e68       0x10 src/ASF/sam/drivers/pmc/pmc.o
                0x00401e68                pmc_osc_is_ready_mainck
 .text.pmc_disable_pllack
                0x00401e78       0x10 src/ASF/sam/drivers/pmc/pmc.o
                0x00401e78                pmc_disable_pllack
 .text.pmc_is_locked_pllack
                0x00401e88       0x10 src/ASF/sam/drivers/pmc/pmc.o
                0x00401e88                pmc_is_locked_pllack
 .text.pmc_enable_periph_clk
                0x00401e98       0x2c src/ASF/sam/drivers/pmc/pmc.o
                0x00401e98                pmc_enable_periph_clk
 .text.pwm_clocks_generate
                0x00401ec4       0x58 src/ASF/sam/drivers/pwm/pwm.o
 .text.pwm_init
                0x00401f1c       0x40 src/ASF/sam/drivers/pwm/pwm.o
                0x00401f1c                pwm_init
 .text.pwm_channel_init
                0x00401f5c       0x30 src/ASF/sam/drivers/pwm/pwm.o
                0x00401f5c                pwm_channel_init
 .text.pwm_channel_update_duty
                0x00401f8c       0x30 src/ASF/sam/drivers/pwm/pwm.o
                0x00401f8c                pwm_channel_update_duty
 .text.pwm_channel_enable
                0x00401fbc        0xc src/ASF/sam/drivers/pwm/pwm.o
                0x00401fbc                pwm_channel_enable
 .text.pwm_channel_disable
                0x00401fc8        0xc src/ASF/sam/drivers/pwm/pwm.o
                0x00401fc8                pwm_channel_disable
 .text.pwm_channel_get_interrupt_status
                0x00401fd4        0x4 src/ASF/sam/drivers/pwm/pwm.o
                0x00401fd4                pwm_channel_get_interrupt_status
 .text.pwm_channel_enable_interrupt
                0x00401fd8        0xc src/ASF/sam/drivers/pwm/pwm.o
                0x00401fd8                pwm_channel_enable_interrupt
 .text.pwm_channel_disable_interrupt
                0x00401fe4        0xc src/ASF/sam/drivers/pwm/pwm.o
                0x00401fe4                pwm_channel_disable_interrupt
 .text.uart_init
                0x00401ff0       0x38 src/ASF/sam/drivers/uart/uart.o
                0x00401ff0                uart_init
 .text.uart_write
                0x00402028       0x10 src/ASF/sam/drivers/uart/uart.o
                0x00402028                uart_write
 .text.uart_read
                0x00402038       0x14 src/ASF/sam/drivers/uart/uart.o
                0x00402038                uart_read
 .text.usart_write
                0x0040204c       0x14 src/ASF/sam/drivers/usart/usart.o
                0x0040204c                usart_write
 .text.usart_read
                0x00402060       0x18 src/ASF/sam/drivers/usart/usart.o
                0x00402060                usart_read
 .text.Dummy_Handler
                0x00402078        0x4 src/ASF/sam/utils/cmsis/sam3n/source/templates/exceptions.o
                0x00402078                DACC_Handler
                0x00402078                DebugMon_Handler
                0x00402078                HardFault_Handler
                0x00402078                TC2_Handler
                0x00402078                TWI1_Handler
                0x00402078                PendSV_Handler
                0x00402078                NMI_Handler
                0x00402078                ADC_Handler
                0x00402078                USART0_Handler
                0x00402078                RTT_Handler
                0x00402078                RTC_Handler
                0x00402078                UsageFault_Handler
                0x00402078                WDT_Handler
                0x00402078                TC4_Handler
                0x00402078                TC1_Handler
                0x00402078                UART1_Handler
                0x00402078                TC3_Handler
                0x00402078                Dummy_Handler
                0x00402078                TWI0_Handler
                0x00402078                USART1_Handler
                0x00402078                PMC_Handler
                0x00402078                MemManage_Handler
                0x00402078                SUPC_Handler
                0x00402078                SVC_Handler
                0x00402078                EFC_Handler
                0x00402078                UART0_Handler
                0x00402078                BusFault_Handler
                0x00402078                RSTC_Handler
                0x00402078                TC0_Handler
                0x00402078                TC5_Handler
 .text.Reset_Handler
                0x0040207c       0xb0 src/ASF/sam/utils/cmsis/sam3n/source/templates/gcc/startup_sam3n.o
                0x0040207c                Reset_Handler
 .text.SystemCoreClockUpdate
                0x0040212c      0x104 src/ASF/sam/utils/cmsis/sam3n/source/templates/system_sam3n.o
                0x0040212c                SystemCoreClockUpdate
 .text._sbrk    0x00402230       0x34 src/ASF/sam/utils/syscalls/gcc/syscalls.o
                0x00402230                _sbrk
 .text._close   0x00402264        0x8 src/ASF/sam/utils/syscalls/gcc/syscalls.o
                0x00402264                _close
 .text._fstat   0x0040226c        0xc src/ASF/sam/utils/syscalls/gcc/syscalls.o
                0x0040226c                _fstat
 .text._isatty  0x00402278        0x4 src/ASF/sam/utils/syscalls/gcc/syscalls.o
                0x00402278                _isatty
 .text._lseek   0x0040227c        0x4 src/ASF/sam/utils/syscalls/gcc/syscalls.o
                0x0040227c                _lseek
 .text.burst_3_CC
                0x00402280      0x2d8 ../src/ASF/thirdparty/qtouch/generic/sam/qtouch/lib/gcc\libsam3n-32qt-k-8rs-gnu.a(burst_3_CC.o)
                0x00402280                burst_3_CC
 .text.qt_enable_key
                0x00402558       0x34 ../src/ASF/thirdparty/qtouch/generic/sam/qtouch/lib/gcc\libsam3n-32qt-k-8rs-gnu.a(touch_api.o)
                0x00402558                qt_enable_key
 .text.q_get_PRIMASK
                0x0040258c        0x8 ../src/ASF/thirdparty/qtouch/generic/sam/qtouch/lib/gcc\libsam3n-32qt-k-8rs-gnu.a(touch_api.o)
                0x0040258c                q_get_PRIMASK
 .text.q_set_PRIMASK
                0x00402594        0x8 ../src/ASF/thirdparty/qtouch/generic/sam/qtouch/lib/gcc\libsam3n-32qt-k-8rs-gnu.a(touch_api.o)
                0x00402594                q_set_PRIMASK
 .text.qt_get_sensor_delta
                0x0040259c       0x88 ../src/ASF/thirdparty/qtouch/generic/sam/qtouch/lib/gcc\libsam3n-32qt-k-8rs-gnu.a(touch_api.o)
                0x0040259c                qt_get_sensor_delta
 .text.qt_measure_sensors
                0x00402624       0xf8 ../src/ASF/thirdparty/qtouch/generic/sam/qtouch/lib/gcc\libsam3n-32qt-k-8rs-gnu.a(touch_api.o)
                0x00402624                qt_measure_sensors
 .text.qt_reset_sensing
                0x0040271c       0x3c ../src/ASF/thirdparty/qtouch/generic/sam/qtouch/lib/gcc\libsam3n-32qt-k-8rs-gnu.a(touch_api.o)
                0x0040271c                qt_reset_sensing
 .text.qt_init_sensing_with_burst
                0x00402758       0x38 ../src/ASF/thirdparty/qtouch/generic/sam/qtouch/lib/gcc\libsam3n-32qt-k-8rs-gnu.a(touch_api.o)
                0x00402758                qt_init_sensing_with_burst
 .text.goto_no_detect
                0x00402790       0x44 ../src/ASF/thirdparty/qtouch/generic/sam/qtouch/lib/gcc\libsam3n-32qt-k-8rs-gnu.a(touch_process.o)
 .text.start_cal_sensor
                0x004027d4       0x20 ../src/ASF/thirdparty/qtouch/generic/sam/qtouch/lib/gcc\libsam3n-32qt-k-8rs-gnu.a(touch_process.o)
                0x004027d4                start_cal_sensor
 .text.pos_delta
                0x004027f4        0x8 ../src/ASF/thirdparty/qtouch/generic/sam/qtouch/lib/gcc\libsam3n-32qt-k-8rs-gnu.a(touch_process.o)
 .text.get_channel_delta
                0x004027fc       0x18 ../src/ASF/thirdparty/qtouch/generic/sam/qtouch/lib/gcc\libsam3n-32qt-k-8rs-gnu.a(touch_process.o)
                0x004027fc                get_channel_delta
 .text.enter_state_pos_recal
                0x00402814       0x1c ../src/ASF/thirdparty/qtouch/generic/sam/qtouch/lib/gcc\libsam3n-32qt-k-8rs-gnu.a(touch_process.o)
 .text.process_sensor
                0x00402830      0x408 ../src/ASF/thirdparty/qtouch/generic/sam/qtouch/lib/gcc\libsam3n-32qt-k-8rs-gnu.a(touch_process.o)
                0x00402830                process_sensor
 .text.burst_init
                0x00402c38        0x8 ../src/ASF/thirdparty/qtouch/generic/sam/qtouch/lib/gcc\libsam3n-32qt-k-8rs-gnu.a(touch_burst_qt.o)
                0x00402c38                burst_init
 .text.burst_reset
                0x00402c40       0x1c ../src/ASF/thirdparty/qtouch/generic/sam/qtouch/lib/gcc\libsam3n-32qt-k-8rs-gnu.a(touch_burst_qt.o)
                0x00402c40                burst_reset
 .text.burst    0x00402c5c       0x34 ../src/ASF/thirdparty/qtouch/generic/sam/qtouch/lib/gcc\libsam3n-32qt-k-8rs-gnu.a(touch_burst_qt.o)
                0x00402c5c                burst
 .text.calc_masks
                0x00402c90      0x114 ../src/ASF/thirdparty/qtouch/generic/sam/qtouch/lib/gcc\libsam3n-32qt-k-8rs-gnu.a(calc_masks.o)
                0x00402c90                calc_masks
 .text.init_rotor_slider
                0x00402da4       0x58 ../src/ASF/thirdparty/qtouch/generic/sam/qtouch/lib/gcc\libsam3n-32qt-k-8rs-gnu.a(touch_rs_qt.o)
 .text.qt_enable_slider
                0x00402dfc       0x3c ../src/ASF/thirdparty/qtouch/generic/sam/qtouch/lib/gcc\libsam3n-32qt-k-8rs-gnu.a(touch_rs_qt.o)
                0x00402dfc                qt_enable_slider
 .text.divide   0x00402e38       0x60 ../src/ASF/thirdparty/qtouch/generic/sam/qtouch/lib/gcc\libsam3n-32qt-k-8rs-gnu.a(touch_rs_qt.o)
 .text.rotor_slider_enter_detect
                0x00402e98       0x20 ../src/ASF/thirdparty/qtouch/generic/sam/qtouch/lib/gcc\libsam3n-32qt-k-8rs-gnu.a(touch_rs_qt.o)
                0x00402e98                rotor_slider_enter_detect
 .text.fill_out_rotor_slider_deltas
                0x00402eb8       0x74 ../src/ASF/thirdparty/qtouch/generic/sam/qtouch/lib/gcc\libsam3n-32qt-k-8rs-gnu.a(touch_rs_qt.o)
 .text.calc_rotor_slider_value
                0x00402f2c      0x1e8 ../src/ASF/thirdparty/qtouch/generic/sam/qtouch/lib/gcc\libsam3n-32qt-k-8rs-gnu.a(touch_rs_qt.o)
                0x00402f2c                calc_rotor_slider_value
 .text.calc_rotor_slider_sensor_delta
                0x00403114       0x5c ../src/ASF/thirdparty/qtouch/generic/sam/qtouch/lib/gcc\libsam3n-32qt-k-8rs-gnu.a(touch_rs_qt.o)
                0x00403114                calc_rotor_slider_sensor_delta
 .text.__libc_init_array
                0x00403170       0x50 c:/program files (x86)/atmel/atmel toolchain/arm gcc/native/4.8.1443/arm-gnu-toolchain/bin/../lib/gcc/arm-none-eabi/4.8.4/../../../../arm-none-eabi/lib/armv7-m\libc.a(lib_a-init.o)
                0x00403170                __libc_init_array
 .text.iprintf  0x004031c0       0x28 c:/program files (x86)/atmel/atmel toolchain/arm gcc/native/4.8.1443/arm-gnu-toolchain/bin/../lib/gcc/arm-none-eabi/4.8.4/../../../../arm-none-eabi/lib/armv7-m\libc.a(lib_a-iprintf.o)
                0x004031c0                iprintf
 .text.memset   0x004031e8       0x94 c:/program files (x86)/atmel/atmel toolchain/arm gcc/native/4.8.1443/arm-gnu-toolchain/bin/../lib/gcc/arm-none-eabi/4.8.4/../../../../arm-none-eabi/lib/armv7-m\libc.a(lib_a-memset.o)
                0x004031e8                memset
 .text.setbuf   0x0040327c       0x10 c:/program files (x86)/atmel/atmel toolchain/arm gcc/native/4.8.1443/arm-gnu-toolchain/bin/../lib/gcc/arm-none-eabi/4.8.4/../../../../arm-none-eabi/lib/armv7-m\libc.a(lib_a-setbuf.o)
                0x0040327c                setbuf
 .text.setvbuf  0x0040328c      0x100 c:/program files (x86)/atmel/atmel toolchain/arm gcc/native/4.8.1443/arm-gnu-toolchain/bin/../lib/gcc/arm-none-eabi/4.8.4/../../../../arm-none-eabi/lib/armv7-m\libc.a(lib_a-setvbuf.o)
                0x0040328c                setvbuf
 .text.sprintf  0x0040338c       0x4c c:/program files (x86)/atmel/atmel toolchain/arm gcc/native/4.8.1443/arm-gnu-toolchain/bin/../lib/gcc/arm-none-eabi/4.8.4/../../../../arm-none-eabi/lib/armv7-m\libc.a(lib_a-sprintf.o)
                0x0040338c                sprintf
 .text._svfprintf_r
                0x004033d8     0x14e0 c:/program files (x86)/atmel/atmel toolchain/arm gcc/native/4.8.1443/arm-gnu-toolchain/bin/../lib/gcc/arm-none-eabi/4.8.4/../../../../arm-none-eabi/lib/armv7-m\libc.a(lib_a-svfprintf.o)
                0x004033d8                _svfprintf_r
 .text.__sprint_r.part.0
                0x004048b8       0x78 c:/program files (x86)/atmel/atmel toolchain/arm gcc/native/4.8.1443/arm-gnu-toolchain/bin/../lib/gcc/arm-none-eabi/4.8.4/../../../../arm-none-eabi/lib/armv7-m\libc.a(lib_a-vfiprintf.o)
 .text._vfiprintf_r
                0x00404930      0xc54 c:/program files (x86)/atmel/atmel toolchain/arm gcc/native/4.8.1443/arm-gnu-toolchain/bin/../lib/gcc/arm-none-eabi/4.8.4/../../../../arm-none-eabi/lib/armv7-m\libc.a(lib_a-vfiprintf.o)
                0x00404930                _vfiprintf_r
 .text.__sbprintf
                0x00405584       0x7c c:/program files (x86)/atmel/atmel toolchain/arm gcc/native/4.8.1443/arm-gnu-toolchain/bin/../lib/gcc/arm-none-eabi/4.8.4/../../../../arm-none-eabi/lib/armv7-m\libc.a(lib_a-vfiprintf.o)
 .text.__swsetup_r
                0x00405600       0xc4 c:/program files (x86)/atmel/atmel toolchain/arm gcc/native/4.8.1443/arm-gnu-toolchain/bin/../lib/gcc/arm-none-eabi/4.8.4/../../../../arm-none-eabi/lib/armv7-m\libc.a(lib_a-wsetup.o)
                0x00405600                __swsetup_r
 .text.startup.register_fini
                0x004056c4       0x14 c:/program files (x86)/atmel/atmel toolchain/arm gcc/native/4.8.1443/arm-gnu-toolchain/bin/../lib/gcc/arm-none-eabi/4.8.4/../../../../arm-none-eabi/lib/armv7-m\libc.a(lib_a-__call_atexit.o)
 .text.atexit   0x004056d8        0xc c:/program files (x86)/atmel/atmel toolchain/arm gcc/native/4.8.1443/arm-gnu-toolchain/bin/../lib/gcc/arm-none-eabi/4.8.4/../../../../arm-none-eabi/lib/armv7-m\libc.a(lib_a-atexit.o)
                0x004056d8                atexit
 .text.quorem   0x004056e4      0x134 c:/program files (x86)/atmel/atmel toolchain/arm gcc/native/4.8.1443/arm-gnu-toolchain/bin/../lib/gcc/arm-none-eabi/4.8.4/../../../../arm-none-eabi/lib/armv7-m\libc.a(lib_a-dtoa.o)
 .text._dtoa_r  0x00405818      0xe38 c:/program files (x86)/atmel/atmel toolchain/arm gcc/native/4.8.1443/arm-gnu-toolchain/bin/../lib/gcc/arm-none-eabi/4.8.4/../../../../arm-none-eabi/lib/armv7-m\libc.a(lib_a-dtoa.o)
                0x00405818                _dtoa_r
 .text.__sflush_r
                0x00406650      0x148 c:/program files (x86)/atmel/atmel toolchain/arm gcc/native/4.8.1443/arm-gnu-toolchain/bin/../lib/gcc/arm-none-eabi/4.8.4/../../../../arm-none-eabi/lib/armv7-m\libc.a(lib_a-fflush.o)
                0x00406650                __sflush_r
 .text._fflush_r
                0x00406798       0x2c c:/program files (x86)/atmel/atmel toolchain/arm gcc/native/4.8.1443/arm-gnu-toolchain/bin/../lib/gcc/arm-none-eabi/4.8.4/../../../../arm-none-eabi/lib/armv7-m\libc.a(lib_a-fflush.o)
                0x00406798                _fflush_r
 .text._cleanup_r
                0x004067c4        0xc c:/program files (x86)/atmel/atmel toolchain/arm gcc/native/4.8.1443/arm-gnu-toolchain/bin/../lib/gcc/arm-none-eabi/4.8.4/../../../../arm-none-eabi/lib/armv7-m\libc.a(lib_a-findfp.o)
                0x004067c4                _cleanup_r
 .text.__sinit  0x004067d0       0xf4 c:/program files (x86)/atmel/atmel toolchain/arm gcc/native/4.8.1443/arm-gnu-toolchain/bin/../lib/gcc/arm-none-eabi/4.8.4/../../../../arm-none-eabi/lib/armv7-m\libc.a(lib_a-findfp.o)
                0x004067d0                __sinit
 .text.__sfp_lock_acquire
                0x004068c4        0x4 c:/program files (x86)/atmel/atmel toolchain/arm gcc/native/4.8.1443/arm-gnu-toolchain/bin/../lib/gcc/arm-none-eabi/4.8.4/../../../../arm-none-eabi/lib/armv7-m\libc.a(lib_a-findfp.o)
                0x004068c4                __sfp_lock_acquire
 .text.__sfp_lock_release
                0x004068c8        0x4 c:/program files (x86)/atmel/atmel toolchain/arm gcc/native/4.8.1443/arm-gnu-toolchain/bin/../lib/gcc/arm-none-eabi/4.8.4/../../../../arm-none-eabi/lib/armv7-m\libc.a(lib_a-findfp.o)
                0x004068c8                __sfp_lock_release
 .text.__libc_fini_array
                0x004068cc       0x30 c:/program files (x86)/atmel/atmel toolchain/arm gcc/native/4.8.1443/arm-gnu-toolchain/bin/../lib/gcc/arm-none-eabi/4.8.4/../../../../arm-none-eabi/lib/armv7-m\libc.a(lib_a-fini.o)
                0x004068cc                __libc_fini_array
 .text._fputwc_r
                0x004068fc       0xc0 c:/program files (x86)/atmel/atmel toolchain/arm gcc/native/4.8.1443/arm-gnu-toolchain/bin/../lib/gcc/arm-none-eabi/4.8.4/../../../../arm-none-eabi/lib/armv7-m\libc.a(lib_a-fputwc.o)
                0x004068fc                _fputwc_r
 .text._malloc_trim_r
                0x004069bc       0x9c c:/program files (x86)/atmel/atmel toolchain/arm gcc/native/4.8.1443/arm-gnu-toolchain/bin/../lib/gcc/arm-none-eabi/4.8.4/../../../../arm-none-eabi/lib/armv7-m\libc.a(lib_a-freer.o)
                0x004069bc                _malloc_trim_r
 .text._free_r  0x00406a58      0x198 c:/program files (x86)/atmel/atmel toolchain/arm gcc/native/4.8.1443/arm-gnu-toolchain/bin/../lib/gcc/arm-none-eabi/4.8.4/../../../../arm-none-eabi/lib/armv7-m\libc.a(lib_a-freer.o)
                0x00406a58                _free_r
 .text.__sfvwrite_r
                0x00406bf0      0x318 c:/program files (x86)/atmel/atmel toolchain/arm gcc/native/4.8.1443/arm-gnu-toolchain/bin/../lib/gcc/arm-none-eabi/4.8.4/../../../../arm-none-eabi/lib/armv7-m\libc.a(lib_a-fvwrite.o)
                0x00406bf0                __sfvwrite_r
 .text._fwalk   0x00406f08       0x48 c:/program files (x86)/atmel/atmel toolchain/arm gcc/native/4.8.1443/arm-gnu-toolchain/bin/../lib/gcc/arm-none-eabi/4.8.4/../../../../arm-none-eabi/lib/armv7-m\libc.a(lib_a-fwalk.o)
                0x00406f08                _fwalk
 .text.__locale_charset
                0x00406f50        0x8 c:/program files (x86)/atmel/atmel toolchain/arm gcc/native/4.8.1443/arm-gnu-toolchain/bin/../lib/gcc/arm-none-eabi/4.8.4/../../../../arm-none-eabi/lib/armv7-m\libc.a(lib_a-locale.o)
                0x00406f50                __locale_charset
 .text.__locale_mb_cur_max
                0x00406f58        0xc c:/program files (x86)/atmel/atmel toolchain/arm gcc/native/4.8.1443/arm-gnu-toolchain/bin/../lib/gcc/arm-none-eabi/4.8.4/../../../../arm-none-eabi/lib/armv7-m\libc.a(lib_a-locale.o)
                0x00406f58                __locale_mb_cur_max
 .text._localeconv_r
                0x00406f64        0x8 c:/program files (x86)/atmel/atmel toolchain/arm gcc/native/4.8.1443/arm-gnu-toolchain/bin/../lib/gcc/arm-none-eabi/4.8.4/../../../../arm-none-eabi/lib/armv7-m\libc.a(lib_a-locale.o)
                0x00406f64                _localeconv_r
 .text.__smakebuf_r
                0x00406f6c       0xe0 c:/program files (x86)/atmel/atmel toolchain/arm gcc/native/4.8.1443/arm-gnu-toolchain/bin/../lib/gcc/arm-none-eabi/4.8.4/../../../../arm-none-eabi/lib/armv7-m\libc.a(lib_a-makebuf.o)
                0x00406f6c                __smakebuf_r
 .text.malloc   0x0040704c       0x10 c:/program files (x86)/atmel/atmel toolchain/arm gcc/native/4.8.1443/arm-gnu-toolchain/bin/../lib/gcc/arm-none-eabi/4.8.4/../../../../arm-none-eabi/lib/armv7-m\libc.a(lib_a-malloc.o)
                0x0040704c                malloc
 .text._malloc_r
                0x0040705c      0x538 c:/program files (x86)/atmel/atmel toolchain/arm gcc/native/4.8.1443/arm-gnu-toolchain/bin/../lib/gcc/arm-none-eabi/4.8.4/../../../../arm-none-eabi/lib/armv7-m\libc.a(lib_a-mallocr.o)
                0x0040705c                _malloc_r
 .text.memchr   0x00407594       0x94 c:/program files (x86)/atmel/atmel toolchain/arm gcc/native/4.8.1443/arm-gnu-toolchain/bin/../lib/gcc/arm-none-eabi/4.8.4/../../../../arm-none-eabi/lib/armv7-m\libc.a(lib_a-memchr-stub.o)
                0x00407594                memchr
 .text          0x00407628       0xec c:/program files (x86)/atmel/atmel toolchain/arm gcc/native/4.8.1443/arm-gnu-toolchain/bin/../lib/gcc/arm-none-eabi/4.8.4/../../../../arm-none-eabi/lib/armv7-m\libc.a(lib_a-memcpy.o)
                0x00407628                memcpy
 .text.memmove  0x00407714       0xcc c:/program files (x86)/atmel/atmel toolchain/arm gcc/native/4.8.1443/arm-gnu-toolchain/bin/../lib/gcc/arm-none-eabi/4.8.4/../../../../arm-none-eabi/lib/armv7-m\libc.a(lib_a-memmove.o)
                0x00407714                memmove
 .text.__malloc_lock
                0x004077e0        0x4 c:/program files (x86)/atmel/atmel toolchain/arm gcc/native/4.8.1443/arm-gnu-toolchain/bin/../lib/gcc/arm-none-eabi/4.8.4/../../../../arm-none-eabi/lib/armv7-m\libc.a(lib_a-mlock.o)
                0x004077e0                __malloc_lock
 .text.__malloc_unlock
                0x004077e4        0x4 c:/program files (x86)/atmel/atmel toolchain/arm gcc/native/4.8.1443/arm-gnu-toolchain/bin/../lib/gcc/arm-none-eabi/4.8.4/../../../../arm-none-eabi/lib/armv7-m\libc.a(lib_a-mlock.o)
                0x004077e4                __malloc_unlock
 .text._Balloc  0x004077e8       0x4c c:/program files (x86)/atmel/atmel toolchain/arm gcc/native/4.8.1443/arm-gnu-toolchain/bin/../lib/gcc/arm-none-eabi/4.8.4/../../../../arm-none-eabi/lib/armv7-m\libc.a(lib_a-mprec.o)
                0x004077e8                _Balloc
 .text._Bfree   0x00407834       0x14 c:/program files (x86)/atmel/atmel toolchain/arm gcc/native/4.8.1443/arm-gnu-toolchain/bin/../lib/gcc/arm-none-eabi/4.8.4/../../../../arm-none-eabi/lib/armv7-m\libc.a(lib_a-mprec.o)
                0x00407834                _Bfree
 .text.__multadd
                0x00407848       0x94 c:/program files (x86)/atmel/atmel toolchain/arm gcc/native/4.8.1443/arm-gnu-toolchain/bin/../lib/gcc/arm-none-eabi/4.8.4/../../../../arm-none-eabi/lib/armv7-m\libc.a(lib_a-mprec.o)
                0x00407848                __multadd
 .text.__hi0bits
                0x004078dc       0x40 c:/program files (x86)/atmel/atmel toolchain/arm gcc/native/4.8.1443/arm-gnu-toolchain/bin/../lib/gcc/arm-none-eabi/4.8.4/../../../../arm-none-eabi/lib/armv7-m\libc.a(lib_a-mprec.o)
                0x004078dc                __hi0bits
 .text.__lo0bits
                0x0040791c       0x5c c:/program files (x86)/atmel/atmel toolchain/arm gcc/native/4.8.1443/arm-gnu-toolchain/bin/../lib/gcc/arm-none-eabi/4.8.4/../../../../arm-none-eabi/lib/armv7-m\libc.a(lib_a-mprec.o)
                0x0040791c                __lo0bits
 .text.__i2b    0x00407978       0x14 c:/program files (x86)/atmel/atmel toolchain/arm gcc/native/4.8.1443/arm-gnu-toolchain/bin/../lib/gcc/arm-none-eabi/4.8.4/../../../../arm-none-eabi/lib/armv7-m\libc.a(lib_a-mprec.o)
                0x00407978                __i2b
 .text.__multiply
                0x0040798c      0x13c c:/program files (x86)/atmel/atmel toolchain/arm gcc/native/4.8.1443/arm-gnu-toolchain/bin/../lib/gcc/arm-none-eabi/4.8.4/../../../../arm-none-eabi/lib/armv7-m\libc.a(lib_a-mprec.o)
                0x0040798c                __multiply
 .text.__pow5mult
                0x00407ac8       0x9c c:/program files (x86)/atmel/atmel toolchain/arm gcc/native/4.8.1443/arm-gnu-toolchain/bin/../lib/gcc/arm-none-eabi/4.8.4/../../../../arm-none-eabi/lib/armv7-m\libc.a(lib_a-mprec.o)
                0x00407ac8                __pow5mult
 .text.__lshift
                0x00407b64       0xbc c:/program files (x86)/atmel/atmel toolchain/arm gcc/native/4.8.1443/arm-gnu-toolchain/bin/../lib/gcc/arm-none-eabi/4.8.4/../../../../arm-none-eabi/lib/armv7-m\libc.a(lib_a-mprec.o)
                0x00407b64                __lshift
 .text.__mcmp   0x00407c20       0x48 c:/program files (x86)/atmel/atmel toolchain/arm gcc/native/4.8.1443/arm-gnu-toolchain/bin/../lib/gcc/arm-none-eabi/4.8.4/../../../../arm-none-eabi/lib/armv7-m\libc.a(lib_a-mprec.o)
                0x00407c20                __mcmp
 .text.__mdiff  0x00407c68       0xd8 c:/program files (x86)/atmel/atmel toolchain/arm gcc/native/4.8.1443/arm-gnu-toolchain/bin/../lib/gcc/arm-none-eabi/4.8.4/../../../../arm-none-eabi/lib/armv7-m\libc.a(lib_a-mprec.o)
                0x00407c68                __mdiff
 .text.__d2b    0x00407d40       0xbc c:/program files (x86)/atmel/atmel toolchain/arm gcc/native/4.8.1443/arm-gnu-toolchain/bin/../lib/gcc/arm-none-eabi/4.8.4/../../../../arm-none-eabi/lib/armv7-m\libc.a(lib_a-mprec.o)
                0x00407d40                __d2b
 .text._realloc_r
                0x00407dfc      0x3c0 c:/program files (x86)/atmel/atmel toolchain/arm gcc/native/4.8.1443/arm-gnu-toolchain/bin/../lib/gcc/arm-none-eabi/4.8.4/../../../../arm-none-eabi/lib/armv7-m\libc.a(lib_a-reallocr.o)
                0x00407dfc                _realloc_r
 .text.__fpclassifyd
                0x004081bc       0x50 c:/program files (x86)/atmel/atmel toolchain/arm gcc/native/4.8.1443/arm-gnu-toolchain/bin/../lib/gcc/arm-none-eabi/4.8.4/../../../../arm-none-eabi/lib/armv7-m\libc.a(lib_a-s_fpclassify.o)
                0x004081bc                __fpclassifyd
 .text._sbrk_r  0x0040820c       0x24 c:/program files (x86)/atmel/atmel toolchain/arm gcc/native/4.8.1443/arm-gnu-toolchain/bin/../lib/gcc/arm-none-eabi/4.8.4/../../../../arm-none-eabi/lib/armv7-m\libc.a(lib_a-sbrkr.o)
                0x0040820c                _sbrk_r
 .text.__sread  0x00408230       0x24 c:/program files (x86)/atmel/atmel toolchain/arm gcc/native/4.8.1443/arm-gnu-toolchain/bin/../lib/gcc/arm-none-eabi/4.8.4/../../../../arm-none-eabi/lib/armv7-m\libc.a(lib_a-stdio.o)
                0x00408230                __sread
 .text.__swrite
                0x00408254       0x38 c:/program files (x86)/atmel/atmel toolchain/arm gcc/native/4.8.1443/arm-gnu-toolchain/bin/../lib/gcc/arm-none-eabi/4.8.4/../../../../arm-none-eabi/lib/armv7-m\libc.a(lib_a-stdio.o)
                0x00408254                __swrite
 .text.__sseek  0x0040828c       0x20 c:/program files (x86)/atmel/atmel toolchain/arm gcc/native/4.8.1443/arm-gnu-toolchain/bin/../lib/gcc/arm-none-eabi/4.8.4/../../../../arm-none-eabi/lib/armv7-m\libc.a(lib_a-stdio.o)
                0x0040828c                __sseek
 .text.__sclose
                0x004082ac        0x8 c:/program files (x86)/atmel/atmel toolchain/arm gcc/native/4.8.1443/arm-gnu-toolchain/bin/../lib/gcc/arm-none-eabi/4.8.4/../../../../arm-none-eabi/lib/armv7-m\libc.a(lib_a-stdio.o)
                0x004082ac                __sclose
 .text.strlen   0x004082b4       0x60 c:/program files (x86)/atmel/atmel toolchain/arm gcc/native/4.8.1443/arm-gnu-toolchain/bin/../lib/gcc/arm-none-eabi/4.8.4/../../../../arm-none-eabi/lib/armv7-m\libc.a(lib_a-strlen.o)
                0x004082b4                strlen
 .text.__ssprint_r
                0x00408314      0x100 c:/program files (x86)/atmel/atmel toolchain/arm gcc/native/4.8.1443/arm-gnu-toolchain/bin/../lib/gcc/arm-none-eabi/4.8.4/../../../../arm-none-eabi/lib/armv7-m\libc.a(lib_a-svfiprintf.o)
                0x00408314                __ssprint_r
 .text.__swbuf_r
                0x00408414       0xa8 c:/program files (x86)/atmel/atmel toolchain/arm gcc/native/4.8.1443/arm-gnu-toolchain/bin/../lib/gcc/arm-none-eabi/4.8.4/../../../../arm-none-eabi/lib/armv7-m\libc.a(lib_a-wbuf.o)
                0x00408414                __swbuf_r
 .text._wcrtomb_r
                0x004084bc       0x50 c:/program files (x86)/atmel/atmel toolchain/arm gcc/native/4.8.1443/arm-gnu-toolchain/bin/../lib/gcc/arm-none-eabi/4.8.4/../../../../arm-none-eabi/lib/armv7-m\libc.a(lib_a-wcrtomb.o)
                0x004084bc                _wcrtomb_r
 .text.__ascii_wctomb
                0x0040850c       0x1c c:/program files (x86)/atmel/atmel toolchain/arm gcc/native/4.8.1443/arm-gnu-toolchain/bin/../lib/gcc/arm-none-eabi/4.8.4/../../../../arm-none-eabi/lib/armv7-m\libc.a(lib_a-wctomb_r.o)
                0x0040850c                __ascii_wctomb
 .text._write_r
                0x00408528       0x28 c:/program files (x86)/atmel/atmel toolchain/arm gcc/native/4.8.1443/arm-gnu-toolchain/bin/../lib/gcc/arm-none-eabi/4.8.4/../../../../arm-none-eabi/lib/armv7-m\libc.a(lib_a-writer.o)
                0x00408528                _write_r
 .text.__register_exitproc
                0x00408550       0xa8 c:/program files (x86)/atmel/atmel toolchain/arm gcc/native/4.8.1443/arm-gnu-toolchain/bin/../lib/gcc/arm-none-eabi/4.8.4/../../../../arm-none-eabi/lib/armv7-m\libc.a(lib_a-__atexit.o)
                0x00408550                __register_exitproc
 .text._calloc_r
                0x004085f8       0x60 c:/program files (x86)/atmel/atmel toolchain/arm gcc/native/4.8.1443/arm-gnu-toolchain/bin/../lib/gcc/arm-none-eabi/4.8.4/../../../../arm-none-eabi/lib/armv7-m\libc.a(lib_a-callocr.o)
                0x004085f8                _calloc_r
 .text._close_r
                0x00408658       0x24 c:/program files (x86)/atmel/atmel toolchain/arm gcc/native/4.8.1443/arm-gnu-toolchain/bin/../lib/gcc/arm-none-eabi/4.8.4/../../../../arm-none-eabi/lib/armv7-m\libc.a(lib_a-closer.o)
                0x00408658                _close_r
 .text._fclose_r
                0x0040867c       0x80 c:/program files (x86)/atmel/atmel toolchain/arm gcc/native/4.8.1443/arm-gnu-toolchain/bin/../lib/gcc/arm-none-eabi/4.8.4/../../../../arm-none-eabi/lib/armv7-m\libc.a(lib_a-fclose.o)
                0x0040867c                _fclose_r
 .text.fclose   0x004086fc       0x10 c:/program files (x86)/atmel/atmel toolchain/arm gcc/native/4.8.1443/arm-gnu-toolchain/bin/../lib/gcc/arm-none-eabi/4.8.4/../../../../arm-none-eabi/lib/armv7-m\libc.a(lib_a-fclose.o)
                0x004086fc                fclose
 .text._fstat_r
                0x0040870c       0x28 c:/program files (x86)/atmel/atmel toolchain/arm gcc/native/4.8.1443/arm-gnu-toolchain/bin/../lib/gcc/arm-none-eabi/4.8.4/../../../../arm-none-eabi/lib/armv7-m\libc.a(lib_a-fstatr.o)
                0x0040870c                _fstat_r
 .text._isatty_r
                0x00408734       0x24 c:/program files (x86)/atmel/atmel toolchain/arm gcc/native/4.8.1443/arm-gnu-toolchain/bin/../lib/gcc/arm-none-eabi/4.8.4/../../../../arm-none-eabi/lib/armv7-m\libc.a(lib_a-isattyr.o)
                0x00408734                _isatty_r
 .text._lseek_r
                0x00408758       0x28 c:/program files (x86)/atmel/atmel toolchain/arm gcc/native/4.8.1443/arm-gnu-toolchain/bin/../lib/gcc/arm-none-eabi/4.8.4/../../../../arm-none-eabi/lib/armv7-m\libc.a(lib_a-lseekr.o)
                0x00408758                _lseek_r
 .text._read_r  0x00408780       0x28 c:/program files (x86)/atmel/atmel toolchain/arm gcc/native/4.8.1443/arm-gnu-toolchain/bin/../lib/gcc/arm-none-eabi/4.8.4/../../../../arm-none-eabi/lib/armv7-m\libc.a(lib_a-readr.o)
                0x00408780                _read_r
 .text          0x004087a8      0x370 c:/program files (x86)/atmel/atmel toolchain/arm gcc/native/4.8.1443/arm-gnu-toolchain/bin/../lib/gcc/arm-none-eabi/4.8.4/armv7-m\libgcc.a(_arm_addsubdf3.o)
                0x004087a8                __aeabi_drsub
                0x004087b0                __aeabi_dsub
                0x004087b0                __subdf3
                0x004087b4                __aeabi_dadd
                0x004087b4                __adddf3
                0x00408a2c                __floatunsidf
                0x00408a2c                __aeabi_ui2d
                0x00408a4c                __floatsidf
                0x00408a4c                __aeabi_i2d
                0x00408a70                __aeabi_f2d
                0x00408a70                __extendsfdf2
                0x00408aac                __floatundidf
                0x00408aac                __aeabi_ul2d
                0x00408abc                __floatdidf
                0x00408abc                __aeabi_l2d
 .text          0x00408b18      0x424 c:/program files (x86)/atmel/atmel toolchain/arm gcc/native/4.8.1443/arm-gnu-toolchain/bin/../lib/gcc/arm-none-eabi/4.8.4/armv7-m\libgcc.a(_arm_muldivdf3.o)
                0x00408b18                __aeabi_dmul
                0x00408b18                __muldf3
                0x00408d6c                __divdf3
                0x00408d6c                __aeabi_ddiv
 .text          0x00408f3c      0x110 c:/program files (x86)/atmel/atmel toolchain/arm gcc/native/4.8.1443/arm-gnu-toolchain/bin/../lib/gcc/arm-none-eabi/4.8.4/armv7-m\libgcc.a(_arm_cmpdf2.o)
                0x00408f3c                __gtdf2
                0x00408f3c                __gedf2
                0x00408f44                __ltdf2
                0x00408f44                __ledf2
                0x00408f4c                __nedf2
                0x00408f4c                __eqdf2
                0x00408f4c                __cmpdf2
                0x00408fc8                __aeabi_cdrcmple
                0x00408fd8                __aeabi_cdcmpeq
                0x00408fd8                __aeabi_cdcmple
                0x00408fe8                __aeabi_dcmpeq
                0x00408ffc                __aeabi_dcmplt
                0x00409010                __aeabi_dcmple
                0x00409024                __aeabi_dcmpge
                0x00409038                __aeabi_dcmpgt
 .text          0x0040904c       0x50 c:/program files (x86)/atmel/atmel toolchain/arm gcc/native/4.8.1443/arm-gnu-toolchain/bin/../lib/gcc/arm-none-eabi/4.8.4/armv7-m\libgcc.a(_arm_fixdfsi.o)
                0x0040904c                __aeabi_d2iz
                0x0040904c                __fixdfsi
 .text          0x0040909c       0x2c c:/program files (x86)/atmel/atmel toolchain/arm gcc/native/4.8.1443/arm-gnu-toolchain/bin/../lib/gcc/arm-none-eabi/4.8.4/armv7-m\libgcc.a(_aeabi_uldivmod.o)
                0x0040909c                __aeabi_uldivmod
 .text          0x004090c8       0x60 c:/program files (x86)/atmel/atmel toolchain/arm gcc/native/4.8.1443/arm-gnu-toolchain/bin/../lib/gcc/arm-none-eabi/4.8.4/armv7-m\libgcc.a(bpabi.o)
                0x004090c8                __gnu_ldivmod_helper
                0x004090f8                __gnu_uldivmod_helper
 .text          0x00409128        0x4 c:/program files (x86)/atmel/atmel toolchain/arm gcc/native/4.8.1443/arm-gnu-toolchain/bin/../lib/gcc/arm-none-eabi/4.8.4/armv7-m\libgcc.a(_dvmd_tls.o)
                0x00409128                __aeabi_idiv0
                0x00409128                __aeabi_ldiv0
 .text          0x0040912c      0x2a0 c:/program files (x86)/atmel/atmel toolchain/arm gcc/native/4.8.1443/arm-gnu-toolchain/bin/../lib/gcc/arm-none-eabi/4.8.4/armv7-m\libgcc.a(_divdi3.o)
                0x0040912c                __divdi3
 .text          0x004093cc      0x290 c:/program files (x86)/atmel/atmel toolchain/arm gcc/native/4.8.1443/arm-gnu-toolchain/bin/../lib/gcc/arm-none-eabi/4.8.4/armv7-m\libgcc.a(_udivdi3.o)
                0x004093cc                __udivdi3
 *(.glue_7t)
 .glue_7t       0x00000000        0x0 linker stubs
 *(.glue_7)
 .glue_7        0x00000000        0x0 linker stubs
 *(.rodata .rodata* .gnu.linkonce.r.*)
 .rodata.str1.4
                0x0040965c       0x41 src/six_step.o
                                 0x44 (size before relaxing)
 *fill*         0x0040969d        0x3 
 .rodata.p_uc_charset10x14
                0x004096a0      0x780 src/ASF/sam/components/display/ili9225/ili9225.o
                0x004096a0                p_uc_charset10x14
 .rodata.str1.4
                0x00409e20        0x6 src/lcd_aux.o
                                  0x8 (size before relaxing)
 *fill*         0x00409e26        0x2 
 .rodata.str1.4
                0x00409e28      0x3a6 src/main.o
                                0x3e0 (size before relaxing)
 *fill*         0x0040a1ce        0x2 
 .rodata        0x0040a1d0       0x2c src/ASF/sam/drivers/pwm/pwm.o
 .rodata.str1.4
                0x0040a1fc        0x2 c:/program files (x86)/atmel/atmel toolchain/arm gcc/native/4.8.1443/arm-gnu-toolchain/bin/../lib/gcc/arm-none-eabi/4.8.4/../../../../arm-none-eabi/lib/armv7-m\libc.a(lib_a-impure.o)
                                  0x4 (size before relaxing)
 *fill*         0x0040a1fe        0x2 
 .rodata._global_impure_ptr
                0x0040a200        0x4 c:/program files (x86)/atmel/atmel toolchain/arm gcc/native/4.8.1443/arm-gnu-toolchain/bin/../lib/gcc/arm-none-eabi/4.8.4/../../../../arm-none-eabi/lib/armv7-m\libc.a(lib_a-impure.o)
                0x0040a200                _global_impure_ptr
 .rodata.zeroes.6763
                0x0040a204       0x10 c:/program files (x86)/atmel/atmel toolchain/arm gcc/native/4.8.1443/arm-gnu-toolchain/bin/../lib/gcc/arm-none-eabi/4.8.4/../../../../arm-none-eabi/lib/armv7-m\libc.a(lib_a-svfprintf.o)
 .rodata.str1.4
                0x0040a214       0x42 c:/program files (x86)/atmel/atmel toolchain/arm gcc/native/4.8.1443/arm-gnu-toolchain/bin/../lib/gcc/arm-none-eabi/4.8.4/../../../../arm-none-eabi/lib/armv7-m\libc.a(lib_a-svfprintf.o)
                                 0x44 (size before relaxing)
 *fill*         0x0040a256        0x2 
 .rodata.blanks.6762
                0x0040a258       0x10 c:/program files (x86)/atmel/atmel toolchain/arm gcc/native/4.8.1443/arm-gnu-toolchain/bin/../lib/gcc/arm-none-eabi/4.8.4/../../../../arm-none-eabi/lib/armv7-m\libc.a(lib_a-svfprintf.o)
 .rodata.str1.4
                0x00000000       0x30 c:/program files (x86)/atmel/atmel toolchain/arm gcc/native/4.8.1443/arm-gnu-toolchain/bin/../lib/gcc/arm-none-eabi/4.8.4/../../../../arm-none-eabi/lib/armv7-m\libc.a(lib_a-vfiprintf.o)
 .rodata.zeroes.6721
                0x0040a268       0x10 c:/program files (x86)/atmel/atmel toolchain/arm gcc/native/4.8.1443/arm-gnu-toolchain/bin/../lib/gcc/arm-none-eabi/4.8.4/../../../../arm-none-eabi/lib/armv7-m\libc.a(lib_a-vfiprintf.o)
 .rodata.blanks.6720
                0x0040a278       0x10 c:/program files (x86)/atmel/atmel toolchain/arm gcc/native/4.8.1443/arm-gnu-toolchain/bin/../lib/gcc/arm-none-eabi/4.8.4/../../../../arm-none-eabi/lib/armv7-m\libc.a(lib_a-vfiprintf.o)
 .rodata.str1.4
                0x0040a288       0x10 c:/program files (x86)/atmel/atmel toolchain/arm gcc/native/4.8.1443/arm-gnu-toolchain/bin/../lib/gcc/arm-none-eabi/4.8.4/../../../../arm-none-eabi/lib/armv7-m\libc.a(lib_a-dtoa.o)
                                 0x14 (size before relaxing)
 .rodata.str1.4
                0x0040a298        0xc c:/program files (x86)/atmel/atmel toolchain/arm gcc/native/4.8.1443/arm-gnu-toolchain/bin/../lib/gcc/arm-none-eabi/4.8.4/../../../../arm-none-eabi/lib/armv7-m\libc.a(lib_a-locale.o)
                                 0x14 (size before relaxing)
 *fill*         0x0040a2a4        0x4 
 .rodata.__mprec_tens
                0x0040a2a8       0xc8 c:/program files (x86)/atmel/atmel toolchain/arm gcc/native/4.8.1443/arm-gnu-toolchain/bin/../lib/gcc/arm-none-eabi/4.8.4/../../../../arm-none-eabi/lib/armv7-m\libc.a(lib_a-mprec.o)
                0x0040a2a8                __mprec_tens
 .rodata.__mprec_bigtens
                0x0040a370       0x28 c:/program files (x86)/atmel/atmel toolchain/arm gcc/native/4.8.1443/arm-gnu-toolchain/bin/../lib/gcc/arm-none-eabi/4.8.4/../../../../arm-none-eabi/lib/armv7-m\libc.a(lib_a-mprec.o)
                0x0040a370                __mprec_bigtens
 .rodata.p05.5269
                0x0040a398        0xc c:/program files (x86)/atmel/atmel toolchain/arm gcc/native/4.8.1443/arm-gnu-toolchain/bin/../lib/gcc/arm-none-eabi/4.8.4/../../../../arm-none-eabi/lib/armv7-m\libc.a(lib_a-mprec.o)
 *(.ARM.extab* .gnu.linkonce.armextab.*)
                0x0040a3a4                . = ALIGN (0x4)
 *(.init)
 .init          0x0040a3a4        0x4 c:/program files (x86)/atmel/atmel toolchain/arm gcc/native/4.8.1443/arm-gnu-toolchain/bin/../lib/gcc/arm-none-eabi/4.8.4/armv7-m/crti.o
                0x0040a3a4                _init
 .init          0x0040a3a8        0x8 c:/program files (x86)/atmel/atmel toolchain/arm gcc/native/4.8.1443/arm-gnu-toolchain/bin/../lib/gcc/arm-none-eabi/4.8.4/armv7-m/crtn.o
                0x0040a3b0                . = ALIGN (0x4)
                0x0040a3b0                __preinit_array_start = .
 *(.preinit_array)
                0x0040a3b0                __preinit_array_end = .
                0x0040a3b0                . = ALIGN (0x4)
                0x0040a3b0                __init_array_start = .
 *(SORT(.init_array.*))
 .init_array.00000
                0x0040a3b0        0x4 c:/program files (x86)/atmel/atmel toolchain/arm gcc/native/4.8.1443/arm-gnu-toolchain/bin/../lib/gcc/arm-none-eabi/4.8.4/../../../../arm-none-eabi/lib/armv7-m\libc.a(lib_a-__call_atexit.o)
 *(.init_array)
 .init_array    0x0040a3b4        0x4 c:/program files (x86)/atmel/atmel toolchain/arm gcc/native/4.8.1443/arm-gnu-toolchain/bin/../lib/gcc/arm-none-eabi/4.8.4/armv7-m/crtbegin.o
                0x0040a3b8                __init_array_end = .
                0x0040a3b8                . = ALIGN (0x4)
 *crtbegin.o(.ctors)
 *(EXCLUDE_FILE(*crtend.o) .ctors)
 *(SORT(.ctors.*))
 *crtend.o(.ctors)
                0x0040a3b8                . = ALIGN (0x4)
 *(.fini)
 .fini          0x0040a3b8        0x4 c:/program files (x86)/atmel/atmel toolchain/arm gcc/native/4.8.1443/arm-gnu-toolchain/bin/../lib/gcc/arm-none-eabi/4.8.4/armv7-m/crti.o
                0x0040a3b8                _fini
 .fini          0x0040a3bc        0x8 c:/program files (x86)/atmel/atmel toolchain/arm gcc/native/4.8.1443/arm-gnu-toolchain/bin/../lib/gcc/arm-none-eabi/4.8.4/armv7-m/crtn.o
                0x0040a3c4                . = ALIGN (0x4)
                0x0040a3c4                __fini_array_start = .
 *(.fini_array)
 .fini_array    0x0040a3c4        0x4 c:/program files (x86)/atmel/atmel toolchain/arm gcc/native/4.8.1443/arm-gnu-toolchain/bin/../lib/gcc/arm-none-eabi/4.8.4/armv7-m/crtbegin.o
 *(SORT(.fini_array.*))
                0x0040a3c8                __fini_array_end = .
 *crtbegin.o(.dtors)
 *(EXCLUDE_FILE(*crtend.o) .dtors)
 *(SORT(.dtors.*))
 *crtend.o(.dtors)
                0x0040a3c8                . = ALIGN (0x4)
                0x0040a3c8                _efixed = .
                0x0040a3c8                PROVIDE (__exidx_start, .)

.vfp11_veneer   0x0040a3c8        0x0
 .vfp11_veneer  0x00000000        0x0 linker stubs

.v4_bx          0x0040a3c8        0x0
 .v4_bx         0x00000000        0x0 linker stubs

.iplt           0x0040a3c8        0x0
 .iplt          0x00000000        0x0 c:/program files (x86)/atmel/atmel toolchain/arm gcc/native/4.8.1443/arm-gnu-toolchain/bin/../lib/gcc/arm-none-eabi/4.8.4/armv7-m/crtbegin.o

.ARM.exidx      0x0040a3c8        0x8
 *(.ARM.exidx* .gnu.linkonce.armexidx.*)
 .ARM.exidx     0x0040a3c8        0x8 c:/program files (x86)/atmel/atmel toolchain/arm gcc/native/4.8.1443/arm-gnu-toolchain/bin/../lib/gcc/arm-none-eabi/4.8.4/armv7-m\libgcc.a(_divdi3.o)
 .ARM.exidx     0x0040a3d0        0x0 c:/program files (x86)/atmel/atmel toolchain/arm gcc/native/4.8.1443/arm-gnu-toolchain/bin/../lib/gcc/arm-none-eabi/4.8.4/armv7-m\libgcc.a(_udivdi3.o)
                                  0x8 (size before relaxing)
                0x0040a3d0                PROVIDE (__exidx_end, .)

.eh_frame       0x0040a3d0        0x0
 .eh_frame      0x0040a3d0        0x0 c:/program files (x86)/atmel/atmel toolchain/arm gcc/native/4.8.1443/arm-gnu-toolchain/bin/../lib/gcc/arm-none-eabi/4.8.4/armv7-m/crtbegin.o

.rel.dyn        0x0040a3d0        0x0
 .rel.iplt      0x00000000        0x0 c:/program files (x86)/atmel/atmel toolchain/arm gcc/native/4.8.1443/arm-gnu-toolchain/bin/../lib/gcc/arm-none-eabi/4.8.4/armv7-m/crtbegin.o

.jcr            0x0040a3d0        0x0
 .jcr           0x0040a3d0        0x0 c:/program files (x86)/atmel/atmel toolchain/arm gcc/native/4.8.1443/arm-gnu-toolchain/bin/../lib/gcc/arm-none-eabi/4.8.4/armv7-m/crtbegin.o

.igot.plt       0x0040a3d0        0x0
 .igot.plt      0x00000000        0x0 c:/program files (x86)/atmel/atmel toolchain/arm gcc/native/4.8.1443/arm-gnu-toolchain/bin/../lib/gcc/arm-none-eabi/4.8.4/armv7-m/crtbegin.o
                0x0040a3d0                . = ALIGN (0x4)
                0x0040a3d0                _etext = .

.relocate       0x20000000      0x98c load address 0x0040a3d0
                0x20000000                . = ALIGN (0x4)
                0x20000000                _srelocate = .
 *(.ramfunc .ramfunc.*)
 .ramfunc       0x20000000       0xe4 src/ASF/sam/utils/cmsis/sam3n/source/templates/system_sam3n.o
                0x20000000                SystemInit
                0x200000a0                system_init_flash
 *(.data .data.*)
 .data.qt_measurement_period_msec
                0x200000e4        0x2 src/main.o
                0x200000e4                qt_measurement_period_msec
 .data.sub.8030
                0x200000e6        0x1 src/main.o
 *fill*         0x200000e7        0x1 
 .data.SystemCoreClock
                0x200000e8        0x4 src/ASF/sam/utils/cmsis/sam3n/source/templates/system_sam3n.o
                0x200000e8                SystemCoreClock
 .data          0x200000ec        0x1 ../src/ASF/thirdparty/qtouch/generic/sam/qtouch/lib/gcc\libsam3n-32qt-k-8rs-gnu.a(touch_api.o)
                0x200000ec                freq_shift
 *fill*         0x200000ed        0x3 
 .data.impure_data
                0x200000f0      0x428 c:/program files (x86)/atmel/atmel toolchain/arm gcc/native/4.8.1443/arm-gnu-toolchain/bin/../lib/gcc/arm-none-eabi/4.8.4/../../../../arm-none-eabi/lib/armv7-m\libc.a(lib_a-impure.o)
 .data._impure_ptr
                0x20000518        0x4 c:/program files (x86)/atmel/atmel toolchain/arm gcc/native/4.8.1443/arm-gnu-toolchain/bin/../lib/gcc/arm-none-eabi/4.8.4/../../../../arm-none-eabi/lib/armv7-m\libc.a(lib_a-impure.o)
                0x20000518                _impure_ptr
 .data.lconv    0x2000051c       0x38 c:/program files (x86)/atmel/atmel toolchain/arm gcc/native/4.8.1443/arm-gnu-toolchain/bin/../lib/gcc/arm-none-eabi/4.8.4/../../../../arm-none-eabi/lib/armv7-m\libc.a(lib_a-locale.o)
 .data.lc_ctype_charset
                0x20000554       0x20 c:/program files (x86)/atmel/atmel toolchain/arm gcc/native/4.8.1443/arm-gnu-toolchain/bin/../lib/gcc/arm-none-eabi/4.8.4/../../../../arm-none-eabi/lib/armv7-m\libc.a(lib_a-locale.o)
 .data.__mb_cur_max
                0x20000574        0x4 c:/program files (x86)/atmel/atmel toolchain/arm gcc/native/4.8.1443/arm-gnu-toolchain/bin/../lib/gcc/arm-none-eabi/4.8.4/../../../../arm-none-eabi/lib/armv7-m\libc.a(lib_a-locale.o)
                0x20000574                __mb_cur_max
 .data.__malloc_av_
                0x20000578      0x408 c:/program files (x86)/atmel/atmel toolchain/arm gcc/native/4.8.1443/arm-gnu-toolchain/bin/../lib/gcc/arm-none-eabi/4.8.4/../../../../arm-none-eabi/lib/armv7-m\libc.a(lib_a-mallocr.o)
                0x20000578                __malloc_av_
 .data.__malloc_trim_threshold
                0x20000980        0x4 c:/program files (x86)/atmel/atmel toolchain/arm gcc/native/4.8.1443/arm-gnu-toolchain/bin/../lib/gcc/arm-none-eabi/4.8.4/../../../../arm-none-eabi/lib/armv7-m\libc.a(lib_a-mallocr.o)
                0x20000980                __malloc_trim_threshold
 .data.__malloc_sbrk_base
                0x20000984        0x4 c:/program files (x86)/atmel/atmel toolchain/arm gcc/native/4.8.1443/arm-gnu-toolchain/bin/../lib/gcc/arm-none-eabi/4.8.4/../../../../arm-none-eabi/lib/armv7-m\libc.a(lib_a-mallocr.o)
                0x20000984                __malloc_sbrk_base
 .data.__wctomb
                0x20000988        0x4 c:/program files (x86)/atmel/atmel toolchain/arm gcc/native/4.8.1443/arm-gnu-toolchain/bin/../lib/gcc/arm-none-eabi/4.8.4/../../../../arm-none-eabi/lib/armv7-m\libc.a(lib_a-wctomb_r.o)
                0x20000988                __wctomb
                0x2000098c                . = ALIGN (0x4)
                0x2000098c                _erelocate = .

.bss            0x2000098c      0x4e0 load address 0x0040ad5c
                0x2000098c                . = ALIGN (0x4)
                0x2000098c                _sbss = .
                0x2000098c                _szero = .
 *(.bss .bss.*)
 .bss           0x2000098c       0x1c c:/program files (x86)/atmel/atmel toolchain/arm gcc/native/4.8.1443/arm-gnu-toolchain/bin/../lib/gcc/arm-none-eabi/4.8.4/armv7-m/crtbegin.o
 .bss.g_ul_pixel_cache
                0x200009a8      0x160 src/ASF/sam/components/display/ili9225/ili9225.o
 .bss.g_by_transfend_flag
                0x20000b08        0x1 src/ASF/sam/components/display/ili9225/ili9225.o
 *fill*         0x20000b09        0x3 
 .bss.g_ili9225_display_opt.7982
                0x20000b0c       0x10 src/lcd_aux.o
 .bss.hall_1    0x20000b1c        0x4 src/main.o
                0x20000b1c                hall_1
 .bss.phase_aux.8071
                0x20000b20        0x1 src/main.o
 *fill*         0x20000b21        0x3 
 .bss.ul_duty2.8045
                0x20000b24        0x4 src/main.o
 .bss.ul_count2.8029
                0x20000b28        0x4 src/main.o
 .bss.hall_3_aux.8074
                0x20000b2c        0x4 src/main.o
 .bss.ensaio    0x20000b30        0x1 src/main.o
                0x20000b30                ensaio
 *fill*         0x20000b31        0x3 
 .bss.hall_2    0x20000b34        0x4 src/main.o
                0x20000b34                hall_2
 .bss.hall_3    0x20000b38        0x4 src/main.o
                0x20000b38                hall_3
 .bss.current_time_ms_touch
                0x20000b3c        0x2 src/main.o
 *fill*         0x20000b3e        0x2 
 .bss.low1.8049
                0x20000b40        0x4 src/main.o
 .bss.high2.8048
                0x20000b44        0x4 src/main.o
 .bss.flag_hab_m
                0x20000b48        0x1 src/main.o
 *fill*         0x20000b49        0x3 
 .bss.ul_count.8028
                0x20000b4c        0x4 src/main.o
 .bss.hall_code.8043
                0x20000b50        0x1 src/main.o
 .bss.old_position.8068
                0x20000b51        0x1 src/main.o
 *fill*         0x20000b52        0x2 
 .bss.ul_duty1.8044
                0x20000b54        0x4 src/main.o
 .bss.ul_duty3.8046
                0x20000b58        0x4 src/main.o
 .bss.hall_1_aux.8072
                0x20000b5c        0x4 src/main.o
 .bss.hall_2_aux.8073
                0x20000b60        0x4 src/main.o
 .bss.ul_duty   0x20000b64        0x4 src/main.o
 .bss.ul_duty_aux.8075
                0x20000b68        0x4 src/main.o
 .bss.motor_run
                0x20000b6c        0x1 src/main.o
                0x20000b6c                motor_run
 *fill*         0x20000b6d        0x3 
 .bss.high1.8047
                0x20000b70        0x4 src/main.o
 .bss.sel_rot   0x20000b74        0x1 src/main.o
 .bss.motor_aux
                0x20000b75        0x1 src/main.o
                0x20000b75                motor_aux
 .bss.phase     0x20000b76        0x1 src/main.o
                0x20000b76                phase
 .bss.time_to_measure_touch
                0x20000b77        0x1 src/main.o
 .bss.gs_ul_nb_sources
                0x20000b78        0x4 src/ASF/sam/drivers/pio/pio_handler.o
 .bss.gs_interrupt_sources
                0x20000b7c       0x70 src/ASF/sam/drivers/pio/pio_handler.o
 .bss.heap.5098
                0x20000bec        0x4 src/ASF/sam/utils/syscalls/gcc/syscalls.o
 .bss           0x20000bf0        0x3 ../src/ASF/thirdparty/qtouch/generic/sam/qtouch/lib/gcc\libsam3n-32qt-k-8rs-gnu.a(burst_3_CC.o)
 *fill*         0x20000bf3        0x1 
 .bss           0x20000bf4       0xa4 ../src/ASF/thirdparty/qtouch/generic/sam/qtouch/lib/gcc\libsam3n-32qt-k-8rs-gnu.a(touch_api.o)
                0x20000bf4                qt_config_data
                0x20000bfc                lib_status_flags
                0x20000c04                qt_filter_callback
                0x20000c08                qt_measure_data
                0x20000c94                burst_proc
 .bss           0x20000c98      0x124 ../src/ASF/thirdparty/qtouch/generic/sam/qtouch/lib/gcc\libsam3n-32qt-k-8rs-gnu.a(touch_process.o)
                0x20000c98                sensors
                0x20000db8                dht_counter
                0x20000db9                num_sensors
 .bss           0x20000dbc       0x20 ../src/ASF/thirdparty/qtouch/generic/sam/qtouch/lib/gcc\libsam3n-32qt-k-8rs-gnu.a(touch_burst_qt.o)
                0x20000dbc                SNS_array
                0x20000dcc                SNSK_array
 .bss           0x20000ddc       0x2c ../src/ASF/thirdparty/qtouch/generic/sam/qtouch/lib/gcc\libsam3n-32qt-k-8rs-gnu.a(touch_rs_qt.o)
                0x20000ddc                num_rotors_sliders
 .bss.__malloc_max_total_mem
                0x20000e08        0x4 c:/program files (x86)/atmel/atmel toolchain/arm gcc/native/4.8.1443/arm-gnu-toolchain/bin/../lib/gcc/arm-none-eabi/4.8.4/../../../../arm-none-eabi/lib/armv7-m\libc.a(lib_a-mallocr.o)
                0x20000e08                __malloc_max_total_mem
 .bss.__malloc_max_sbrked_mem
                0x20000e0c        0x4 c:/program files (x86)/atmel/atmel toolchain/arm gcc/native/4.8.1443/arm-gnu-toolchain/bin/../lib/gcc/arm-none-eabi/4.8.4/../../../../arm-none-eabi/lib/armv7-m\libc.a(lib_a-mallocr.o)
                0x20000e0c                __malloc_max_sbrked_mem
 .bss.__malloc_top_pad
                0x20000e10        0x4 c:/program files (x86)/atmel/atmel toolchain/arm gcc/native/4.8.1443/arm-gnu-toolchain/bin/../lib/gcc/arm-none-eabi/4.8.4/../../../../arm-none-eabi/lib/armv7-m\libc.a(lib_a-mallocr.o)
                0x20000e10                __malloc_top_pad
 .bss.__malloc_current_mallinfo
                0x20000e14       0x28 c:/program files (x86)/atmel/atmel toolchain/arm gcc/native/4.8.1443/arm-gnu-toolchain/bin/../lib/gcc/arm-none-eabi/4.8.4/../../../../arm-none-eabi/lib/armv7-m\libc.a(lib_a-mallocr.o)
                0x20000e14                __malloc_current_mallinfo
 *(COMMON)
 COMMON         0x20000e3c       0x20 src/main.o
                0x20000e3c                pre_lcd
                0x20000e40                pos_lcd_x
                0x20000e44                pos_lcd_y
                0x20000e48                g_pwm_channel
 COMMON         0x20000e5c        0x4 src/ASF/common/utils/stdio/read.o
                0x20000e5c                ptr_get
 COMMON         0x20000e60        0x8 src/ASF/common/utils/stdio/write.o
                0x20000e60                ptr_put
                0x20000e64                stdio_base
 COMMON         0x20000e68        0x4 c:/program files (x86)/atmel/atmel toolchain/arm gcc/native/4.8.1443/arm-gnu-toolchain/bin/../lib/gcc/arm-none-eabi/4.8.4/../../../../arm-none-eabi/lib/armv7-m\libc.a(lib_a-reent.o)
                0x20000e68                errno
                0x20000e6c                . = ALIGN (0x4)
                0x20000e6c                _ebss = .
                0x20000e6c                _ezero = .

.stack          0x20000e6c      0x804 load address 0x0040b23c
                0x20000e70                . = ALIGN (0x8)
 *fill*         0x20000e6c        0x4 
                0x20000e70                _sstack = .
                0x20001670                . = (. + __stack_size__)
 *fill*         0x20000e70      0x800 
                0x20001670                . = ALIGN (0x8)
                0x20001670                _estack = .
                0x20001670                . = ALIGN (0x4)
                0x20001670                _end = .
OUTPUT(six_step.elf elf32-littlearm)

.ARM.attributes
                0x00000000       0x29
 .ARM.attributes
                0x00000000       0x1d c:/program files (x86)/atmel/atmel toolchain/arm gcc/native/4.8.1443/arm-gnu-toolchain/bin/../lib/gcc/arm-none-eabi/4.8.4/armv7-m/crti.o
 .ARM.attributes
                0x0000001d       0x2d c:/program files (x86)/atmel/atmel toolchain/arm gcc/native/4.8.1443/arm-gnu-toolchain/bin/../lib/gcc/arm-none-eabi/4.8.4/armv7-m/crtbegin.o
 .ARM.attributes
                0x0000004a       0x33 src/ASF/common/services/spi/sam_spi/spi_master.o
 .ARM.attributes
                0x0000007d       0x33 src/ASF/sam/drivers/wdt/wdt.o
 .ARM.attributes
                0x000000b0       0x33 src/six_step.o
 .ARM.attributes
                0x000000e3       0x33 src/ASF/sam/components/display/aat31xx/aat31xx.o
 .ARM.attributes
                0x00000116       0x33 src/ASF/sam/components/display/ili9225/ili9225.o
 .ARM.attributes
                0x00000149       0x33 src/ASF/sam/drivers/spi/spi.o
 .ARM.attributes
                0x0000017c       0x33 src/lcd_aux.o
 .ARM.attributes
                0x000001af       0x33 src/main.o
 .ARM.attributes
                0x000001e2       0x33 src/ASF/common/services/clock/sam3n/sysclk.o
 .ARM.attributes
                0x00000215       0x33 src/ASF/common/utils/stdio/read.o
 .ARM.attributes
                0x00000248       0x33 src/ASF/common/utils/stdio/write.o
 .ARM.attributes
                0x0000027b       0x33 src/ASF/sam/boards/sam3n_ek/init.o
 .ARM.attributes
                0x000002ae       0x33 src/ASF/sam/drivers/pio/pio.o
 .ARM.attributes
                0x000002e1       0x33 src/ASF/sam/drivers/pio/pio_handler.o
 .ARM.attributes
                0x00000314       0x33 src/ASF/sam/drivers/pmc/pmc.o
 .ARM.attributes
                0x00000347       0x33 src/ASF/sam/drivers/pwm/pwm.o
 .ARM.attributes
                0x0000037a       0x33 src/ASF/sam/drivers/uart/uart.o
 .ARM.attributes
                0x000003ad       0x33 src/ASF/sam/drivers/usart/usart.o
 .ARM.attributes
                0x000003e0       0x33 src/ASF/sam/utils/cmsis/sam3n/source/templates/exceptions.o
 .ARM.attributes
                0x00000413       0x33 src/ASF/sam/utils/cmsis/sam3n/source/templates/gcc/startup_sam3n.o
 .ARM.attributes
                0x00000446       0x33 src/ASF/sam/utils/cmsis/sam3n/source/templates/system_sam3n.o
 .ARM.attributes
                0x00000479       0x33 src/ASF/sam/utils/syscalls/gcc/syscalls.o
 .ARM.attributes
                0x000004ac       0x31 ../src/ASF/thirdparty/qtouch/generic/sam/qtouch/lib/gcc\libsam3n-32qt-k-8rs-gnu.a(burst_3_CC.o)
 .ARM.attributes
                0x000004dd       0x31 ../src/ASF/thirdparty/qtouch/generic/sam/qtouch/lib/gcc\libsam3n-32qt-k-8rs-gnu.a(touch_api.o)
 .ARM.attributes
                0x0000050e       0x31 ../src/ASF/thirdparty/qtouch/generic/sam/qtouch/lib/gcc\libsam3n-32qt-k-8rs-gnu.a(touch_process.o)
 .ARM.attributes
                0x0000053f       0x31 ../src/ASF/thirdparty/qtouch/generic/sam/qtouch/lib/gcc\libsam3n-32qt-k-8rs-gnu.a(touch_burst_qt.o)
 .ARM.attributes
                0x00000570       0x31 ../src/ASF/thirdparty/qtouch/generic/sam/qtouch/lib/gcc\libsam3n-32qt-k-8rs-gnu.a(calc_masks.o)
 .ARM.attributes
                0x000005a1       0x31 ../src/ASF/thirdparty/qtouch/generic/sam/qtouch/lib/gcc\libsam3n-32qt-k-8rs-gnu.a(touch_rs_qt.o)
 .ARM.attributes
                0x000005d2       0x2d c:/program files (x86)/atmel/atmel toolchain/arm gcc/native/4.8.1443/arm-gnu-toolchain/bin/../lib/gcc/arm-none-eabi/4.8.4/../../../../arm-none-eabi/lib/armv7-m\libc.a(lib_a-impure.o)
 .ARM.attributes
                0x000005ff       0x2d c:/program files (x86)/atmel/atmel toolchain/arm gcc/native/4.8.1443/arm-gnu-toolchain/bin/../lib/gcc/arm-none-eabi/4.8.4/../../../../arm-none-eabi/lib/armv7-m\libc.a(lib_a-init.o)
 .ARM.attributes
                0x0000062c       0x2d c:/program files (x86)/atmel/atmel toolchain/arm gcc/native/4.8.1443/arm-gnu-toolchain/bin/../lib/gcc/arm-none-eabi/4.8.4/../../../../arm-none-eabi/lib/armv7-m\libc.a(lib_a-iprintf.o)
 .ARM.attributes
                0x00000659       0x2d c:/program files (x86)/atmel/atmel toolchain/arm gcc/native/4.8.1443/arm-gnu-toolchain/bin/../lib/gcc/arm-none-eabi/4.8.4/../../../../arm-none-eabi/lib/armv7-m\libc.a(lib_a-memset.o)
 .ARM.attributes
                0x00000686       0x2d c:/program files (x86)/atmel/atmel toolchain/arm gcc/native/4.8.1443/arm-gnu-toolchain/bin/../lib/gcc/arm-none-eabi/4.8.4/../../../../arm-none-eabi/lib/armv7-m\libc.a(lib_a-setbuf.o)
 .ARM.attributes
                0x000006b3       0x2d c:/program files (x86)/atmel/atmel toolchain/arm gcc/native/4.8.1443/arm-gnu-toolchain/bin/../lib/gcc/arm-none-eabi/4.8.4/../../../../arm-none-eabi/lib/armv7-m\libc.a(lib_a-setvbuf.o)
 .ARM.attributes
                0x000006e0       0x2d c:/program files (x86)/atmel/atmel toolchain/arm gcc/native/4.8.1443/arm-gnu-toolchain/bin/../lib/gcc/arm-none-eabi/4.8.4/../../../../arm-none-eabi/lib/armv7-m\libc.a(lib_a-sprintf.o)
 .ARM.attributes
                0x0000070d       0x2d c:/program files (x86)/atmel/atmel toolchain/arm gcc/native/4.8.1443/arm-gnu-toolchain/bin/../lib/gcc/arm-none-eabi/4.8.4/../../../../arm-none-eabi/lib/armv7-m\libc.a(lib_a-svfprintf.o)
 .ARM.attributes
                0x0000073a       0x2d c:/program files (x86)/atmel/atmel toolchain/arm gcc/native/4.8.1443/arm-gnu-toolchain/bin/../lib/gcc/arm-none-eabi/4.8.4/../../../../arm-none-eabi/lib/armv7-m\libc.a(lib_a-vfiprintf.o)
 .ARM.attributes
                0x00000767       0x2d c:/program files (x86)/atmel/atmel toolchain/arm gcc/native/4.8.1443/arm-gnu-toolchain/bin/../lib/gcc/arm-none-eabi/4.8.4/../../../../arm-none-eabi/lib/armv7-m\libc.a(lib_a-wsetup.o)
 .ARM.attributes
                0x00000794       0x2d c:/program files (x86)/atmel/atmel toolchain/arm gcc/native/4.8.1443/arm-gnu-toolchain/bin/../lib/gcc/arm-none-eabi/4.8.4/../../../../arm-none-eabi/lib/armv7-m\libc.a(lib_a-__call_atexit.o)
 .ARM.attributes
                0x000007c1       0x2d c:/program files (x86)/atmel/atmel toolchain/arm gcc/native/4.8.1443/arm-gnu-toolchain/bin/../lib/gcc/arm-none-eabi/4.8.4/../../../../arm-none-eabi/lib/armv7-m\libc.a(lib_a-atexit.o)
 .ARM.attributes
                0x000007ee       0x2d c:/program files (x86)/atmel/atmel toolchain/arm gcc/native/4.8.1443/arm-gnu-toolchain/bin/../lib/gcc/arm-none-eabi/4.8.4/../../../../arm-none-eabi/lib/armv7-m\libc.a(lib_a-dtoa.o)
 .ARM.attributes
                0x0000081b       0x2d c:/program files (x86)/atmel/atmel toolchain/arm gcc/native/4.8.1443/arm-gnu-toolchain/bin/../lib/gcc/arm-none-eabi/4.8.4/../../../../arm-none-eabi/lib/armv7-m\libc.a(lib_a-fflush.o)
 .ARM.attributes
                0x00000848       0x2d c:/program files (x86)/atmel/atmel toolchain/arm gcc/native/4.8.1443/arm-gnu-toolchain/bin/../lib/gcc/arm-none-eabi/4.8.4/../../../../arm-none-eabi/lib/armv7-m\libc.a(lib_a-findfp.o)
 .ARM.attributes
                0x00000875       0x2d c:/program files (x86)/atmel/atmel toolchain/arm gcc/native/4.8.1443/arm-gnu-toolchain/bin/../lib/gcc/arm-none-eabi/4.8.4/../../../../arm-none-eabi/lib/armv7-m\libc.a(lib_a-fini.o)
 .ARM.attributes
                0x000008a2       0x2d c:/program files (x86)/atmel/atmel toolchain/arm gcc/native/4.8.1443/arm-gnu-toolchain/bin/../lib/gcc/arm-none-eabi/4.8.4/../../../../arm-none-eabi/lib/armv7-m\libc.a(lib_a-fputwc.o)
 .ARM.attributes
                0x000008cf       0x2d c:/program files (x86)/atmel/atmel toolchain/arm gcc/native/4.8.1443/arm-gnu-toolchain/bin/../lib/gcc/arm-none-eabi/4.8.4/../../../../arm-none-eabi/lib/armv7-m\libc.a(lib_a-freer.o)
 .ARM.attributes
                0x000008fc       0x2d c:/program files (x86)/atmel/atmel toolchain/arm gcc/native/4.8.1443/arm-gnu-toolchain/bin/../lib/gcc/arm-none-eabi/4.8.4/../../../../arm-none-eabi/lib/armv7-m\libc.a(lib_a-fvwrite.o)
 .ARM.attributes
                0x00000929       0x2d c:/program files (x86)/atmel/atmel toolchain/arm gcc/native/4.8.1443/arm-gnu-toolchain/bin/../lib/gcc/arm-none-eabi/4.8.4/../../../../arm-none-eabi/lib/armv7-m\libc.a(lib_a-fwalk.o)
 .ARM.attributes
                0x00000956       0x2d c:/program files (x86)/atmel/atmel toolchain/arm gcc/native/4.8.1443/arm-gnu-toolchain/bin/../lib/gcc/arm-none-eabi/4.8.4/../../../../arm-none-eabi/lib/armv7-m\libc.a(lib_a-locale.o)
 .ARM.attributes
                0x00000983       0x2d c:/program files (x86)/atmel/atmel toolchain/arm gcc/native/4.8.1443/arm-gnu-toolchain/bin/../lib/gcc/arm-none-eabi/4.8.4/../../../../arm-none-eabi/lib/armv7-m\libc.a(lib_a-makebuf.o)
 .ARM.attributes
                0x000009b0       0x2d c:/program files (x86)/atmel/atmel toolchain/arm gcc/native/4.8.1443/arm-gnu-toolchain/bin/../lib/gcc/arm-none-eabi/4.8.4/../../../../arm-none-eabi/lib/armv7-m\libc.a(lib_a-malloc.o)
 .ARM.attributes
                0x000009dd       0x2d c:/program files (x86)/atmel/atmel toolchain/arm gcc/native/4.8.1443/arm-gnu-toolchain/bin/../lib/gcc/arm-none-eabi/4.8.4/../../../../arm-none-eabi/lib/armv7-m\libc.a(lib_a-mallocr.o)
 .ARM.attributes
                0x00000a0a       0x2d c:/program files (x86)/atmel/atmel toolchain/arm gcc/native/4.8.1443/arm-gnu-toolchain/bin/../lib/gcc/arm-none-eabi/4.8.4/../../../../arm-none-eabi/lib/armv7-m\libc.a(lib_a-memchr-stub.o)
 .ARM.attributes
                0x00000a37       0x1b c:/program files (x86)/atmel/atmel toolchain/arm gcc/native/4.8.1443/arm-gnu-toolchain/bin/../lib/gcc/arm-none-eabi/4.8.4/../../../../arm-none-eabi/lib/armv7-m\libc.a(lib_a-memcpy.o)
 .ARM.attributes
                0x00000a52       0x2d c:/program files (x86)/atmel/atmel toolchain/arm gcc/native/4.8.1443/arm-gnu-toolchain/bin/../lib/gcc/arm-none-eabi/4.8.4/../../../../arm-none-eabi/lib/armv7-m\libc.a(lib_a-memmove.o)
 .ARM.attributes
                0x00000a7f       0x2d c:/program files (x86)/atmel/atmel toolchain/arm gcc/native/4.8.1443/arm-gnu-toolchain/bin/../lib/gcc/arm-none-eabi/4.8.4/../../../../arm-none-eabi/lib/armv7-m\libc.a(lib_a-mlock.o)
 .ARM.attributes
                0x00000aac       0x2d c:/program files (x86)/atmel/atmel toolchain/arm gcc/native/4.8.1443/arm-gnu-toolchain/bin/../lib/gcc/arm-none-eabi/4.8.4/../../../../arm-none-eabi/lib/armv7-m\libc.a(lib_a-mprec.o)
 .ARM.attributes
                0x00000ad9       0x2d c:/program files (x86)/atmel/atmel toolchain/arm gcc/native/4.8.1443/arm-gnu-toolchain/bin/../lib/gcc/arm-none-eabi/4.8.4/../../../../arm-none-eabi/lib/armv7-m\libc.a(lib_a-reallocr.o)
 .ARM.attributes
                0x00000b06       0x2d c:/program files (x86)/atmel/atmel toolchain/arm gcc/native/4.8.1443/arm-gnu-toolchain/bin/../lib/gcc/arm-none-eabi/4.8.4/../../../../arm-none-eabi/lib/armv7-m\libc.a(lib_a-s_fpclassify.o)
 .ARM.attributes
                0x00000b33       0x2d c:/program files (x86)/atmel/atmel toolchain/arm gcc/native/4.8.1443/arm-gnu-toolchain/bin/../lib/gcc/arm-none-eabi/4.8.4/../../../../arm-none-eabi/lib/armv7-m\libc.a(lib_a-sbrkr.o)
 .ARM.attributes
                0x00000b60       0x2d c:/program files (x86)/atmel/atmel toolchain/arm gcc/native/4.8.1443/arm-gnu-toolchain/bin/../lib/gcc/arm-none-eabi/4.8.4/../../../../arm-none-eabi/lib/armv7-m\libc.a(lib_a-stdio.o)
 .ARM.attributes
                0x00000b8d       0x2d c:/program files (x86)/atmel/atmel toolchain/arm gcc/native/4.8.1443/arm-gnu-toolchain/bin/../lib/gcc/arm-none-eabi/4.8.4/../../../../arm-none-eabi/lib/armv7-m\libc.a(lib_a-strlen.o)
 .ARM.attributes
                0x00000bba       0x2d c:/program files (x86)/atmel/atmel toolchain/arm gcc/native/4.8.1443/arm-gnu-toolchain/bin/../lib/gcc/arm-none-eabi/4.8.4/../../../../arm-none-eabi/lib/armv7-m\libc.a(lib_a-svfiprintf.o)
 .ARM.attributes
                0x00000be7       0x2d c:/program files (x86)/atmel/atmel toolchain/arm gcc/native/4.8.1443/arm-gnu-toolchain/bin/../lib/gcc/arm-none-eabi/4.8.4/../../../../arm-none-eabi/lib/armv7-m\libc.a(lib_a-wbuf.o)
 .ARM.attributes
                0x00000c14       0x2d c:/program files (x86)/atmel/atmel toolchain/arm gcc/native/4.8.1443/arm-gnu-toolchain/bin/../lib/gcc/arm-none-eabi/4.8.4/../../../../arm-none-eabi/lib/armv7-m\libc.a(lib_a-wcrtomb.o)
 .ARM.attributes
                0x00000c41       0x2d c:/program files (x86)/atmel/atmel toolchain/arm gcc/native/4.8.1443/arm-gnu-toolchain/bin/../lib/gcc/arm-none-eabi/4.8.4/../../../../arm-none-eabi/lib/armv7-m\libc.a(lib_a-wctomb_r.o)
 .ARM.attributes
                0x00000c6e       0x2d c:/program files (x86)/atmel/atmel toolchain/arm gcc/native/4.8.1443/arm-gnu-toolchain/bin/../lib/gcc/arm-none-eabi/4.8.4/../../../../arm-none-eabi/lib/armv7-m\libc.a(lib_a-writer.o)
 .ARM.attributes
                0x00000c9b       0x2d c:/program files (x86)/atmel/atmel toolchain/arm gcc/native/4.8.1443/arm-gnu-toolchain/bin/../lib/gcc/arm-none-eabi/4.8.4/../../../../arm-none-eabi/lib/armv7-m\libc.a(lib_a-__atexit.o)
 .ARM.attributes
                0x00000cc8       0x2d c:/program files (x86)/atmel/atmel toolchain/arm gcc/native/4.8.1443/arm-gnu-toolchain/bin/../lib/gcc/arm-none-eabi/4.8.4/../../../../arm-none-eabi/lib/armv7-m\libc.a(lib_a-callocr.o)
 .ARM.attributes
                0x00000cf5       0x2d c:/program files (x86)/atmel/atmel toolchain/arm gcc/native/4.8.1443/arm-gnu-toolchain/bin/../lib/gcc/arm-none-eabi/4.8.4/../../../../arm-none-eabi/lib/armv7-m\libc.a(lib_a-closer.o)
 .ARM.attributes
                0x00000d22       0x2d c:/program files (x86)/atmel/atmel toolchain/arm gcc/native/4.8.1443/arm-gnu-toolchain/bin/../lib/gcc/arm-none-eabi/4.8.4/../../../../arm-none-eabi/lib/armv7-m\libc.a(lib_a-fclose.o)
 .ARM.attributes
                0x00000d4f       0x2d c:/program files (x86)/atmel/atmel toolchain/arm gcc/native/4.8.1443/arm-gnu-toolchain/bin/../lib/gcc/arm-none-eabi/4.8.4/../../../../arm-none-eabi/lib/armv7-m\libc.a(lib_a-fstatr.o)
 .ARM.attributes
                0x00000d7c       0x2d c:/program files (x86)/atmel/atmel toolchain/arm gcc/native/4.8.1443/arm-gnu-toolchain/bin/../lib/gcc/arm-none-eabi/4.8.4/../../../../arm-none-eabi/lib/armv7-m\libc.a(lib_a-isattyr.o)
 .ARM.attributes
                0x00000da9       0x2d c:/program files (x86)/atmel/atmel toolchain/arm gcc/native/4.8.1443/arm-gnu-toolchain/bin/../lib/gcc/arm-none-eabi/4.8.4/../../../../arm-none-eabi/lib/armv7-m\libc.a(lib_a-lseekr.o)
 .ARM.attributes
                0x00000dd6       0x2d c:/program files (x86)/atmel/atmel toolchain/arm gcc/native/4.8.1443/arm-gnu-toolchain/bin/../lib/gcc/arm-none-eabi/4.8.4/../../../../arm-none-eabi/lib/armv7-m\libc.a(lib_a-readr.o)
 .ARM.attributes
                0x00000e03       0x2d c:/program files (x86)/atmel/atmel toolchain/arm gcc/native/4.8.1443/arm-gnu-toolchain/bin/../lib/gcc/arm-none-eabi/4.8.4/../../../../arm-none-eabi/lib/armv7-m\libc.a(lib_a-reent.o)
 .ARM.attributes
                0x00000e30       0x1d c:/program files (x86)/atmel/atmel toolchain/arm gcc/native/4.8.1443/arm-gnu-toolchain/bin/../lib/gcc/arm-none-eabi/4.8.4/armv7-m\libgcc.a(_arm_addsubdf3.o)
 .ARM.attributes
                0x00000e4d       0x1d c:/program files (x86)/atmel/atmel toolchain/arm gcc/native/4.8.1443/arm-gnu-toolchain/bin/../lib/gcc/arm-none-eabi/4.8.4/armv7-m\libgcc.a(_arm_muldivdf3.o)
 .ARM.attributes
                0x00000e6a       0x1d c:/program files (x86)/atmel/atmel toolchain/arm gcc/native/4.8.1443/arm-gnu-toolchain/bin/../lib/gcc/arm-none-eabi/4.8.4/armv7-m\libgcc.a(_arm_cmpdf2.o)
 .ARM.attributes
                0x00000e87       0x1d c:/program files (x86)/atmel/atmel toolchain/arm gcc/native/4.8.1443/arm-gnu-toolchain/bin/../lib/gcc/arm-none-eabi/4.8.4/armv7-m\libgcc.a(_arm_fixdfsi.o)
 .ARM.attributes
                0x00000ea4       0x1d c:/program files (x86)/atmel/atmel toolchain/arm gcc/native/4.8.1443/arm-gnu-toolchain/bin/../lib/gcc/arm-none-eabi/4.8.4/armv7-m\libgcc.a(_aeabi_uldivmod.o)
 .ARM.attributes
                0x00000ec1       0x2d c:/program files (x86)/atmel/atmel toolchain/arm gcc/native/4.8.1443/arm-gnu-toolchain/bin/../lib/gcc/arm-none-eabi/4.8.4/armv7-m\libgcc.a(bpabi.o)
 .ARM.attributes
                0x00000eee       0x1d c:/program files (x86)/atmel/atmel toolchain/arm gcc/native/4.8.1443/arm-gnu-toolchain/bin/../lib/gcc/arm-none-eabi/4.8.4/armv7-m\libgcc.a(_dvmd_tls.o)
 .ARM.attributes
                0x00000f0b       0x2d c:/program files (x86)/atmel/atmel toolchain/arm gcc/native/4.8.1443/arm-gnu-toolchain/bin/../lib/gcc/arm-none-eabi/4.8.4/armv7-m\libgcc.a(_divdi3.o)
 .ARM.attributes
                0x00000f38       0x2d c:/program files (x86)/atmel/atmel toolchain/arm gcc/native/4.8.1443/arm-gnu-toolchain/bin/../lib/gcc/arm-none-eabi/4.8.4/armv7-m\libgcc.a(_udivdi3.o)
 .ARM.attributes
                0x00000f65       0x1d c:/program files (x86)/atmel/atmel toolchain/arm gcc/native/4.8.1443/arm-gnu-toolchain/bin/../lib/gcc/arm-none-eabi/4.8.4/armv7-m/crtn.o

.comment        0x00000000      0x157
 .comment       0x00000000       0x5b src/ASF/common/services/spi/sam_spi/spi_master.o
                                 0x5c (size before relaxing)
 .comment       0x00000000       0x5c src/ASF/sam/drivers/wdt/wdt.o
 .comment       0x00000000       0x5c src/six_step.o
 .comment       0x00000000       0x5c src/ASF/sam/components/display/aat31xx/aat31xx.o
 .comment       0x00000000       0x5c src/ASF/sam/components/display/ili9225/ili9225.o
 .comment       0x00000000       0x5c src/ASF/sam/drivers/spi/spi.o
 .comment       0x00000000       0x5c src/lcd_aux.o
 .comment       0x00000000       0x5c src/main.o
 .comment       0x00000000       0x5c src/ASF/common/services/clock/sam3n/sysclk.o
 .comment       0x00000000       0x5c src/ASF/common/utils/stdio/read.o
 .comment       0x00000000       0x5c src/ASF/common/utils/stdio/write.o
 .comment       0x00000000       0x5c src/ASF/sam/boards/sam3n_ek/init.o
 .comment       0x00000000       0x5c src/ASF/sam/drivers/pio/pio.o
 .comment       0x00000000       0x5c src/ASF/sam/drivers/pio/pio_handler.o
 .comment       0x00000000       0x5c src/ASF/sam/drivers/pmc/pmc.o
 .comment       0x00000000       0x5c src/ASF/sam/drivers/pwm/pwm.o
 .comment       0x00000000       0x5c src/ASF/sam/drivers/uart/uart.o
 .comment       0x00000000       0x5c src/ASF/sam/drivers/usart/usart.o
 .comment       0x00000000       0x5c src/ASF/sam/utils/cmsis/sam3n/source/templates/exceptions.o
 .comment       0x00000000       0x5c src/ASF/sam/utils/cmsis/sam3n/source/templates/gcc/startup_sam3n.o
 .comment       0x00000000       0x5c src/ASF/sam/utils/cmsis/sam3n/source/templates/system_sam3n.o
 .comment       0x00000000       0x5c src/ASF/sam/utils/syscalls/gcc/syscalls.o
 .comment       0x0000005b       0x2a ../src/ASF/thirdparty/qtouch/generic/sam/qtouch/lib/gcc\libsam3n-32qt-k-8rs-gnu.a(burst_3_CC.o)
 .comment       0x00000085       0x2a ../src/ASF/thirdparty/qtouch/generic/sam/qtouch/lib/gcc\libsam3n-32qt-k-8rs-gnu.a(touch_api.o)
 .comment       0x000000af       0x2a ../src/ASF/thirdparty/qtouch/generic/sam/qtouch/lib/gcc\libsam3n-32qt-k-8rs-gnu.a(touch_process.o)
 .comment       0x000000d9       0x2a ../src/ASF/thirdparty/qtouch/generic/sam/qtouch/lib/gcc\libsam3n-32qt-k-8rs-gnu.a(touch_burst_qt.o)
 .comment       0x00000103       0x2a ../src/ASF/thirdparty/qtouch/generic/sam/qtouch/lib/gcc\libsam3n-32qt-k-8rs-gnu.a(calc_masks.o)
 .comment       0x0000012d       0x2a ../src/ASF/thirdparty/qtouch/generic/sam/qtouch/lib/gcc\libsam3n-32qt-k-8rs-gnu.a(touch_rs_qt.o)

.debug_info     0x00000000    0x11a1b
 .debug_info    0x00000000      0xb99 src/ASF/common/services/spi/sam_spi/spi_master.o
 .debug_info    0x00000b99      0x2fc src/ASF/sam/drivers/wdt/wdt.o
 .debug_info    0x00000e95     0x1c70 src/six_step.o
 .debug_info    0x00002b05      0x7cd src/ASF/sam/components/display/aat31xx/aat31xx.o
 .debug_info    0x000032d2     0x2088 src/ASF/sam/components/display/ili9225/ili9225.o
 .debug_info    0x0000535a      0x8aa src/ASF/sam/drivers/spi/spi.o
 .debug_info    0x00005c04     0x18a2 src/lcd_aux.o
 .debug_info    0x000074a6     0x23de src/main.o
 .debug_info    0x00009884      0x6da src/ASF/common/services/clock/sam3n/sysclk.o
 .debug_info    0x00009f5e      0x1bb src/ASF/common/utils/stdio/read.o
 .debug_info    0x0000a119      0x1c0 src/ASF/common/utils/stdio/write.o
 .debug_info    0x0000a2d9     0x1223 src/ASF/sam/boards/sam3n_ek/init.o
 .debug_info    0x0000b4fc     0x15f0 src/ASF/sam/drivers/pio/pio.o
 .debug_info    0x0000caec      0xe2e src/ASF/sam/drivers/pio/pio_handler.o
 .debug_info    0x0000d91a      0xec7 src/ASF/sam/drivers/pmc/pmc.o
 .debug_info    0x0000e7e1      0x767 src/ASF/sam/drivers/pwm/pwm.o
 .debug_info    0x0000ef48      0x889 src/ASF/sam/drivers/uart/uart.o
 .debug_info    0x0000f7d1     0x14c6 src/ASF/sam/drivers/usart/usart.o
 .debug_info    0x00010c97      0x124 src/ASF/sam/utils/cmsis/sam3n/source/templates/exceptions.o
 .debug_info    0x00010dbb      0x3bd src/ASF/sam/utils/cmsis/sam3n/source/templates/gcc/startup_sam3n.o
 .debug_info    0x00011178      0x464 src/ASF/sam/utils/cmsis/sam3n/source/templates/system_sam3n.o
 .debug_info    0x000115dc      0x43f src/ASF/sam/utils/syscalls/gcc/syscalls.o

.debug_abbrev   0x00000000     0x2e5c
 .debug_abbrev  0x00000000      0x26c src/ASF/common/services/spi/sam_spi/spi_master.o
 .debug_abbrev  0x0000026c      0x12a src/ASF/sam/drivers/wdt/wdt.o
 .debug_abbrev  0x00000396      0x2dc src/six_step.o
 .debug_abbrev  0x00000672      0x1d2 src/ASF/sam/components/display/aat31xx/aat31xx.o
 .debug_abbrev  0x00000844      0x355 src/ASF/sam/components/display/ili9225/ili9225.o
 .debug_abbrev  0x00000b99      0x272 src/ASF/sam/drivers/spi/spi.o
 .debug_abbrev  0x00000e0b      0x355 src/lcd_aux.o
 .debug_abbrev  0x00001160      0x450 src/main.o
 .debug_abbrev  0x000015b0      0x232 src/ASF/common/services/clock/sam3n/sysclk.o
 .debug_abbrev  0x000017e2      0x101 src/ASF/common/utils/stdio/read.o
 .debug_abbrev  0x000018e3       0xf5 src/ASF/common/utils/stdio/write.o
 .debug_abbrev  0x000019d8      0x25b src/ASF/sam/boards/sam3n_ek/init.o
 .debug_abbrev  0x00001c33      0x2ef src/ASF/sam/drivers/pio/pio.o
 .debug_abbrev  0x00001f22      0x257 src/ASF/sam/drivers/pio/pio_handler.o
 .debug_abbrev  0x00002179      0x25b src/ASF/sam/drivers/pmc/pmc.o
 .debug_abbrev  0x000023d4      0x202 src/ASF/sam/drivers/pwm/pwm.o
 .debug_abbrev  0x000025d6      0x1bd src/ASF/sam/drivers/uart/uart.o
 .debug_abbrev  0x00002793      0x2cf src/ASF/sam/drivers/usart/usart.o
 .debug_abbrev  0x00002a62       0x8c src/ASF/sam/utils/cmsis/sam3n/source/templates/exceptions.o
 .debug_abbrev  0x00002aee      0x118 src/ASF/sam/utils/cmsis/sam3n/source/templates/gcc/startup_sam3n.o
 .debug_abbrev  0x00002c06      0x108 src/ASF/sam/utils/cmsis/sam3n/source/templates/system_sam3n.o
 .debug_abbrev  0x00002d0e      0x14e src/ASF/sam/utils/syscalls/gcc/syscalls.o

.debug_loc      0x00000000     0x6123
 .debug_loc     0x00000000      0x86a src/ASF/common/services/spi/sam_spi/spi_master.o
 .debug_loc     0x0000086a      0x15a src/ASF/sam/drivers/wdt/wdt.o
 .debug_loc     0x000009c4      0x1b5 src/six_step.o
 .debug_loc     0x00000b79       0xd5 src/ASF/sam/components/display/aat31xx/aat31xx.o