Archive member included because of file (symbol)

c:/program files (x86)/atmel/atmel toolchain/arm gcc/native/4.8.1443/arm-gnu-toolchain/bin/../lib/gcc/arm-none-eabi/4.8.4/../../../../arm-none-eabi/lib/armv7-m\libc.a(lib_a-exit.o)
                              c:/program files (x86)/atmel/atmel toolchain/arm gcc/native/4.8.1443/arm-gnu-toolchain/bin/../lib/gcc/arm-none-eabi/4.8.4/../../../../arm-none-eabi/lib/armv7-m/crt0.o (exit)
c:/program files (x86)/atmel/atmel toolchain/arm gcc/native/4.8.1443/arm-gnu-toolchain/bin/../lib/gcc/arm-none-eabi/4.8.4/../../../../arm-none-eabi/lib/armv7-m\libc.a(lib_a-impure.o)
                              c:/program files (x86)/atmel/atmel toolchain/arm gcc/native/4.8.1443/arm-gnu-toolchain/bin/../lib/gcc/arm-none-eabi/4.8.4/../../../../arm-none-eabi/lib/armv7-m\libc.a(lib_a-exit.o) (_global_impure_ptr)
c:/program files (x86)/atmel/atmel toolchain/arm gcc/native/4.8.1443/arm-gnu-toolchain/bin/../lib/gcc/arm-none-eabi/4.8.4/../../../../arm-none-eabi/lib/armv7-m\libc.a(lib_a-init.o)
                              c:/program files (x86)/atmel/atmel toolchain/arm gcc/native/4.8.1443/arm-gnu-toolchain/bin/../lib/gcc/arm-none-eabi/4.8.4/../../../../arm-none-eabi/lib/armv7-m/crt0.o (__libc_init_array)
c:/program files (x86)/atmel/atmel toolchain/arm gcc/native/4.8.1443/arm-gnu-toolchain/bin/../lib/gcc/arm-none-eabi/4.8.4/../../../../arm-none-eabi/lib/armv7-m\libc.a(lib_a-iprintf.o)
                              src/ASF/sam/utils/syscalls/gcc/syscalls.o (iprintf)
c:/program files (x86)/atmel/atmel toolchain/arm gcc/native/4.8.1443/arm-gnu-toolchain/bin/../lib/gcc/arm-none-eabi/4.8.4/../../../../arm-none-eabi/lib/armv7-m\libc.a(lib_a-memset.o)
                              c:/program files (x86)/atmel/atmel toolchain/arm gcc/native/4.8.1443/arm-gnu-toolchain/bin/../lib/gcc/arm-none-eabi/4.8.4/../../../../arm-none-eabi/lib/armv7-m/crt0.o (memset)
c:/program files (x86)/atmel/atmel toolchain/arm gcc/native/4.8.1443/arm-gnu-toolchain/bin/../lib/gcc/arm-none-eabi/4.8.4/../../../../arm-none-eabi/lib/armv7-m\libc.a(lib_a-setbuf.o)
                              src/lcd_aux.o (setbuf)
c:/program files (x86)/atmel/atmel toolchain/arm gcc/native/4.8.1443/arm-gnu-toolchain/bin/../lib/gcc/arm-none-eabi/4.8.4/../../../../arm-none-eabi/lib/armv7-m\libc.a(lib_a-setvbuf.o)
                              c:/program files (x86)/atmel/atmel toolchain/arm gcc/native/4.8.1443/arm-gnu-toolchain/bin/../lib/gcc/arm-none-eabi/4.8.4/../../../../arm-none-eabi/lib/armv7-m\libc.a(lib_a-setbuf.o) (setvbuf)
c:/program files (x86)/atmel/atmel toolchain/arm gcc/native/4.8.1443/arm-gnu-toolchain/bin/../lib/gcc/arm-none-eabi/4.8.4/../../../../arm-none-eabi/lib/armv7-m\libc.a(lib_a-sprintf.o)
                              src/lcd_aux.o (sprintf)
c:/program files (x86)/atmel/atmel toolchain/arm gcc/native/4.8.1443/arm-gnu-toolchain/bin/../lib/gcc/arm-none-eabi/4.8.4/../../../../arm-none-eabi/lib/armv7-m\libc.a(lib_a-svfprintf.o)
                              c:/program files (x86)/atmel/atmel toolchain/arm gcc/native/4.8.1443/arm-gnu-toolchain/bin/../lib/gcc/arm-none-eabi/4.8.4/../../../../arm-none-eabi/lib/armv7-m\libc.a(lib_a-sprintf.o) (_svfprintf_r)
c:/program files (x86)/atmel/atmel toolchain/arm gcc/native/4.8.1443/arm-gnu-toolchain/bin/../lib/gcc/arm-none-eabi/4.8.4/../../../../arm-none-eabi/lib/armv7-m\libc.a(lib_a-vfiprintf.o)
                              c:/program files (x86)/atmel/atmel toolchain/arm gcc/native/4.8.1443/arm-gnu-toolchain/bin/../lib/gcc/arm-none-eabi/4.8.4/../../../../arm-none-eabi/lib/armv7-m\libc.a(lib_a-iprintf.o) (_vfiprintf_r)
c:/program files (x86)/atmel/atmel toolchain/arm gcc/native/4.8.1443/arm-gnu-toolchain/bin/../lib/gcc/arm-none-eabi/4.8.4/../../../../arm-none-eabi/lib/armv7-m\libc.a(lib_a-wsetup.o)
                              c:/program files (x86)/atmel/atmel toolchain/arm gcc/native/4.8.1443/arm-gnu-toolchain/bin/../lib/gcc/arm-none-eabi/4.8.4/../../../../arm-none-eabi/lib/armv7-m\libc.a(lib_a-vfiprintf.o) (__swsetup_r)
c:/program files (x86)/atmel/atmel toolchain/arm gcc/native/4.8.1443/arm-gnu-toolchain/bin/../lib/gcc/arm-none-eabi/4.8.4/../../../../arm-none-eabi/lib/armv7-m\libc.a(lib_a-__call_atexit.o)
                              c:/program files (x86)/atmel/atmel toolchain/arm gcc/native/4.8.1443/arm-gnu-toolchain/bin/../lib/gcc/arm-none-eabi/4.8.4/../../../../arm-none-eabi/lib/armv7-m\libc.a(lib_a-exit.o) (__call_exitprocs)
c:/program files (x86)/atmel/atmel toolchain/arm gcc/native/4.8.1443/arm-gnu-toolchain/bin/../lib/gcc/arm-none-eabi/4.8.4/../../../../arm-none-eabi/lib/armv7-m\libc.a(lib_a-atexit.o)
                              c:/program files (x86)/atmel/atmel toolchain/arm gcc/native/4.8.1443/arm-gnu-toolchain/bin/../lib/gcc/arm-none-eabi/4.8.4/../../../../arm-none-eabi/lib/armv7-m\libc.a(lib_a-__call_atexit.o) (atexit)
[...]
Memory Configuration

Name             Origin             Length             Attributes
rom              0x00400000         0x00040000         xr
ram              0x20000000         0x00006000         xrw
*default*        0x00000000         0xffffffff

Linker script and memory map

LOAD c:/program files (x86)/atmel/atmel toolchain/arm gcc/native/4.8.1443/arm-gnu-toolchain/bin/../lib/gcc/arm-none-eabi/4.8.4/armv7-m/crti.o
LOAD c:/program files (x86)/atmel/atmel toolchain/arm gcc/native/4.8.1443/arm-gnu-toolchain/bin/../lib/gcc/arm-none-eabi/4.8.4/armv7-m/crtbegin.o
LOAD c:/program files (x86)/atmel/atmel toolchain/arm gcc/native/4.8.1443/arm-gnu-toolchain/bin/../lib/gcc/arm-none-eabi/4.8.4/../../../../arm-none-eabi/lib/armv7-m/crt0.o
LOAD src/ASF/common/services/delay/sam/cycle_counter.o
LOAD src/ASF/common/services/spi/sam_spi/spi_master.o
LOAD src/ASF/sam/drivers/tc/tc.o
LOAD src/pwm_aux.o
LOAD src/six_step.o
LOAD src/ASF/sam/components/display/aat31xx/aat31xx.o
LOAD src/ASF/sam/components/display/ili9225/ili9225.o
LOAD src/ASF/sam/drivers/spi/spi.o
LOAD src/lcd_aux.o
LOAD src/main.o
LOAD src/ASF/common/services/clock/sam3n/sysclk.o
LOAD src/ASF/common/services/serial/usart_serial.o
LOAD src/ASF/common/utils/interrupt/interrupt_sam_nvic.o
LOAD src/ASF/common/utils/stdio/read.o
LOAD src/ASF/common/utils/stdio/write.o
LOAD src/ASF/sam/boards/sam3n_ek/init.o
LOAD src/ASF/sam/boards/sam3n_ek/led.o
LOAD src/ASF/sam/drivers/pio/pio.o
LOAD src/ASF/sam/drivers/pio/pio_handler.o
LOAD src/ASF/sam/drivers/pmc/pmc.o
LOAD src/ASF/sam/drivers/pmc/sleep.o
LOAD src/ASF/sam/drivers/pwm/pwm.o
LOAD src/ASF/sam/drivers/uart/uart.o
LOAD src/ASF/sam/drivers/usart/usart.o
LOAD src/ASF/sam/utils/cmsis/sam3n/source/templates/exceptions.o
LOAD src/ASF/sam/utils/cmsis/sam3n/source/templates/gcc/startup_sam3n.o
LOAD src/ASF/sam/utils/cmsis/sam3n/source/templates/system_sam3n.o
LOAD src/ASF/sam/utils/syscalls/gcc/syscalls.o
START GROUP
LOAD ../src/ASF/thirdparty/CMSIS/Lib/GCC\libarm_cortexM3l_math.a
LOAD c:/program files (x86)/atmel/atmel toolchain/arm gcc/native/4.8.1443/arm-gnu-toolchain/bin/../lib/gcc/arm-none-eabi/4.8.4/../../../../arm-none-eabi/lib/armv7-m\libm.a
END GROUP
START GROUP
LOAD c:/program files (x86)/atmel/atmel toolchain/arm gcc/native/4.8.1443/arm-gnu-toolchain/bin/../lib/gcc/arm-none-eabi/4.8.4/armv7-m\libgcc.a
LOAD c:/program files (x86)/atmel/atmel toolchain/arm gcc/native/4.8.1443/arm-gnu-toolchain/bin/../lib/gcc/arm-none-eabi/4.8.4/../../../../arm-none-eabi/lib/armv7-m\libc.a
END GROUP
LOAD c:/program files (x86)/atmel/atmel toolchain/arm gcc/native/4.8.1443/arm-gnu-toolchain/bin/../lib/gcc/arm-none-eabi/4.8.4/armv7-m/crtend.o
LOAD c:/program files (x86)/atmel/atmel toolchain/arm gcc/native/4.8.1443/arm-gnu-toolchain/bin/../lib/gcc/arm-none-eabi/4.8.4/armv7-m/crtn.o
                0x00000800                __stack_size__ = DEFINED (__stack_size__)?__stack_size__:0x800
                0x20005ffc                __ram_end__ = ((ORIGIN (ram) + 0x6000) - 0x4)

.text           0x00400000     0x7a68
                0x00400000                . = ALIGN (0x4)
                0x00400000                _sfixed = .
 *(.vectors .vectors.*)
 .vectors       0x00400000       0xc4 src/ASF/sam/utils/cmsis/sam3n/source/templates/gcc/startup_sam3n.o
                0x00400000                exception_table
 *(.text .text.* .gnu.linkonce.t.*)
 .text          0x004000c4       0x54 c:/program files (x86)/atmel/atmel toolchain/arm gcc/native/4.8.1443/arm-gnu-toolchain/bin/../lib/gcc/arm-none-eabi/4.8.4/armv7-m/crtbegin.o
 .text.spi_master_init
                0x00400118       0x54 src/ASF/common/services/spi/sam_spi/spi_master.o
                0x00400118                spi_master_init
 .text.spi_master_setup_device
                0x0040016c       0x7c src/ASF/common/services/spi/sam_spi/spi_master.o
                0x0040016c                spi_master_setup_device
 .text.spi_select_device
                0x004001e8       0x30 src/ASF/common/services/spi/sam_spi/spi_master.o
                0x004001e8                spi_select_device
 .text.tc_init  0x00400218       0x1c src/ASF/sam/drivers/tc/tc.o
                0x00400218                tc_init
 .text.tc_start
                0x00400234        0x8 src/ASF/sam/drivers/tc/tc.o
                0x00400234                tc_start
 .text.tc_write_rc
                0x0040023c        0x8 src/ASF/sam/drivers/tc/tc.o
                0x0040023c                tc_write_rc
 .text.tc_enable_interrupt
                0x00400244        0x8 src/ASF/sam/drivers/tc/tc.o
                0x00400244                tc_enable_interrupt
 .text.tc_get_status
                0x0040024c        0x8 src/ASF/sam/drivers/tc/tc.o
                0x0040024c                tc_get_status
 .text.tc_find_mck_divisor
                0x00400254       0x78 src/ASF/sam/drivers/tc/tc.o
                0x00400254                tc_find_mck_divisor
 .text.configure_buttons
                0x004002cc       0xac src/six_step.o
                0x004002cc                configure_buttons
 .text.configure_hall
                0x00400378       0xac src/six_step.o
                0x00400378                configure_hall
 .text.configure_pwm
                0x00400424      0x140 src/six_step.o
                0x00400424                configure_pwm
 .text.configure_tc
                0x00400564       0x7c src/six_step.o
                0x00400564                configure_tc
 .text.aat31xx_set_backlight
                0x004005e0       0x5c src/ASF/sam/components/display/aat31xx/aat31xx.o
                0x004005e0                aat31xx_set_backlight
 .text.aat31xx_disable_backlight
                0x0040063c       0x24 src/ASF/sam/components/display/aat31xx/aat31xx.o
                0x0040063c                aat31xx_disable_backlight
 .text.ili9225_delay
                0x00400660       0x38 src/ASF/sam/components/display/ili9225/ili9225.o
 .text.ili9225_check_box_coordinates
                0x00400698       0x48 src/ASF/sam/components/display/ili9225/ili9225.o
 .text.ili9225_write_cmd
                0x004006e0       0x44 src/ASF/sam/components/display/ili9225/ili9225.o
 .text.ili9225_write_ram
                0x00400724       0x30 src/ASF/sam/components/display/ili9225/ili9225.o
 .text.ili9225_write_register
                0x00400754       0x18 src/ASF/sam/components/display/ili9225/ili9225.o
 .text.ili9225_write_ram_buffer
                0x0040076c       0x5c src/ASF/sam/components/display/ili9225/ili9225.o
 .text.ili9225_spi_handler
                0x004007c8       0x18 src/ASF/sam/components/display/ili9225/ili9225.o
                0x004007c8                ili9225_spi_handler
 .text.ili9225_display_on
                0x004007e0       0x14 src/ASF/sam/components/display/ili9225/ili9225.o
                0x004007e0                ili9225_display_on
 .text.ili9225_display_off
                0x004007f4       0x10 src/ASF/sam/components/display/ili9225/ili9225.o
                0x004007f4                ili9225_display_off
 .text.ili9225_set_foreground_color
                0x00400804       0x2c src/ASF/sam/components/display/ili9225/ili9225.o
                0x00400804                ili9225_set_foreground_color
 .text.ili9225_set_window
                0x00400830       0x30 src/ASF/sam/components/display/ili9225/ili9225.o
                0x00400830                ili9225_set_window
 .text.ili9225_set_cursor_position
                0x00400860       0x18 src/ASF/sam/components/display/ili9225/ili9225.o
                0x00400860                ili9225_set_cursor_position
 .text.ili9225_init
                0x00400878      0x1c8 src/ASF/sam/components/display/ili9225/ili9225.o
                0x00400878                ili9225_init
 .text.ili9225_draw_pixel
                0x00400a40       0x3c src/ASF/sam/components/display/ili9225/ili9225.o
                0x00400a40                ili9225_draw_pixel
 .text.ili9225_draw_filled_rectangle
                0x00400a7c       0xb8 src/ASF/sam/components/display/ili9225/ili9225.o
                0x00400a7c                ili9225_draw_filled_rectangle
 .text.ili9225_draw_string
                0x00400b34       0xb4 src/ASF/sam/components/display/ili9225/ili9225.o
                0x00400b34                ili9225_draw_string
 .text.spi_enable_clock
                0x00400be8       0x10 src/ASF/sam/drivers/spi/spi.o
                0x00400be8                spi_enable_clock
 .text.spi_set_peripheral_chip_select_value
                0x00400bf8       0x18 src/ASF/sam/drivers/spi/spi.o
                0x00400bf8                spi_set_peripheral_chip_select_value
 .text.spi_set_delay_between_chip_select
                0x00400c10       0x14 src/ASF/sam/drivers/spi/spi.o
                0x00400c10                spi_set_delay_between_chip_select
 .text.spi_write
                0x00400c24       0x38 src/ASF/sam/drivers/spi/spi.o
                0x00400c24                spi_write
 .text.spi_set_clock_polarity
                0x00400c5c       0x20 src/ASF/sam/drivers/spi/spi.o
                0x00400c5c                spi_set_clock_polarity
 .text.spi_set_clock_phase
                0x00400c7c       0x20 src/ASF/sam/drivers/spi/spi.o
                0x00400c7c                spi_set_clock_phase
 .text.spi_configure_cs_behavior
                0x00400c9c       0x44 src/ASF/sam/drivers/spi/spi.o
                0x00400c9c                spi_configure_cs_behavior
 .text.spi_set_bits_per_transfer
                0x00400ce0       0x14 src/ASF/sam/drivers/spi/spi.o
                0x00400ce0                spi_set_bits_per_transfer
 .text.spi_calc_baudrate_div
                0x00400cf4       0x18 src/ASF/sam/drivers/spi/spi.o
                0x00400cf4                spi_calc_baudrate_div
 .text.spi_set_baudrate_div
                0x00400d0c       0x18 src/ASF/sam/drivers/spi/spi.o
                0x00400d0c                spi_set_baudrate_div
 .text.spi_set_transfer_delay
                0x00400d24       0x18 src/ASF/sam/drivers/spi/spi.o
                0x00400d24                spi_set_transfer_delay
 .text.usart_serial_getchar
                0x00400d3c       0x88 src/lcd_aux.o
 .text.usart_serial_putchar
                0x00400dc4       0x88 src/lcd_aux.o
 .text.escreve_int_lcd
                0x00400e4c       0x5c src/lcd_aux.o
                0x00400e4c                escreve_int_lcd
 .text.configure_console
                0x00400ea8       0x7c src/lcd_aux.o
                0x00400ea8                configure_console
 .text.configure_lcd
                0x00400f24       0x60 src/lcd_aux.o
                0x00400f24                configure_lcd
 .text.SPI_Handler
                0x00400f84        0xc src/main.o
                0x00400f84                SPI_Handler
 .text.PWM_Handler
                0x00400f90        0x4 src/main.o
                0x00400f90                PWM_Handler
 .text.Button1_Handler
                0x00400f94       0x30 src/main.o
                0x00400f94                Button1_Handler
 .text.Button2_Handler
                0x00400fc4       0x38 src/main.o
                0x00400fc4                Button2_Handler
 .text.Hall_Phase
                0x00400ffc      0x1e4 src/main.o
                0x00400ffc                Hall_Phase
 .text.Hall_Handler
                0x004011e0       0x30 src/main.o
                0x004011e0                Hall_Handler
 .text.TC0_Handler
                0x00401210       0x7c src/main.o
                0x00401210                TC0_Handler
 .text.main     0x0040128c      0x220 src/main.o
                0x0040128c                main
 .text.sysclk_init
                0x004014ac       0x64 src/ASF/common/services/clock/sam3n/sysclk.o
                0x004014ac                sysclk_init
 .text._read    0x00401510       0x40 src/ASF/common/utils/stdio/read.o
                0x00401510                _read
 .text._write   0x00401550       0x54 src/ASF/common/utils/stdio/write.o
                0x00401550                _write
 .text.board_init
                0x004015a4       0xf0 src/ASF/sam/boards/sam3n_ek/init.o
                0x004015a4                board_init
 .text.pio_set_debounce_filter
                0x00401694       0x1c src/ASF/sam/drivers/pio/pio.o
                0x00401694                pio_set_debounce_filter
 .text.pio_set_peripheral
                0x004016b0       0x90 src/ASF/sam/drivers/pio/pio.o
                0x004016b0                pio_set_peripheral
 .text.pio_set_input
                0x00401740       0x34 src/ASF/sam/drivers/pio/pio.o
                0x00401740                pio_set_input
 .text.pio_set_output
                0x00401774       0x28 src/ASF/sam/drivers/pio/pio.o
                0x00401774                pio_set_output
 .text.pio_configure_interrupt
                0x0040179c       0x30 src/ASF/sam/drivers/pio/pio.o
                0x0040179c                pio_configure_interrupt
 .text.pio_enable_interrupt
                0x004017cc        0x8 src/ASF/sam/drivers/pio/pio.o
                0x004017cc                pio_enable_interrupt
 .text.pio_disable_interrupt
                0x004017d4        0x4 src/ASF/sam/drivers/pio/pio.o
                0x004017d4                pio_disable_interrupt
 .text.pio_get_interrupt_status
                0x004017d8        0x4 src/ASF/sam/drivers/pio/pio.o
                0x004017d8                pio_get_interrupt_status
 .text.pio_get_interrupt_mask
                0x004017dc        0x4 src/ASF/sam/drivers/pio/pio.o
                0x004017dc                pio_get_interrupt_mask
 .text.pio_set_pin_high
                0x004017e0       0x1c src/ASF/sam/drivers/pio/pio.o
                0x004017e0                pio_set_pin_high
 .text.pio_set_pin_low
                0x004017fc       0x1c src/ASF/sam/drivers/pio/pio.o
                0x004017fc                pio_set_pin_low
 .text.pio_configure_pin
                0x00401818      0x124 src/ASF/sam/drivers/pio/pio.o
                0x00401818                pio_configure_pin
 .text.pio_configure_pin_group
                0x0040193c       0xdc src/ASF/sam/drivers/pio/pio.o
                0x0040193c                pio_configure_pin_group
 .text.pio_handler_process
                0x00401a18       0x58 src/ASF/sam/drivers/pio/pio_handler.o
                0x00401a18                pio_handler_process
 .text.pio_handler_set
                0x00401a70       0x3c src/ASF/sam/drivers/pio/pio_handler.o
                0x00401a70                pio_handler_set
 .text.PIOA_Handler
                0x00401aac       0x14 src/ASF/sam/drivers/pio/pio_handler.o
                0x00401aac                PIOA_Handler
 .text.PIOB_Handler
                0x00401ac0       0x14 src/ASF/sam/drivers/pio/pio_handler.o
                0x00401ac0                PIOB_Handler
 .text.PIOC_Handler
                0x00401ad4       0x14 src/ASF/sam/drivers/pio/pio_handler.o
                0x00401ad4                PIOC_Handler
 .text.pio_handler_set_priority
                0x00401ae8       0x8c src/ASF/sam/drivers/pio/pio_handler.o
                0x00401ae8                pio_handler_set_priority
 .text.pmc_switch_mck_to_pllack
                0x00401b74       0x64 src/ASF/sam/drivers/pmc/pmc.o
                0x00401b74                pmc_switch_mck_to_pllack
 .text.pmc_switch_mainck_to_xtal
                0x00401bd8       0x54 src/ASF/sam/drivers/pmc/pmc.o
                0x00401bd8                pmc_switch_mainck_to_xtal
 .text.pmc_osc_is_ready_mainck
                0x00401c2c       0x10 src/ASF/sam/drivers/pmc/pmc.o
                0x00401c2c                pmc_osc_is_ready_mainck
 .text.pmc_disable_pllack
                0x00401c3c       0x10 src/ASF/sam/drivers/pmc/pmc.o
                0x00401c3c                pmc_disable_pllack
 .text.pmc_is_locked_pllack
                0x00401c4c       0x10 src/ASF/sam/drivers/pmc/pmc.o
                0x00401c4c                pmc_is_locked_pllack
 .text.pmc_enable_periph_clk
                0x00401c5c       0x2c src/ASF/sam/drivers/pmc/pmc.o
                0x00401c5c                pmc_enable_periph_clk
 .text.pwm_clocks_generate
                0x00401c88       0x58 src/ASF/sam/drivers/pwm/pwm.o
 .text.pwm_init
                0x00401ce0       0x40 src/ASF/sam/drivers/pwm/pwm.o
                0x00401ce0                pwm_init
 .text.pwm_channel_init
                0x00401d20       0x30 src/ASF/sam/drivers/pwm/pwm.o
                0x00401d20                pwm_channel_init
 .text.pwm_channel_update_duty
                0x00401d50       0x30 src/ASF/sam/drivers/pwm/pwm.o
                0x00401d50                pwm_channel_update_duty
 .text.pwm_channel_enable
                0x00401d80        0xc src/ASF/sam/drivers/pwm/pwm.o
                0x00401d80                pwm_channel_enable
 .text.pwm_channel_disable
                0x00401d8c        0xc src/ASF/sam/drivers/pwm/pwm.o
                0x00401d8c                pwm_channel_disable
 .text.pwm_channel_enable_interrupt
                0x00401d98        0xc src/ASF/sam/drivers/pwm/pwm.o
                0x00401d98                pwm_channel_enable_interrupt
 .text.pwm_channel_disable_interrupt
                0x00401da4        0xc src/ASF/sam/drivers/pwm/pwm.o
                0x00401da4                pwm_channel_disable_interrupt
 .text.uart_init
                0x00401db0       0x38 src/ASF/sam/drivers/uart/uart.o
                0x00401db0                uart_init
 .text.uart_write
                0x00401de8       0x10 src/ASF/sam/drivers/uart/uart.o
                0x00401de8                uart_write
 .text.uart_read
                0x00401df8       0x14 src/ASF/sam/drivers/uart/uart.o
                0x00401df8                uart_read
 .text.usart_write
                0x00401e0c       0x14 src/ASF/sam/drivers/usart/usart.o
                0x00401e0c                usart_write
 .text.usart_read
                0x00401e20       0x18 src/ASF/sam/drivers/usart/usart.o
                0x00401e20                usart_read
 .text.Dummy_Handler
                0x00401e38        0x4 src/ASF/sam/utils/cmsis/sam3n/source/templates/exceptions.o
                0x00401e38                DACC_Handler
                0x00401e38                DebugMon_Handler
                0x00401e38                HardFault_Handler
                0x00401e38                TC2_Handler
                0x00401e38                SysTick_Handler
                0x00401e38                TWI1_Handler
                0x00401e38                PendSV_Handler
                0x00401e38                NMI_Handler
                0x00401e38                ADC_Handler
                0x00401e38                USART0_Handler
                0x00401e38                RTT_Handler
                0x00401e38                RTC_Handler
                0x00401e38                UsageFault_Handler
                0x00401e38                WDT_Handler
                0x00401e38                TC4_Handler
                0x00401e38                TC1_Handler
                0x00401e38                UART1_Handler
                0x00401e38                TC3_Handler
                0x00401e38                Dummy_Handler
                0x00401e38                TWI0_Handler
                0x00401e38                USART1_Handler
                0x00401e38                PMC_Handler
                0x00401e38                MemManage_Handler
                0x00401e38                SUPC_Handler
                0x00401e38                SVC_Handler
                0x00401e38                EFC_Handler
                0x00401e38                UART0_Handler
                0x00401e38                BusFault_Handler
                0x00401e38                RSTC_Handler
                0x00401e38                TC5_Handler
 .text.Reset_Handler
                0x00401e3c       0xb0 src/ASF/sam/utils/cmsis/sam3n/source/templates/gcc/startup_sam3n.o
                0x00401e3c                Reset_Handler
 .text.SystemCoreClockUpdate
                0x00401eec      0x104 src/ASF/sam/utils/cmsis/sam3n/source/templates/system_sam3n.o
                0x00401eec                SystemCoreClockUpdate
 .text._sbrk    0x00401ff0       0x34 src/ASF/sam/utils/syscalls/gcc/syscalls.o
                0x00401ff0                _sbrk
 .text._close   0x00402024        0x8 src/ASF/sam/utils/syscalls/gcc/syscalls.o
                0x00402024                _close
 .text._lseek   0x0040202c        0x4 src/ASF/sam/utils/syscalls/gcc/syscalls.o
                0x0040202c                _lseek
 .text.__libc_init_array
                0x00402030       0x50 c:/program files (x86)/atmel/atmel toolchain/arm gcc/native/4.8.1443/arm-gnu-toolchain/bin/../lib/gcc/arm-none-eabi/4.8.4/../../../../arm-none-eabi/lib/armv7-m\libc.a(lib_a-init.o)
                0x00402030                __libc_init_array
 .text.memset   0x00402080       0x94 c:/program files (x86)/atmel/atmel toolchain/arm gcc/native/4.8.1443/arm-gnu-toolchain/bin/../lib/gcc/arm-none-eabi/4.8.4/../../../../arm-none-eabi/lib/armv7-m\libc.a(lib_a-memset.o)
                0x00402080                memset
 .text.setbuf   0x00402114       0x10 c:/program files (x86)/atmel/atmel toolchain/arm gcc/native/4.8.1443/arm-gnu-toolchain/bin/../lib/gcc/arm-none-eabi/4.8.4/../../../../arm-none-eabi/lib/armv7-m\libc.a(lib_a-setbuf.o)
                0x00402114                setbuf
 .text.setvbuf  0x00402124      0x100 c:/program files (x86)/atmel/atmel toolchain/arm gcc/native/4.8.1443/arm-gnu-toolchain/bin/../lib/gcc/arm-none-eabi/4.8.4/../../../../arm-none-eabi/lib/armv7-m\libc.a(lib_a-setvbuf.o)
                0x00402124                setvbuf
 .text.sprintf  0x00402224       0x4c c:/program files (x86)/atmel/atmel toolchain/arm gcc/native/4.8.1443/arm-gnu-toolchain/bin/../lib/gcc/arm-none-eabi/4.8.4/../../../../arm-none-eabi/lib/armv7-m\libc.a(lib_a-sprintf.o)
                0x00402224                sprintf
 .text._svfprintf_r
                0x00402270     0x14e0 c:/program files (x86)/atmel/atmel toolchain/arm gcc/native/4.8.1443/arm-gnu-toolchain/bin/../lib/gcc/arm-none-eabi/4.8.4/../../../../arm-none-eabi/lib/armv7-m\libc.a(lib_a-svfprintf.o)
                0x00402270                _svfprintf_r
 .text.startup.register_fini
                0x00403750       0x14 c:/program files (x86)/atmel/atmel toolchain/arm gcc/native/4.8.1443/arm-gnu-toolchain/bin/../lib/gcc/arm-none-eabi/4.8.4/../../../../arm-none-eabi/lib/armv7-m\libc.a(lib_a-__call_atexit.o)
 .text.atexit   0x00403764        0xc c:/program files (x86)/atmel/atmel toolchain/arm gcc/native/4.8.1443/arm-gnu-toolchain/bin/../lib/gcc/arm-none-eabi/4.8.4/../../../../arm-none-eabi/lib/armv7-m\libc.a(lib_a-atexit.o)
                0x00403764                atexit
 .text.quorem   0x00403770      0x134 c:/program files (x86)/atmel/atmel toolchain/arm gcc/native/4.8.1443/arm-gnu-toolchain/bin/../lib/gcc/arm-none-eabi/4.8.4/../../../../arm-none-eabi/lib/armv7-m\libc.a(lib_a-dtoa.o)
 *fill*         0x004038a4        0x4 
 .text._dtoa_r  0x004038a8      0xe38 c:/program files (x86)/atmel/atmel toolchain/arm gcc/native/4.8.1443/arm-gnu-toolchain/bin/../lib/gcc/arm-none-eabi/4.8.4/../../../../arm-none-eabi/lib/armv7-m\libc.a(lib_a-dtoa.o)
                0x004038a8                _dtoa_r
 .text.__sflush_r
                0x004046e0      0x148 c:/program files (x86)/atmel/atmel toolchain/arm gcc/native/4.8.1443/arm-gnu-toolchain/bin/../lib/gcc/arm-none-eabi/4.8.4/../../../../arm-none-eabi/lib/armv7-m\libc.a(lib_a-fflush.o)
                0x004046e0                __sflush_r
 .text._fflush_r
                0x00404828       0x2c c:/program files (x86)/atmel/atmel toolchain/arm gcc/native/4.8.1443/arm-gnu-toolchain/bin/../lib/gcc/arm-none-eabi/4.8.4/../../../../arm-none-eabi/lib/armv7-m\libc.a(lib_a-fflush.o)
                0x00404828                _fflush_r
 .text._cleanup_r
                0x00404854        0xc c:/program files (x86)/atmel/atmel toolchain/arm gcc/native/4.8.1443/arm-gnu-toolchain/bin/../lib/gcc/arm-none-eabi/4.8.4/../../../../arm-none-eabi/lib/armv7-m\libc.a(lib_a-findfp.o)
                0x00404854                _cleanup_r
 .text.__sinit  0x00404860       0xf4 c:/program files (x86)/atmel/atmel toolchain/arm gcc/native/4.8.1443/arm-gnu-toolchain/bin/../lib/gcc/arm-none-eabi/4.8.4/../../../../arm-none-eabi/lib/armv7-m\libc.a(lib_a-findfp.o)
                0x00404860                __sinit
 .text.__sfp_lock_acquire
                0x00404954        0x4 c:/program files (x86)/atmel/atmel toolchain/arm gcc/native/4.8.1443/arm-gnu-toolchain/bin/../lib/gcc/arm-none-eabi/4.8.4/../../../../arm-none-eabi/lib/armv7-m\libc.a(lib_a-findfp.o)
                0x00404954                __sfp_lock_acquire
 .text.__sfp_lock_release
                0x00404958        0x4 c:/program files (x86)/atmel/atmel toolchain/arm gcc/native/4.8.1443/arm-gnu-toolchain/bin/../lib/gcc/arm-none-eabi/4.8.4/../../../../arm-none-eabi/lib/armv7-m\libc.a(lib_a-findfp.o)
                0x00404958                __sfp_lock_release
 .text.__libc_fini_array
                0x0040495c       0x30 c:/program files (x86)/atmel/atmel toolchain/arm gcc/native/4.8.1443/arm-gnu-toolchain/bin/../lib/gcc/arm-none-eabi/4.8.4/../../../../arm-none-eabi/lib/armv7-m\libc.a(lib_a-fini.o)
                0x0040495c                __libc_fini_array
 .text._malloc_trim_r
                0x0040498c       0x9c c:/program files (x86)/atmel/atmel toolchain/arm gcc/native/4.8.1443/arm-gnu-toolchain/bin/../lib/gcc/arm-none-eabi/4.8.4/../../../../arm-none-eabi/lib/armv7-m\libc.a(lib_a-freer.o)
                0x0040498c                _malloc_trim_r
 .text._free_r  0x00404a28      0x198 c:/program files (x86)/atmel/atmel toolchain/arm gcc/native/4.8.1443/arm-gnu-toolchain/bin/../lib/gcc/arm-none-eabi/4.8.4/../../../../arm-none-eabi/lib/armv7-m\libc.a(lib_a-freer.o)
                0x00404a28                _free_r
 .text._fwalk   0x00404bc0       0x48 c:/program files (x86)/atmel/atmel toolchain/arm gcc/native/4.8.1443/arm-gnu-toolchain/bin/../lib/gcc/arm-none-eabi/4.8.4/../../../../arm-none-eabi/lib/armv7-m\libc.a(lib_a-fwalk.o)
                0x00404bc0                _fwalk
 .text._localeconv_r
                0x00404c08        0x8 c:/program files (x86)/atmel/atmel toolchain/arm gcc/native/4.8.1443/arm-gnu-toolchain/bin/../lib/gcc/arm-none-eabi/4.8.4/../../../../arm-none-eabi/lib/armv7-m\libc.a(lib_a-locale.o)
                0x00404c08                _localeconv_r
 .text.malloc   0x00404c10       0x10 c:/program files (x86)/atmel/atmel toolchain/arm gcc/native/4.8.1443/arm-gnu-toolchain/bin/../lib/gcc/arm-none-eabi/4.8.4/../../../../arm-none-eabi/lib/armv7-m\libc.a(lib_a-malloc.o)
                0x00404c10                malloc
 .text._malloc_r
                0x00404c20      0x538 c:/program files (x86)/atmel/atmel toolchain/arm gcc/native/4.8.1443/arm-gnu-toolchain/bin/../lib/gcc/arm-none-eabi/4.8.4/../../../../arm-none-eabi/lib/armv7-m\libc.a(lib_a-mallocr.o)
                0x00404c20                _malloc_r
 .text.memchr   0x00405158       0x94 c:/program files (x86)/atmel/atmel toolchain/arm gcc/native/4.8.1443/arm-gnu-toolchain/bin/../lib/gcc/arm-none-eabi/4.8.4/../../../../arm-none-eabi/lib/armv7-m\libc.a(lib_a-memchr-stub.o)
                0x00405158                memchr
 .text          0x004051ec       0xec c:/program files (x86)/atmel/atmel toolchain/arm gcc/native/4.8.1443/arm-gnu-toolchain/bin/../lib/gcc/arm-none-eabi/4.8.4/../../../../arm-none-eabi/lib/armv7-m\libc.a(lib_a-memcpy.o)
                0x004051ec                memcpy
 .text.memmove  0x004052d8       0xcc c:/program files (x86)/atmel/atmel toolchain/arm gcc/native/4.8.1443/arm-gnu-toolchain/bin/../lib/gcc/arm-none-eabi/4.8.4/../../../../arm-none-eabi/lib/armv7-m\libc.a(lib_a-memmove.o)
                0x004052d8                memmove
 .text.__malloc_lock
                0x004053a4        0x4 c:/program files (x86)/atmel/atmel toolchain/arm gcc/native/4.8.1443/arm-gnu-toolchain/bin/../lib/gcc/arm-none-eabi/4.8.4/../../../../arm-none-eabi/lib/armv7-m\libc.a(lib_a-mlock.o)
                0x004053a4                __malloc_lock
 .text.__malloc_unlock
                0x004053a8        0x4 c:/program files (x86)/atmel/atmel toolchain/arm gcc/native/4.8.1443/arm-gnu-toolchain/bin/../lib/gcc/arm-none-eabi/4.8.4/../../../../arm-none-eabi/lib/armv7-m\libc.a(lib_a-mlock.o)
                0x004053a8                __malloc_unlock
 .text._Balloc  0x004053ac       0x4c c:/program files (x86)/atmel/atmel toolchain/arm gcc/native/4.8.1443/arm-gnu-toolchain/bin/../lib/gcc/arm-none-eabi/4.8.4/../../../../arm-none-eabi/lib/armv7-m\libc.a(lib_a-mprec.o)
                0x004053ac                _Balloc
 .text._Bfree   0x004053f8       0x14 c:/program files (x86)/atmel/atmel toolchain/arm gcc/native/4.8.1443/arm-gnu-toolchain/bin/../lib/gcc/arm-none-eabi/4.8.4/../../../../arm-none-eabi/lib/armv7-m\libc.a(lib_a-mprec.o)
                0x004053f8                _Bfree
 .text.__multadd
                0x0040540c       0x94 c:/program files (x86)/atmel/atmel toolchain/arm gcc/native/4.8.1443/arm-gnu-toolchain/bin/../lib/gcc/arm-none-eabi/4.8.4/../../../../arm-none-eabi/lib/armv7-m\libc.a(lib_a-mprec.o)
                0x0040540c                __multadd
 .text.__hi0bits
                0x004054a0       0x40 c:/program files (x86)/atmel/atmel toolchain/arm gcc/native/4.8.1443/arm-gnu-toolchain/bin/../lib/gcc/arm-none-eabi/4.8.4/../../../../arm-none-eabi/lib/armv7-m\libc.a(lib_a-mprec.o)
                0x004054a0                __hi0bits
 .text.__lo0bits
                0x004054e0       0x5c c:/program files (x86)/atmel/atmel toolchain/arm gcc/native/4.8.1443/arm-gnu-toolchain/bin/../lib/gcc/arm-none-eabi/4.8.4/../../../../arm-none-eabi/lib/armv7-m\libc.a(lib_a-mprec.o)
                0x004054e0                __lo0bits
 .text.__i2b    0x0040553c       0x14 c:/program files (x86)/atmel/atmel toolchain/arm gcc/native/4.8.1443/arm-gnu-toolchain/bin/../lib/gcc/arm-none-eabi/4.8.4/../../../../arm-none-eabi/lib/armv7-m\libc.a(lib_a-mprec.o)
                0x0040553c                __i2b
 .text.__multiply
                0x00405550      0x13c c:/program files (x86)/atmel/atmel toolchain/arm gcc/native/4.8.1443/arm-gnu-toolchain/bin/../lib/gcc/arm-none-eabi/4.8.4/../../../../arm-none-eabi/lib/armv7-m\libc.a(lib_a-mprec.o)
                0x00405550                __multiply
 .text.__pow5mult
                0x0040568c       0x9c c:/program files (x86)/atmel/atmel toolchain/arm gcc/native/4.8.1443/arm-gnu-toolchain/bin/../lib/gcc/arm-none-eabi/4.8.4/../../../../arm-none-eabi/lib/armv7-m\libc.a(lib_a-mprec.o)
                0x0040568c                __pow5mult
 .text.__lshift
                0x00405728       0xbc c:/program files (x86)/atmel/atmel toolchain/arm gcc/native/4.8.1443/arm-gnu-toolchain/bin/../lib/gcc/arm-none-eabi/4.8.4/../../../../arm-none-eabi/lib/armv7-m\libc.a(lib_a-mprec.o)
                0x00405728                __lshift
 .text.__mcmp   0x004057e4       0x48 c:/program files (x86)/atmel/atmel toolchain/arm gcc/native/4.8.1443/arm-gnu-toolchain/bin/../lib/gcc/arm-none-eabi/4.8.4/../../../../arm-none-eabi/lib/armv7-m\libc.a(lib_a-mprec.o)
                0x004057e4                __mcmp
 .text.__mdiff  0x0040582c       0xd8 c:/program files (x86)/atmel/atmel toolchain/arm gcc/native/4.8.1443/arm-gnu-toolchain/bin/../lib/gcc/arm-none-eabi/4.8.4/../../../../arm-none-eabi/lib/armv7-m\libc.a(lib_a-mprec.o)
                0x0040582c                __mdiff
 .text.__d2b    0x00405904       0xbc c:/program files (x86)/atmel/atmel toolchain/arm gcc/native/4.8.1443/arm-gnu-toolchain/bin/../lib/gcc/arm-none-eabi/4.8.4/../../../../arm-none-eabi/lib/armv7-m\libc.a(lib_a-mprec.o)
                0x00405904                __d2b
 .text._realloc_r
                0x004059c0      0x3c0 c:/program files (x86)/atmel/atmel toolchain/arm gcc/native/4.8.1443/arm-gnu-toolchain/bin/../lib/gcc/arm-none-eabi/4.8.4/../../../../arm-none-eabi/lib/armv7-m\libc.a(lib_a-reallocr.o)
                0x004059c0                _realloc_r
 .text.__fpclassifyd
                0x00405d80       0x50 c:/program files (x86)/atmel/atmel toolchain/arm gcc/native/4.8.1443/arm-gnu-toolchain/bin/../lib/gcc/arm-none-eabi/4.8.4/../../../../arm-none-eabi/lib/armv7-m\libc.a(lib_a-s_fpclassify.o)
                0x00405d80                __fpclassifyd
 .text._sbrk_r  0x00405dd0       0x24 c:/program files (x86)/atmel/atmel toolchain/arm gcc/native/4.8.1443/arm-gnu-toolchain/bin/../lib/gcc/arm-none-eabi/4.8.4/../../../../arm-none-eabi/lib/armv7-m\libc.a(lib_a-sbrkr.o)
                0x00405dd0                _sbrk_r
 .text.__sread  0x00405df4       0x24 c:/program files (x86)/atmel/atmel toolchain/arm gcc/native/4.8.1443/arm-gnu-toolchain/bin/../lib/gcc/arm-none-eabi/4.8.4/../../../../arm-none-eabi/lib/armv7-m\libc.a(lib_a-stdio.o)
                0x00405df4                __sread
 .text.__swrite
                0x00405e18       0x38 c:/program files (x86)/atmel/atmel toolchain/arm gcc/native/4.8.1443/arm-gnu-toolchain/bin/../lib/gcc/arm-none-eabi/4.8.4/../../../../arm-none-eabi/lib/armv7-m\libc.a(lib_a-stdio.o)
                0x00405e18                __swrite
 .text.__sseek  0x00405e50       0x20 c:/program files (x86)/atmel/atmel toolchain/arm gcc/native/4.8.1443/arm-gnu-toolchain/bin/../lib/gcc/arm-none-eabi/4.8.4/../../../../arm-none-eabi/lib/armv7-m\libc.a(lib_a-stdio.o)
                0x00405e50                __sseek
 .text.__sclose
                0x00405e70        0x8 c:/program files (x86)/atmel/atmel toolchain/arm gcc/native/4.8.1443/arm-gnu-toolchain/bin/../lib/gcc/arm-none-eabi/4.8.4/../../../../arm-none-eabi/lib/armv7-m\libc.a(lib_a-stdio.o)
                0x00405e70                __sclose
 .text.strlen   0x00405e78       0x60 c:/program files (x86)/atmel/atmel toolchain/arm gcc/native/4.8.1443/arm-gnu-toolchain/bin/../lib/gcc/arm-none-eabi/4.8.4/../../../../arm-none-eabi/lib/armv7-m\libc.a(lib_a-strlen.o)
                0x00405e78                strlen
 .text.__ssprint_r
                0x00405ed8      0x100 c:/program files (x86)/atmel/atmel toolchain/arm gcc/native/4.8.1443/arm-gnu-toolchain/bin/../lib/gcc/arm-none-eabi/4.8.4/../../../../arm-none-eabi/lib/armv7-m\libc.a(lib_a-svfiprintf.o)
                0x00405ed8                __ssprint_r
 .text._write_r
                0x00405fd8       0x28 c:/program files (x86)/atmel/atmel toolchain/arm gcc/native/4.8.1443/arm-gnu-toolchain/bin/../lib/gcc/arm-none-eabi/4.8.4/../../../../arm-none-eabi/lib/armv7-m\libc.a(lib_a-writer.o)
                0x00405fd8                _write_r
 .text.__register_exitproc
                0x00406000       0xa8 c:/program files (x86)/atmel/atmel toolchain/arm gcc/native/4.8.1443/arm-gnu-toolchain/bin/../lib/gcc/arm-none-eabi/4.8.4/../../../../arm-none-eabi/lib/armv7-m\libc.a(lib_a-__atexit.o)
                0x00406000                __register_exitproc
 .text._calloc_r
                0x004060a8       0x60 c:/program files (x86)/atmel/atmel toolchain/arm gcc/native/4.8.1443/arm-gnu-toolchain/bin/../lib/gcc/arm-none-eabi/4.8.4/../../../../arm-none-eabi/lib/armv7-m\libc.a(lib_a-callocr.o)
                0x004060a8                _calloc_r
 .text._close_r
                0x00406108       0x24 c:/program files (x86)/atmel/atmel toolchain/arm gcc/native/4.8.1443/arm-gnu-toolchain/bin/../lib/gcc/arm-none-eabi/4.8.4/../../../../arm-none-eabi/lib/armv7-m\libc.a(lib_a-closer.o)
                0x00406108                _close_r
 .text._fclose_r
                0x0040612c       0x80 c:/program files (x86)/atmel/atmel toolchain/arm gcc/native/4.8.1443/arm-gnu-toolchain/bin/../lib/gcc/arm-none-eabi/4.8.4/../../../../arm-none-eabi/lib/armv7-m\libc.a(lib_a-fclose.o)
                0x0040612c                _fclose_r
 .text.fclose   0x004061ac       0x10 c:/program files (x86)/atmel/atmel toolchain/arm gcc/native/4.8.1443/arm-gnu-toolchain/bin/../lib/gcc/arm-none-eabi/4.8.4/../../../../arm-none-eabi/lib/armv7-m\libc.a(lib_a-fclose.o)
                0x004061ac                fclose
 .text._lseek_r
                0x004061bc       0x28 c:/program files (x86)/atmel/atmel toolchain/arm gcc/native/4.8.1443/arm-gnu-toolchain/bin/../lib/gcc/arm-none-eabi/4.8.4/../../../../arm-none-eabi/lib/armv7-m\libc.a(lib_a-lseekr.o)
                0x004061bc                _lseek_r
 .text._read_r  0x004061e4       0x28 c:/program files (x86)/atmel/atmel toolchain/arm gcc/native/4.8.1443/arm-gnu-toolchain/bin/../lib/gcc/arm-none-eabi/4.8.4/../../../../arm-none-eabi/lib/armv7-m\libc.a(lib_a-readr.o)
                0x004061e4                _read_r
 .text          0x0040620c      0x370 c:/program files (x86)/atmel/atmel toolchain/arm gcc/native/4.8.1443/arm-gnu-toolchain/bin/../lib/gcc/arm-none-eabi/4.8.4/armv7-m\libgcc.a(_arm_addsubdf3.o)
                0x0040620c                __aeabi_drsub
                0x00406214                __aeabi_dsub
                0x00406214                __subdf3
                0x00406218                __aeabi_dadd
                0x00406218                __adddf3
                0x00406490                __floatunsidf
                0x00406490                __aeabi_ui2d
                0x004064b0                __floatsidf
                0x004064b0                __aeabi_i2d
                0x004064d4                __aeabi_f2d
                0x004064d4                __extendsfdf2
                0x00406510                __floatundidf
                0x00406510                __aeabi_ul2d
                0x00406520                __floatdidf
                0x00406520                __aeabi_l2d
 .text          0x0040657c      0x424 c:/program files (x86)/atmel/atmel toolchain/arm gcc/native/4.8.1443/arm-gnu-toolchain/bin/../lib/gcc/arm-none-eabi/4.8.4/armv7-m\libgcc.a(_arm_muldivdf3.o)
                0x0040657c                __aeabi_dmul
                0x0040657c                __muldf3
                0x004067d0                __divdf3
                0x004067d0                __aeabi_ddiv
 .text          0x004069a0      0x110 c:/program files (x86)/atmel/atmel toolchain/arm gcc/native/4.8.1443/arm-gnu-toolchain/bin/../lib/gcc/arm-none-eabi/4.8.4/armv7-m\libgcc.a(_arm_cmpdf2.o)
                0x004069a0                __gtdf2
                0x004069a0                __gedf2
                0x004069a8                __ltdf2
                0x004069a8                __ledf2
                0x004069b0                __nedf2
                0x004069b0                __eqdf2
                0x004069b0                __cmpdf2
                0x00406a2c                __aeabi_cdrcmple
                0x00406a3c                __aeabi_cdcmpeq
                0x00406a3c                __aeabi_cdcmple
                0x00406a4c                __aeabi_dcmpeq
                0x00406a60                __aeabi_dcmplt
                0x00406a74                __aeabi_dcmple
                0x00406a88                __aeabi_dcmpge
                0x00406a9c                __aeabi_dcmpgt
 .text          0x00406ab0       0x50 c:/program files (x86)/atmel/atmel toolchain/arm gcc/native/4.8.1443/arm-gnu-toolchain/bin/../lib/gcc/arm-none-eabi/4.8.4/armv7-m\libgcc.a(_arm_fixdfsi.o)
                0x00406ab0                __aeabi_d2iz
                0x00406ab0                __fixdfsi
 .text          0x00406b00       0x2c c:/program files (x86)/atmel/atmel toolchain/arm gcc/native/4.8.1443/arm-gnu-toolchain/bin/../lib/gcc/arm-none-eabi/4.8.4/armv7-m\libgcc.a(_aeabi_uldivmod.o)
                0x00406b00                __aeabi_uldivmod
 .text          0x00406b2c       0x60 c:/program files (x86)/atmel/atmel toolchain/arm gcc/native/4.8.1443/arm-gnu-toolchain/bin/../lib/gcc/arm-none-eabi/4.8.4/armv7-m\libgcc.a(bpabi.o)
                0x00406b2c                __gnu_ldivmod_helper
                0x00406b5c                __gnu_uldivmod_helper
 .text          0x00406b8c        0x4 c:/program files (x86)/atmel/atmel toolchain/arm gcc/native/4.8.1443/arm-gnu-toolchain/bin/../lib/gcc/arm-none-eabi/4.8.4/armv7-m\libgcc.a(_dvmd_tls.o)
                0x00406b8c                __aeabi_idiv0
                0x00406b8c                __aeabi_ldiv0
 .text          0x00406b90      0x2a0 c:/program files (x86)/atmel/atmel toolchain/arm gcc/native/4.8.1443/arm-gnu-toolchain/bin/../lib/gcc/arm-none-eabi/4.8.4/armv7-m\libgcc.a(_divdi3.o)
                0x00406b90                __divdi3
 .text          0x00406e30      0x290 c:/program files (x86)/atmel/atmel toolchain/arm gcc/native/4.8.1443/arm-gnu-toolchain/bin/../lib/gcc/arm-none-eabi/4.8.4/armv7-m\libgcc.a(_udivdi3.o)
                0x00406e30                __udivdi3
 *(.glue_7t)
 .glue_7t       0x00000000        0x0 linker stubs
 *(.glue_7)
 .glue_7        0x00000000        0x0 linker stubs
 *(.rodata .rodata* .gnu.linkonce.r.*)
 .rodata.p_uc_charset10x14
                0x004070c0      0x780 src/ASF/sam/components/display/ili9225/ili9225.o
                0x004070c0                p_uc_charset10x14
 .rodata.str1.4
                0x00407840        0x6 src/lcd_aux.o
                                  0x8 (size before relaxing)
 *fill*         0x00407846        0x2 
 .rodata.str1.4
                0x00407848       0x4b src/main.o
                                 0x4c (size before relaxing)
 *fill*         0x00407893        0x1 
 .rodata        0x00407894       0x2c src/ASF/sam/drivers/pwm/pwm.o
 .rodata.str1.4
                0x004078c0        0x2 c:/program files (x86)/atmel/atmel toolchain/arm gcc/native/4.8.1443/arm-gnu-toolchain/bin/../lib/gcc/arm-none-eabi/4.8.4/../../../../arm-none-eabi/lib/armv7-m\libc.a(lib_a-impure.o)
                                  0x4 (size before relaxing)
 *fill*         0x004078c2        0x2 
 .rodata._global_impure_ptr
                0x004078c4        0x4 c:/program files (x86)/atmel/atmel toolchain/arm gcc/native/4.8.1443/arm-gnu-toolchain/bin/../lib/gcc/arm-none-eabi/4.8.4/../../../../arm-none-eabi/lib/armv7-m\libc.a(lib_a-impure.o)
                0x004078c4                _global_impure_ptr
 .rodata.zeroes.6763
                0x004078c8       0x10 c:/program files (x86)/atmel/atmel toolchain/arm gcc/native/4.8.1443/arm-gnu-toolchain/bin/../lib/gcc/arm-none-eabi/4.8.4/../../../../arm-none-eabi/lib/armv7-m\libc.a(lib_a-svfprintf.o)
 .rodata.str1.4
                0x004078d8       0x42 c:/program files (x86)/atmel/atmel toolchain/arm gcc/native/4.8.1443/arm-gnu-toolchain/bin/../lib/gcc/arm-none-eabi/4.8.4/../../../../arm-none-eabi/lib/armv7-m\libc.a(lib_a-svfprintf.o)
                                 0x44 (size before relaxing)
 *fill*         0x0040791a        0x2 
 .rodata.blanks.6762
                0x0040791c       0x10 c:/program files (x86)/atmel/atmel toolchain/arm gcc/native/4.8.1443/arm-gnu-toolchain/bin/../lib/gcc/arm-none-eabi/4.8.4/../../../../arm-none-eabi/lib/armv7-m\libc.a(lib_a-svfprintf.o)
 .rodata.str1.4
                0x0040792c       0x10 c:/program files (x86)/atmel/atmel toolchain/arm gcc/native/4.8.1443/arm-gnu-toolchain/bin/../lib/gcc/arm-none-eabi/4.8.4/../../../../arm-none-eabi/lib/armv7-m\libc.a(lib_a-dtoa.o)
                                 0x14 (size before relaxing)
 .rodata.str1.4
                0x0040793c        0xc c:/program files (x86)/atmel/atmel toolchain/arm gcc/native/4.8.1443/arm-gnu-toolchain/bin/../lib/gcc/arm-none-eabi/4.8.4/../../../../arm-none-eabi/lib/armv7-m\libc.a(lib_a-locale.o)
                                 0x14 (size before relaxing)
 .rodata.__mprec_tens
                0x00407948       0xc8 c:/program files (x86)/atmel/atmel toolchain/arm gcc/native/4.8.1443/arm-gnu-toolchain/bin/../lib/gcc/arm-none-eabi/4.8.4/../../../../arm-none-eabi/lib/armv7-m\libc.a(lib_a-mprec.o)
                0x00407948                __mprec_tens
 .rodata.__mprec_bigtens
                0x00407a10       0x28 c:/program files (x86)/atmel/atmel toolchain/arm gcc/native/4.8.1443/arm-gnu-toolchain/bin/../lib/gcc/arm-none-eabi/4.8.4/../../../../arm-none-eabi/lib/armv7-m\libc.a(lib_a-mprec.o)
                0x00407a10                __mprec_bigtens
 .rodata.p05.5269
                0x00407a38        0xc c:/program files (x86)/atmel/atmel toolchain/arm gcc/native/4.8.1443/arm-gnu-toolchain/bin/../lib/gcc/arm-none-eabi/4.8.4/../../../../arm-none-eabi/lib/armv7-m\libc.a(lib_a-mprec.o)
 *(.ARM.extab* .gnu.linkonce.armextab.*)
                0x00407a44                . = ALIGN (0x4)
 *(.init)
 .init          0x00407a44        0x4 c:/program files (x86)/atmel/atmel toolchain/arm gcc/native/4.8.1443/arm-gnu-toolchain/bin/../lib/gcc/arm-none-eabi/4.8.4/armv7-m/crti.o
                0x00407a44                _init
 .init          0x00407a48        0x8 c:/program files (x86)/atmel/atmel toolchain/arm gcc/native/4.8.1443/arm-gnu-toolchain/bin/../lib/gcc/arm-none-eabi/4.8.4/armv7-m/crtn.o
                0x00407a50                . = ALIGN (0x4)
                0x00407a50                __preinit_array_start = .
 *(.preinit_array)
                0x00407a50                __preinit_array_end = .
                0x00407a50                . = ALIGN (0x4)
                0x00407a50                __init_array_start = .
 *(SORT(.init_array.*))
 .init_array.00000
                0x00407a50        0x4 c:/program files (x86)/atmel/atmel toolchain/arm gcc/native/4.8.1443/arm-gnu-toolchain/bin/../lib/gcc/arm-none-eabi/4.8.4/../../../../arm-none-eabi/lib/armv7-m\libc.a(lib_a-__call_atexit.o)
 *(.init_array)
 .init_array    0x00407a54        0x4 c:/program files (x86)/atmel/atmel toolchain/arm gcc/native/4.8.1443/arm-gnu-toolchain/bin/../lib/gcc/arm-none-eabi/4.8.4/armv7-m/crtbegin.o
                0x00407a58                __init_array_end = .
                0x00407a58                . = ALIGN (0x4)
 *crtbegin.o(.ctors)
 *(EXCLUDE_FILE(*crtend.o) .ctors)
 *(SORT(.ctors.*))
 *crtend.o(.ctors)
                0x00407a58                . = ALIGN (0x4)
 *(.fini)
 .fini          0x00407a58        0x4 c:/program files (x86)/atmel/atmel toolchain/arm gcc/native/4.8.1443/arm-gnu-toolchain/bin/../lib/gcc/arm-none-eabi/4.8.4/armv7-m/crti.o
                0x00407a58                _fini
 .fini          0x00407a5c        0x8 c:/program files (x86)/atmel/atmel toolchain/arm gcc/native/4.8.1443/arm-gnu-toolchain/bin/../lib/gcc/arm-none-eabi/4.8.4/armv7-m/crtn.o
                0x00407a64                . = ALIGN (0x4)
                0x00407a64                __fini_array_start = .
 *(.fini_array)
 .fini_array    0x00407a64        0x4 c:/program files (x86)/atmel/atmel toolchain/arm gcc/native/4.8.1443/arm-gnu-toolchain/bin/../lib/gcc/arm-none-eabi/4.8.4/armv7-m/crtbegin.o
 *(SORT(.fini_array.*))
                0x00407a68                __fini_array_end = .
 *crtbegin.o(.dtors)
 *(EXCLUDE_FILE(*crtend.o) .dtors)
 *(SORT(.dtors.*))
 *crtend.o(.dtors)
                0x00407a68                . = ALIGN (0x4)
                0x00407a68                _efixed = .
                0x00407a68                PROVIDE (__exidx_start, .)

.vfp11_veneer   0x00407a68        0x0
 .vfp11_veneer  0x00000000        0x0 linker stubs

.v4_bx          0x00407a68        0x0
 .v4_bx         0x00000000        0x0 linker stubs

.iplt           0x00407a68        0x0
 .iplt          0x00000000        0x0 c:/program files (x86)/atmel/atmel toolchain/arm gcc/native/4.8.1443/arm-gnu-toolchain/bin/../lib/gcc/arm-none-eabi/4.8.4/armv7-m/crtbegin.o

.ARM.exidx      0x00407a68        0x8
 *(.ARM.exidx* .gnu.linkonce.armexidx.*)
 .ARM.exidx     0x00407a68        0x8 c:/program files (x86)/atmel/atmel toolchain/arm gcc/native/4.8.1443/arm-gnu-toolchain/bin/../lib/gcc/arm-none-eabi/4.8.4/armv7-m\libgcc.a(_divdi3.o)
 .ARM.exidx     0x00407a70        0x0 c:/program files (x86)/atmel/atmel toolchain/arm gcc/native/4.8.1443/arm-gnu-toolchain/bin/../lib/gcc/arm-none-eabi/4.8.4/armv7-m\libgcc.a(_udivdi3.o)
                                  0x8 (size before relaxing)
                0x00407a70                PROVIDE (__exidx_end, .)

.eh_frame       0x00407a70        0x0
 .eh_frame      0x00407a70        0x0 c:/program files (x86)/atmel/atmel toolchain/arm gcc/native/4.8.1443/arm-gnu-toolchain/bin/../lib/gcc/arm-none-eabi/4.8.4/armv7-m/crtbegin.o

.rel.dyn        0x00407a70        0x0
 .rel.iplt      0x00000000        0x0 c:/program files (x86)/atmel/atmel toolchain/arm gcc/native/4.8.1443/arm-gnu-toolchain/bin/../lib/gcc/arm-none-eabi/4.8.4/armv7-m/crtbegin.o

.jcr            0x00407a70        0x0
 .jcr           0x00407a70        0x0 c:/program files (x86)/atmel/atmel toolchain/arm gcc/native/4.8.1443/arm-gnu-toolchain/bin/../lib/gcc/arm-none-eabi/4.8.4/armv7-m/crtbegin.o

.igot.plt       0x00407a70        0x0
 .igot.plt      0x00000000        0x0 c:/program files (x86)/atmel/atmel toolchain/arm gcc/native/4.8.1443/arm-gnu-toolchain/bin/../lib/gcc/arm-none-eabi/4.8.4/armv7-m/crtbegin.o
                0x00407a70                . = ALIGN (0x4)
                0x00407a70                _etext = .

.relocate       0x20000000      0x95c load address 0x00407a70
                0x20000000                . = ALIGN (0x4)
                0x20000000                _srelocate = .
 *(.ramfunc .ramfunc.*)
 .ramfunc       0x20000000       0xe4 src/ASF/sam/utils/cmsis/sam3n/source/templates/system_sam3n.o
                0x20000000                SystemInit
                0x200000a0                system_init_flash
 *(.data .data.*)
 .data.SystemCoreClock
                0x200000e4        0x4 src/ASF/sam/utils/cmsis/sam3n/source/templates/system_sam3n.o
                0x200000e4                SystemCoreClock
 .data.impure_data
                0x200000e8      0x428 c:/program files (x86)/atmel/atmel toolchain/arm gcc/native/4.8.1443/arm-gnu-toolchain/bin/../lib/gcc/arm-none-eabi/4.8.4/../../../../arm-none-eabi/lib/armv7-m\libc.a(lib_a-impure.o)
 .data._impure_ptr
                0x20000510        0x4 c:/program files (x86)/atmel/atmel toolchain/arm gcc/native/4.8.1443/arm-gnu-toolchain/bin/../lib/gcc/arm-none-eabi/4.8.4/../../../../arm-none-eabi/lib/armv7-m\libc.a(lib_a-impure.o)
                0x20000510                _impure_ptr
 .data.lconv    0x20000514       0x38 c:/program files (x86)/atmel/atmel toolchain/arm gcc/native/4.8.1443/arm-gnu-toolchain/bin/../lib/gcc/arm-none-eabi/4.8.4/../../../../arm-none-eabi/lib/armv7-m\libc.a(lib_a-locale.o)
 .data.__malloc_av_
                0x2000054c      0x408 c:/program files (x86)/atmel/atmel toolchain/arm gcc/native/4.8.1443/arm-gnu-toolchain/bin/../lib/gcc/arm-none-eabi/4.8.4/../../../../arm-none-eabi/lib/armv7-m\libc.a(lib_a-mallocr.o)
                0x2000054c                __malloc_av_
 .data.__malloc_trim_threshold
                0x20000954        0x4 c:/program files (x86)/atmel/atmel toolchain/arm gcc/native/4.8.1443/arm-gnu-toolchain/bin/../lib/gcc/arm-none-eabi/4.8.4/../../../../arm-none-eabi/lib/armv7-m\libc.a(lib_a-mallocr.o)
                0x20000954                __malloc_trim_threshold
 .data.__malloc_sbrk_base
                0x20000958        0x4 c:/program files (x86)/atmel/atmel toolchain/arm gcc/native/4.8.1443/arm-gnu-toolchain/bin/../lib/gcc/arm-none-eabi/4.8.4/../../../../arm-none-eabi/lib/armv7-m\libc.a(lib_a-mallocr.o)
                0x20000958                __malloc_sbrk_base
                0x2000095c                . = ALIGN (0x4)
                0x2000095c                _erelocate = .

.bss            0x2000095c      0x2c4 load address 0x004083cc
                0x2000095c                . = ALIGN (0x4)
                0x2000095c                _sbss = .
                0x2000095c                _szero = .
 *(.bss .bss.*)
 .bss           0x2000095c       0x1c c:/program files (x86)/atmel/atmel toolchain/arm gcc/native/4.8.1443/arm-gnu-toolchain/bin/../lib/gcc/arm-none-eabi/4.8.4/armv7-m/crtbegin.o
 .bss.g_ul_pixel_cache
                0x20000978      0x160 src/ASF/sam/components/display/ili9225/ili9225.o
 .bss.g_by_transfend_flag
                0x20000ad8        0x1 src/ASF/sam/components/display/ili9225/ili9225.o
 *fill*         0x20000ad9        0x3 
 .bss.g_ili9225_display_opt.7885
                0x20000adc       0x10 src/lcd_aux.o
 .bss.hall_1_aux.7947
                0x20000aec        0x4 src/main.o
 .bss.hall_code.7921
                0x20000af0        0x1 src/main.o
 *fill*         0x20000af1        0x3 
 .bss.hall_3    0x20000af4        0x4 src/main.o
                0x20000af4                hall_3
 .bss.ul_duty1.7922
                0x20000af8        0x4 src/main.o
 .bss.flag_hab_test
                0x20000afc        0x1 src/main.o
 *fill*         0x20000afd        0x3 
 .bss.ul_duty3.7924
                0x20000b00        0x4 src/main.o
 .bss.hall_1    0x20000b04        0x4 src/main.o
                0x20000b04                hall_1
 .bss.hall_2    0x20000b08        0x4 src/main.o
                0x20000b08                hall_2
 .bss.hall_2_aux.7948
                0x20000b0c        0x4 src/main.o
 .bss.vel_pulse
                0x20000b10        0x4 src/main.o
                0x20000b10                vel_pulse
 .bss.ul_duty2.7923
                0x20000b14        0x4 src/main.o
 .bss.hall_3_aux.7949
                0x20000b18        0x4 src/main.o
 .bss.high1.7925
                0x20000b1c        0x4 src/main.o
 .bss.phase_aux.7946
                0x20000b20        0x1 src/main.o
 *fill*         0x20000b21        0x3 
 .bss.vel_count_aux.7951
                0x20000b24        0x4 src/main.o
 .bss.ul_duty   0x20000b28        0x4 src/main.o
 .bss.vel_count
                0x20000b2c        0x4 src/main.o
                0x20000b2c                vel_count
 .bss.flag_hab_m
                0x20000b30        0x1 src/main.o
 *fill*         0x20000b31        0x3 
 .bss.low1.7927
                0x20000b34        0x4 src/main.o
 .bss.ul_duty_aux.7950
                0x20000b38        0x4 src/main.o
 .bss.high2.7926
                0x20000b3c        0x4 src/main.o
 .bss.phase     0x20000b40        0x1 src/main.o
                0x20000b40                phase
 *fill*         0x20000b41        0x3 
 .bss.gs_ul_nb_sources
                0x20000b44        0x4 src/ASF/sam/drivers/pio/pio_handler.o
 .bss.gs_interrupt_sources
                0x20000b48       0x70 src/ASF/sam/drivers/pio/pio_handler.o
 .bss.heap.5098
                0x20000bb8        0x4 src/ASF/sam/utils/syscalls/gcc/syscalls.o
 .bss.__malloc_max_total_mem
                0x20000bbc        0x4 c:/program files (x86)/atmel/atmel toolchain/arm gcc/native/4.8.1443/arm-gnu-toolchain/bin/../lib/gcc/arm-none-eabi/4.8.4/../../../../arm-none-eabi/lib/armv7-m\libc.a(lib_a-mallocr.o)
                0x20000bbc                __malloc_max_total_mem
 .bss.__malloc_max_sbrked_mem
                0x20000bc0        0x4 c:/program files (x86)/atmel/atmel toolchain/arm gcc/native/4.8.1443/arm-gnu-toolchain/bin/../lib/gcc/arm-none-eabi/4.8.4/../../../../arm-none-eabi/lib/armv7-m\libc.a(lib_a-mallocr.o)
                0x20000bc0                __malloc_max_sbrked_mem
 .bss.__malloc_top_pad
                0x20000bc4        0x4 c:/program files (x86)/atmel/atmel toolchain/arm gcc/native/4.8.1443/arm-gnu-toolchain/bin/../lib/gcc/arm-none-eabi/4.8.4/../../../../arm-none-eabi/lib/armv7-m\libc.a(lib_a-mallocr.o)
                0x20000bc4                __malloc_top_pad
 .bss.__malloc_current_mallinfo
                0x20000bc8       0x28 c:/program files (x86)/atmel/atmel toolchain/arm gcc/native/4.8.1443/arm-gnu-toolchain/bin/../lib/gcc/arm-none-eabi/4.8.4/../../../../arm-none-eabi/lib/armv7-m\libc.a(lib_a-mallocr.o)
                0x20000bc8                __malloc_current_mallinfo
 *(COMMON)
 COMMON         0x20000bf0       0x20 src/main.o
                0x20000bf0                pre_lcd
                0x20000bf4                pos_lcd_x
                0x20000bf8                pos_lcd_y
                0x20000bfc                g_pwm_channel
 COMMON         0x20000c10        0x4 src/ASF/common/utils/stdio/read.o
                0x20000c10                ptr_get
 COMMON         0x20000c14        0x8 src/ASF/common/utils/stdio/write.o
                0x20000c14                ptr_put
                0x20000c18                stdio_base
 COMMON         0x20000c1c        0x4 c:/program files (x86)/atmel/atmel toolchain/arm gcc/native/4.8.1443/arm-gnu-toolchain/bin/../lib/gcc/arm-none-eabi/4.8.4/../../../../arm-none-eabi/lib/armv7-m\libc.a(lib_a-reent.o)
                0x20000c1c                errno
                0x20000c20                . = ALIGN (0x4)
                0x20000c20                _ebss = .
                0x20000c20                _ezero = .

.stack          0x20000c20      0x800 load address 0x00408690
                0x20000c20                . = ALIGN (0x8)
                0x20000c20                _sstack = .
                0x20001420                . = (. + __stack_size__)
 *fill*         0x20000c20      0x800 
                0x20001420                . = ALIGN (0x8)
                0x20001420                _estack = .
                0x20001420                . = ALIGN (0x4)
                0x20001420                _end = .
OUTPUT(ensaio_simulador.elf elf32-littlearm)

.ARM.attributes
                0x00000000       0x29
 .ARM.attributes
                0x00000000       0x1d c:/program files (x86)/atmel/atmel toolchain/arm gcc/native/4.8.1443/arm-gnu-toolchain/bin/../lib/gcc/arm-none-eabi/4.8.4/armv7-m/crti.o
 .ARM.attributes
                0x0000001d       0x2d c:/program files (x86)/atmel/atmel toolchain/arm gcc/native/4.8.1443/arm-gnu-toolchain/bin/../lib/gcc/arm-none-eabi/4.8.4/armv7-m/crtbegin.o
 .ARM.attributes
                0x0000004a       0x33 src/ASF/common/services/spi/sam_spi/spi_master.o
 .ARM.attributes
                0x0000007d       0x33 src/ASF/sam/drivers/tc/tc.o
 .ARM.attributes
                0x000000b0       0x33 src/six_step.o
 .ARM.attributes
                0x000000e3       0x33 src/ASF/sam/components/display/aat31xx/aat31xx.o
 .ARM.attributes
                0x00000116       0x33 src/ASF/sam/components/display/ili9225/ili9225.o
 .ARM.attributes
                0x00000149       0x33 src/ASF/sam/drivers/spi/spi.o
 .ARM.attributes
                0x0000017c       0x33 src/lcd_aux.o
 .ARM.attributes
                0x000001af       0x33 src/main.o
 .ARM.attributes
                0x000001e2       0x33 src/ASF/common/services/clock/sam3n/sysclk.o
 .ARM.attributes
                0x00000215       0x33 src/ASF/common/utils/stdio/read.o
 .ARM.attributes
                0x00000248       0x33 src/ASF/common/utils/stdio/write.o
 .ARM.attributes
                0x0000027b       0x33 src/ASF/sam/boards/sam3n_ek/init.o
 .ARM.attributes
                0x000002ae       0x33 src/ASF/sam/drivers/pio/pio.o
 .ARM.attributes
                0x000002e1       0x33 src/ASF/sam/drivers/pio/pio_handler.o
 .ARM.attributes
                0x00000314       0x33 src/ASF/sam/drivers/pmc/pmc.o
 .ARM.attributes
                0x00000347       0x33 src/ASF/sam/drivers/pwm/pwm.o
 .ARM.attributes
                0x0000037a       0x33 src/ASF/sam/drivers/uart/uart.o
 .ARM.attributes
                0x000003ad       0x33 src/ASF/sam/drivers/usart/usart.o
 .ARM.attributes
                0x000003e0       0x33 src/ASF/sam/utils/cmsis/sam3n/source/templates/exceptions.o
 .ARM.attributes
                0x00000413       0x33 src/ASF/sam/utils/cmsis/sam3n/source/templates/gcc/startup_sam3n.o
 .ARM.attributes
                0x00000446       0x33 src/ASF/sam/utils/cmsis/sam3n/source/templates/system_sam3n.o
 .ARM.attributes
                0x00000479       0x33 src/ASF/sam/utils/syscalls/gcc/syscalls.o
 .ARM.attributes
                0x000004ac       0x2d c:/program files (x86)/atmel/atmel toolchain/arm gcc/native/4.8.1443/arm-gnu-toolchain/bin/../lib/gcc/arm-none-eabi/4.8.4/../../../../arm-none-eabi/lib/armv7-m\libc.a(lib_a-impure.o)
 .ARM.attributes
                0x000004d9       0x2d c:/program files (x86)/atmel/atmel toolchain/arm gcc/native/4.8.1443/arm-gnu-toolchain/bin/../lib/gcc/arm-none-eabi/4.8.4/../../../../arm-none-eabi/lib/armv7-m\libc.a(lib_a-init.o)
 .ARM.attributes
                0x00000506       0x2d c:/program files (x86)/atmel/atmel toolchain/arm gcc/native/4.8.1443/arm-gnu-toolchain/bin/../lib/gcc/arm-none-eabi/4.8.4/../../../../arm-none-eabi/lib/armv7-m\libc.a(lib_a-memset.o)
 .ARM.attributes
                0x00000533       0x2d c:/program files (x86)/atmel/atmel toolchain/arm gcc/native/4.8.1443/arm-gnu-toolchain/bin/../lib/gcc/arm-none-eabi/4.8.4/../../../../arm-none-eabi/lib/armv7-m\libc.a(lib_a-setbuf.o)
 .ARM.attributes
                0x00000560       0x2d c:/program files (x86)/atmel/atmel toolchain/arm gcc/native/4.8.1443/arm-gnu-toolchain/bin/../lib/gcc/arm-none-eabi/4.8.4/../../../../arm-none-eabi/lib/armv7-m\libc.a(lib_a-setvbuf.o)
 .ARM.attributes
                0x0000058d       0x2d c:/program files (x86)/atmel/atmel toolchain/arm gcc/native/4.8.1443/arm-gnu-toolchain/bin/../lib/gcc/arm-none-eabi/4.8.4/../../../../arm-none-eabi/lib/armv7-m\libc.a(lib_a-sprintf.o)
 .ARM.attributes
                0x000005ba       0x2d c:/program files (x86)/atmel/atmel toolchain/arm gcc/native/4.8.1443/arm-gnu-toolchain/bin/../lib/gcc/arm-none-eabi/4.8.4/../../../../arm-none-eabi/lib/armv7-m\libc.a(lib_a-svfprintf.o)
 .ARM.attributes
                0x000005e7       0x2d c:/program files (x86)/atmel/atmel toolchain/arm gcc/native/4.8.1443/arm-gnu-toolchain/bin/../lib/gcc/arm-none-eabi/4.8.4/../../../../arm-none-eabi/lib/armv7-m\libc.a(lib_a-__call_atexit.o)
 .ARM.attributes
                0x00000614       0x2d c:/program files (x86)/atmel/atmel toolchain/arm gcc/native/4.8.1443/arm-gnu-toolchain/bin/../lib/gcc/arm-none-eabi/4.8.4/../../../../arm-none-eabi/lib/armv7-m\libc.a(lib_a-atexit.o)
 .ARM.attributes
                0x00000641       0x2d c:/program files (x86)/atmel/atmel toolchain/arm gcc/native/4.8.1443/arm-gnu-toolchain/bin/../lib/gcc/arm-none-eabi/4.8.4/../../../../arm-none-eabi/lib/armv7-m\libc.a(lib_a-dtoa.o)
 .ARM.attributes
                0x0000066e       0x2d c:/program files (x86)/atmel/atmel toolchain/arm gcc/native/4.8.1443/arm-gnu-toolchain/bin/../lib/gcc/arm-none-eabi/4.8.4/../../../../arm-none-eabi/lib/armv7-m\libc.a(lib_a-fflush.o)
 .ARM.attributes
                0x0000069b       0x2d c:/program files (x86)/atmel/atmel toolchain/arm gcc/native/4.8.1443/arm-gnu-toolchain/bin/../lib/gcc/arm-none-eabi/4.8.4/../../../../arm-none-eabi/lib/armv7-m\libc.a(lib_a-findfp.o)
 .ARM.attributes
                0x000006c8       0x2d c:/program files (x86)/atmel/atmel toolchain/arm gcc/native/4.8.1443/arm-gnu-toolchain/bin/../lib/gcc/arm-none-eabi/4.8.4/../../../../arm-none-eabi/lib/armv7-m\libc.a(lib_a-fini.o)
 .ARM.attributes
                0x000006f5       0x2d c:/program files (x86)/atmel/atmel toolchain/arm gcc/native/4.8.1443/arm-gnu-toolchain/bin/../lib/gcc/arm-none-eabi/4.8.4/../../../../arm-none-eabi/lib/armv7-m\libc.a(lib_a-freer.o)
 .ARM.attributes
                0x00000722       0x2d c:/program files (x86)/atmel/atmel toolchain/arm gcc/native/4.8.1443/arm-gnu-toolchain/bin/../lib/gcc/arm-none-eabi/4.8.4/../../../../arm-none-eabi/lib/armv7-m\libc.a(lib_a-fwalk.o)
 .ARM.attributes
                0x0000074f       0x2d c:/program files (x86)/atmel/atmel toolchain/arm gcc/native/4.8.1443/arm-gnu-toolchain/bin/../lib/gcc/arm-none-eabi/4.8.4/../../../../arm-none-eabi/lib/armv7-m\libc.a(lib_a-locale.o)
 .ARM.attributes
                0x0000077c       0x2d c:/program files (x86)/atmel/atmel toolchain/arm gcc/native/4.8.1443/arm-gnu-toolchain/bin/../lib/gcc/arm-none-eabi/4.8.4/../../../../arm-none-eabi/lib/armv7-m\libc.a(lib_a-malloc.o)
 .ARM.attributes
                0x000007a9       0x2d c:/program files (x86)/atmel/atmel toolchain/arm gcc/native/4.8.1443/arm-gnu-toolchain/bin/../lib/gcc/arm-none-eabi/4.8.4/../../../../arm-none-eabi/lib/armv7-m\libc.a(lib_a-mallocr.o)
 .ARM.attributes
                0x000007d6       0x2d c:/program files (x86)/atmel/atmel toolchain/arm gcc/native/4.8.1443/arm-gnu-toolchain/bin/../lib/gcc/arm-none-eabi/4.8.4/../../../../arm-none-eabi/lib/armv7-m\libc.a(lib_a-memchr-stub.o)
 .ARM.attributes
                0x00000803       0x1b c:/program files (x86)/atmel/atmel toolchain/arm gcc/native/4.8.1443/arm-gnu-toolchain/bin/../lib/gcc/arm-none-eabi/4.8.4/../../../../arm-none-eabi/lib/armv7-m\libc.a(lib_a-memcpy.o)
 .ARM.attributes
                0x0000081e       0x2d c:/program files (x86)/atmel/atmel toolchain/arm gcc/native/4.8.1443/arm-gnu-toolchain/bin/../lib/gcc/arm-none-eabi/4.8.4/../../../../arm-none-eabi/lib/armv7-m\libc.a(lib_a-memmove.o)
 .ARM.attributes
                0x0000084b       0x2d c:/program files (x86)/atmel/atmel toolchain/arm gcc/native/4.8.1443/arm-gnu-toolchain/bin/../lib/gcc/arm-none-eabi/4.8.4/../../../../arm-none-eabi/lib/armv7-m\libc.a(lib_a-mlock.o)
 .ARM.attributes
                0x00000878       0x2d c:/program files (x86)/atmel/atmel toolchain/arm gcc/native/4.8.1443/arm-gnu-toolchain/bin/../lib/gcc/arm-none-eabi/4.8.4/../../../../arm-none-eabi/lib/armv7-m\libc.a(lib_a-mprec.o)
 .ARM.attributes
                0x000008a5       0x2d c:/program files (x86)/atmel/atmel toolchain/arm gcc/native/4.8.1443/arm-gnu-toolchain/bin/../lib/gcc/arm-none-eabi/4.8.4/../../../../arm-none-eabi/lib/armv7-m\libc.a(lib_a-reallocr.o)
 .ARM.attributes
                0x000008d2       0x2d c:/program files (x86)/atmel/atmel toolchain/arm gcc/native/4.8.1443/arm-gnu-toolchain/bin/../lib/gcc/arm-none-eabi/4.8.4/../../../../arm-none-eabi/lib/armv7-m\libc.a(lib_a-s_fpclassify.o)
 .ARM.attributes
                0x000008ff       0x2d c:/program files (x86)/atmel/atmel toolchain/arm gcc/native/4.8.1443/arm-gnu-toolchain/bin/../lib/gcc/arm-none-eabi/4.8.4/../../../../arm-none-eabi/lib/armv7-m\libc.a(lib_a-sbrkr.o)
 .ARM.attributes
                0x0000092c       0x2d c:/program files (x86)/atmel/atmel toolchain/arm gcc/native/4.8.1443/arm-gnu-toolchain/bin/../lib/gcc/arm-none-eabi/4.8.4/../../../../arm-none-eabi/lib/armv7-m\libc.a(lib_a-stdio.o)
 .ARM.attributes
                0x00000959       0x2d c:/program files (x86)/atmel/atmel toolchain/arm gcc/native/4.8.1443/arm-gnu-toolchain/bin/../lib/gcc/arm-none-eabi/4.8.4/../../../../arm-none-eabi/lib/armv7-m\libc.a(lib_a-strlen.o)
 .ARM.attributes
                0x00000986       0x2d c:/program files (x86)/atmel/atmel toolchain/arm gcc/native/4.8.1443/arm-gnu-toolchain/bin/../lib/gcc/arm-none-eabi/4.8.4/../../../../arm-none-eabi/lib/armv7-m\libc.a(lib_a-svfiprintf.o)
 .ARM.attributes
                0x000009b3       0x2d c:/program files (x86)/atmel/atmel toolchain/arm gcc/native/4.8.1443/arm-gnu-toolchain/bin/../lib/gcc/arm-none-eabi/4.8.4/../../../../arm-none-eabi/lib/armv7-m\libc.a(lib_a-writer.o)
 .ARM.attributes
                0x000009e0       0x2d c:/program files (x86)/atmel/atmel toolchain/arm gcc/native/4.8.1443/arm-gnu-toolchain/bin/../lib/gcc/arm-none-eabi/4.8.4/../../../../arm-none-eabi/lib/armv7-m\libc.a(lib_a-__atexit.o)
 .ARM.attributes
                0x00000a0d       0x2d c:/program files (x86)/atmel/atmel toolchain/arm gcc/native/4.8.1443/arm-gnu-toolchain/bin/../lib/gcc/arm-none-eabi/4.8.4/../../../../arm-none-eabi/lib/armv7-m\libc.a(lib_a-callocr.o)
 .ARM.attributes
                0x00000a3a       0x2d c:/program files (x86)/atmel/atmel toolchain/arm gcc/native/4.8.1443/arm-gnu-toolchain/bin/../lib/gcc/arm-none-eabi/4.8.4/../../../../arm-none-eabi/lib/armv7-m\libc.a(lib_a-closer.o)
 .ARM.attributes
                0x00000a67       0x2d c:/program files (x86)/atmel/atmel toolchain/arm gcc/native/4.8.1443/arm-gnu-toolchain/bin/../lib/gcc/arm-none-eabi/4.8.4/../../../../arm-none-eabi/lib/armv7-m\libc.a(lib_a-fclose.o)
 .ARM.attributes
                0x00000a94       0x2d c:/program files (x86)/atmel/atmel toolchain/arm gcc/native/4.8.1443/arm-gnu-toolchain/bin/../lib/gcc/arm-none-eabi/4.8.4/../../../../arm-none-eabi/lib/armv7-m\libc.a(lib_a-lseekr.o)
 .ARM.attributes
                0x00000ac1       0x2d c:/program files (x86)/atmel/atmel toolchain/arm gcc/native/4.8.1443/arm-gnu-toolchain/bin/../lib/gcc/arm-none-eabi/4.8.4/../../../../arm-none-eabi/lib/armv7-m\libc.a(lib_a-readr.o)
 .ARM.attributes
                0x00000aee       0x2d c:/program files (x86)/atmel/atmel toolchain/arm gcc/native/4.8.1443/arm-gnu-toolchain/bin/../lib/gcc/arm-none-eabi/4.8.4/../../../../arm-none-eabi/lib/armv7-m\libc.a(lib_a-reent.o)
 .ARM.attributes
                0x00000b1b       0x1d c:/program files (x86)/atmel/atmel toolchain/arm gcc/native/4.8.1443/arm-gnu-toolchain/bin/../lib/gcc/arm-none-eabi/4.8.4/armv7-m\libgcc.a(_arm_addsubdf3.o)
 .ARM.attributes
                0x00000b38       0x1d c:/program files (x86)/atmel/atmel toolchain/arm gcc/native/4.8.1443/arm-gnu-toolchain/bin/../lib/gcc/arm-none-eabi/4.8.4/armv7-m\libgcc.a(_arm_muldivdf3.o)
 .ARM.attributes
                0x00000b55       0x1d c:/program files (x86)/atmel/atmel toolchain/arm gcc/native/4.8.1443/arm-gnu-toolchain/bin/../lib/gcc/arm-none-eabi/4.8.4/armv7-m\libgcc.a(_arm_cmpdf2.o)
 .ARM.attributes
                0x00000b72       0x1d c:/program files (x86)/atmel/atmel toolchain/arm gcc/native/4.8.1443/arm-gnu-toolchain/bin/../lib/gcc/arm-none-eabi/4.8.4/armv7-m\libgcc.a(_arm_fixdfsi.o)
 .ARM.attributes
                0x00000b8f       0x1d c:/program files (x86)/atmel/atmel toolchain/arm gcc/native/4.8.1443/arm-gnu-toolchain/bin/../lib/gcc/arm-none-eabi/4.8.4/armv7-m\libgcc.a(_aeabi_uldivmod.o)
 .ARM.attributes
                0x00000bac       0x2d c:/program files (x86)/atmel/atmel toolchain/arm gcc/native/4.8.1443/arm-gnu-toolchain/bin/../lib/gcc/arm-none-eabi/4.8.4/armv7-m\libgcc.a(bpabi.o)
 .ARM.attributes
                0x00000bd9       0x1d c:/program files (x86)/atmel/atmel toolchain/arm gcc/native/4.8.1443/arm-gnu-toolchain/bin/../lib/gcc/arm-none-eabi/4.8.4/armv7-m\libgcc.a(_dvmd_tls.o)
 .ARM.attributes
                0x00000bf6       0x2d c:/program files (x86)/atmel/atmel toolchain/arm gcc/native/4.8.1443/arm-gnu-toolchain/bin/../lib/gcc/arm-none-eabi/4.8.4/armv7-m\libgcc.a(_divdi3.o)
 .ARM.attributes
                0x00000c23       0x2d c:/program files (x86)/atmel/atmel toolchain/arm gcc/native/4.8.1443/arm-gnu-toolchain/bin/../lib/gcc/arm-none-eabi/4.8.4/armv7-m\libgcc.a(_udivdi3.o)
 .ARM.attributes
                0x00000c50       0x1d c:/program files (x86)/atmel/atmel toolchain/arm gcc/native/4.8.1443/arm-gnu-toolchain/bin/../lib/gcc/arm-none-eabi/4.8.4/armv7-m/crtn.o

.comment        0x00000000       0x5b
 .comment       0x00000000       0x5b src/ASF/common/services/spi/sam_spi/spi_master.o
                                 0x5c (size before relaxing)
 .comment       0x00000000       0x5c src/ASF/sam/drivers/tc/tc.o
 .comment       0x00000000       0x5c src/six_step.o
 .comment       0x00000000       0x5c src/ASF/sam/components/display/aat31xx/aat31xx.o
 .comment       0x00000000       0x5c src/ASF/sam/components/display/ili9225/ili9225.o
 .comment       0x00000000       0x5c src/ASF/sam/drivers/spi/spi.o
 .comment       0x00000000       0x5c src/lcd_aux.o
 .comment       0x00000000       0x5c src/main.o
 .comment       0x00000000       0x5c src/ASF/common/services/clock/sam3n/sysclk.o
 .comment       0x00000000       0x5c src/ASF/common/utils/stdio/read.o
 .comment       0x00000000       0x5c src/ASF/common/utils/stdio/write.o
 .comment       0x00000000       0x5c src/ASF/sam/boards/sam3n_ek/init.o
 .comment       0x00000000       0x5c src/ASF/sam/drivers/pio/pio.o
 .comment       0x00000000       0x5c src/ASF/sam/drivers/pio/pio_handler.o
 .comment       0x00000000       0x5c src/ASF/sam/drivers/pmc/pmc.o
 .comment       0x00000000       0x5c src/ASF/sam/drivers/pwm/pwm.o
 .comment       0x00000000       0x5c src/ASF/sam/drivers/uart/uart.o
 .comment       0x00000000       0x5c src/ASF/sam/drivers/usart/usart.o
 .comment       0x00000000       0x5c src/ASF/sam/utils/cmsis/sam3n/source/templates/exceptions.o
 .comment       0x00000000       0x5c src/ASF/sam/utils/cmsis/sam3n/source/templates/gcc/startup_sam3n.o
 .comment       0x00000000       0x5c src/ASF/sam/utils/cmsis/sam3n/source/templates/system_sam3n.o
 .comment       0x00000000       0x5c src/ASF/sam/utils/syscalls/gcc/syscalls.o

.debug_info     0x00000000    0x111b8
 .debug_info    0x00000000      0xb99 src/ASF/common/services/spi/sam_spi/spi_master.o
 .debug_info    0x00000b99      0x940 src/ASF/sam/drivers/tc/tc.o
 .debug_info    0x000014d9     0x1b66 src/six_step.o
 .debug_info    0x0000303f      0x7cd src/ASF/sam/components/display/aat31xx/aat31xx.o
 .debug_info    0x0000380c     0x2088 src/ASF/sam/components/display/ili9225/ili9225.o
 .debug_info    0x00005894      0x8aa src/ASF/sam/drivers/spi/spi.o
 .debug_info    0x0000613e     0x141f src/lcd_aux.o
 .debug_info    0x0000755d     0x1a8e src/main.o
 .debug_info    0x00008feb      0x6da src/ASF/common/services/clock/sam3n/sysclk.o
 .debug_info    0x000096c5      0x1bb src/ASF/common/utils/stdio/read.o
 .debug_info    0x00009880      0x1c0 src/ASF/common/utils/stdio/write.o
 .debug_info    0x00009a40     0x1259 src/ASF/sam/boards/sam3n_ek/init.o
 .debug_info    0x0000ac99     0x15f0 src/ASF/sam/drivers/pio/pio.o
 .debug_info    0x0000c289      0xe2e src/ASF/sam/drivers/pio/pio_handler.o
 .debug_info    0x0000d0b7      0xec7 src/ASF/sam/drivers/pmc/pmc.o
 .debug_info    0x0000df7e      0x767 src/ASF/sam/drivers/pwm/pwm.o
 .debug_info    0x0000e6e5      0x889 src/ASF/sam/drivers/uart/uart.o
 .debug_info    0x0000ef6e     0x14c6 src/ASF/sam/drivers/usart/usart.o
 .debug_info    0x00010434      0x124 src/ASF/sam/utils/cmsis/sam3n/source/templates/exceptions.o
 .debug_info    0x00010558      0x3bd src/ASF/sam/utils/cmsis/sam3n/source/templates/gcc/startup_sam3n.o
 .debug_info    0x00010915      0x464 src/ASF/sam/utils/cmsis/sam3n/source/templates/system_sam3n.o
 .debug_info    0x00010d79      0x43f src/ASF/sam/utils/syscalls/gcc/syscalls.o

.debug_abbrev   0x00000000     0x2e47
 .debug_abbrev  0x00000000      0x26c src/ASF/common/services/spi/sam_spi/spi_master.o
 .debug_abbrev  0x0000026c      0x1bb src/ASF/sam/drivers/tc/tc.o
 .debug_abbrev  0x00000427      0x2e3 src/six_step.o
 .debug_abbrev  0x0000070a      0x1d2 src/ASF/sam/components/display/aat31xx/aat31xx.o
 .debug_abbrev  0x000008dc      0x355 src/ASF/sam/components/display/ili9225/ili9225.o
 .debug_abbrev  0x00000c31      0x272 src/ASF/sam/drivers/spi/spi.o
 .debug_abbrev  0x00000ea3      0x357 src/lcd_aux.o
 .debug_abbrev  0x000011fa      0x3a1 src/main.o
 .debug_abbrev  0x0000159b      0x232 src/ASF/common/services/clock/sam3n/sysclk.o
 .debug_abbrev  0x000017cd      0x101 src/ASF/common/utils/stdio/read.o
 .debug_abbrev  0x000018ce       0xf5 src/ASF/common/utils/stdio/write.o
 .debug_abbrev  0x000019c3      0x25b src/ASF/sam/boards/sam3n_ek/init.o
 .debug_abbrev  0x00001c1e      0x2ef src/ASF/sam/drivers/pio/pio.o
 .debug_abbrev  0x00001f0d      0x257 src/ASF/sam/drivers/pio/pio_handler.o
 .debug_abbrev  0x00002164      0x25b src/ASF/sam/drivers/pmc/pmc.o
 .debug_abbrev  0x000023bf      0x202 src/ASF/sam/drivers/pwm/pwm.o
 .debug_abbrev  0x000025c1      0x1bd src/ASF/sam/drivers/uart/uart.o
 .debug_abbrev  0x0000277e      0x2cf src/ASF/sam/drivers/usart/usart.o
 .debug_abbrev  0x00002a4d       0x8c src/ASF/sam/utils/cmsis/sam3n/source/templates/exceptions.o
 .debug_abbrev  0x00002ad9      0x118 src/ASF/sam/utils/cmsis/sam3n/source/templates/gcc/startup_sam3n.o
 .debug_abbrev  0x00002bf1      0x108 src/ASF/sam/utils/cmsis/sam3n/source/templates/system_sam3n.o
 .debug_abbrev  0x00002cf9      0x14e src/ASF/sam/utils/syscalls/gcc/syscalls.o

.debug_loc      0x00000000     0x6318
 .debug_loc     0x00000000      0x86a src/ASF/common/services/spi/sam_spi/spi_master.o
 .debug_loc     0x0000086a      0x57a src/ASF/sam/drivers/tc/tc.o
 .debug_loc     0x00000de4       0xb1 src/six_step.o
 .debug_loc     0x00000e95       0xd5 src/ASF/sam/components/display/aat31xx/aat31xx.o
 .debug_loc     0x00000f6a     0x13d9 src/ASF/sam/components/display/ili9225/ili9225.o
 .debug_loc     0x00002343      0x51a src/ASF/sam/drivers/spi/spi.o
 .debug_loc     0x0000285d      0x34a src/lcd_aux.o
 .debug_loc     0x00002ba7      0x156 src/main.o
 .debug_loc     0x00002cfd       0xd4 src/ASF/common/services/clock/sam3n/sysclk.o
 .debug_loc     0x00002dd1       0xc5 src/ASF/common/utils/stdio/read.o
 .debug_loc     0x00002e96      0x161 src/ASF/common/utils/stdio/write.o
 .debug_loc     0x00002ff7       0x20 src/ASF/sam/boards/sam3n_ek/init.o
 .debug_loc     0x00003017      0xd40 src/ASF/sam/drivers/pio/pio.o
 .debug_loc     0x00003d57      0x51d src/ASF/sam/drivers/pio/pio_handler.o
 .debug_loc     0x00004274      0xa43 src/ASF/sam/drivers/pmc/pmc.o
 .debug_loc     0x00004cb7      0x417 src/ASF/sam/drivers/pwm/pwm.o
 .debug_loc     0x000050ce      0x236 src/ASF/sam/drivers/uart/uart.o
 .debug_loc     0x00005304      0xe6b src/ASF/sam/drivers/usart/usart.o
 .debug_loc     0x0000616f       0x7e src/ASF/sam/utils/cmsis/sam3n/source/templates/gcc/startup_sam3n.o
 .debug_loc     0x000061ed      0x12b src/ASF/sam/utils/syscalls/gcc/syscalls.o

.debug_aranges  0x00000000      0xb70
 .debug_aranges
                0x00000000       0x48 src/ASF/common/services/spi/sam_spi/spi_master.o
 .debug_aranges
                0x00000048       0xd0 src/ASF/sam/drivers/tc/tc.o
 .debug_aranges
                0x00000118       0x38 src/six_step.o
 .debug_aranges
                0x00000150       0x28 src/ASF/sam/components/display/aat31xx/aat31xx.o
 .debug_aranges
                0x00000178       0xe8 src/ASF/sam/components/display/ili9225/ili9225.o
 .debug_aranges
                0x00000260       0x90 src/ASF/sam/drivers/spi/spi.o
 .debug_aranges
                0x000002f0       0x40 src/lcd_aux.o
 .debug_aranges
                0x00000330       0x58 src/main.o
 .debug_aranges
                0x00000388       0x30 src/ASF/common/services/clock/sam3n/sysclk.o
 .debug_aranges
                0x000003b8       0x20 src/ASF/common/utils/stdio/read.o
 .debug_aranges
                0x000003d8       0x20 src/ASF/common/utils/stdio/write.o
 .debug_aranges
                0x000003f8       0x20 src/ASF/sam/boards/sam3n_ek/init.o
 .debug_aranges
                0x00000418      0x160 src/ASF/sam/drivers/pio/pio.o
 .debug_aranges
                0x00000578       0x50 src/ASF/sam/drivers/pio/pio_handler.o
 .debug_aranges
                0x000005c8      0x1b8 src/ASF/sam/drivers/pmc/pmc.o
 .debug_aranges
                0x00000780       0x80 src/ASF/sam/drivers/pwm/pwm.o
 .debug_aranges
                0x00000800       0xe8 src/ASF/sam/drivers/uart/uart.o
 .debug_aranges
                0x000008e8      0x1b8 src/ASF/sam/drivers/usart/usart.o
 .debug_aranges
                0x00000aa0       0x20 src/ASF/sam/utils/cmsis/sam3n/source/templates/exceptions.o
 .debug_aranges
                0x00000ac0       0x20 src/ASF/sam/utils/cmsis/sam3n/source/templates/gcc/startup_sam3n.o
 .debug_aranges
                0x00000ae0       0x30 src/ASF/sam/utils/cmsis/sam3n/source/templates/system_sam3n.o
 .debug_aranges
                0x00000b10       0x60 src/ASF/sam/utils/syscalls/gcc/syscalls.o

.debug_ranges   0x00000000      0xa90
 .debug_ranges  0x00000000       0x68 src/ASF/common/services/spi/sam_spi/spi_master.o
 .debug_ranges  0x00000068       0xc0 src/ASF/sam/drivers/tc/tc.o
 .debug_ranges  0x00000128       0x28 src/six_step.o
 .debug_ranges  0x00000150       0x30 src/ASF/sam/components/display/aat31xx/aat31xx.o
 .debug_ranges  0x00000180      0x110 src/ASF/sam/components/display/ili9225/ili9225.o
 .debug_ranges  0x00000290       0x80 src/ASF/sam/drivers/spi/spi.o
 .debug_ranges  0x00000310       0x30 src/lcd_aux.o
 .debug_ranges  0x00000340       0x48 src/main.o
 .debug_ranges  0x00000388       0x20 src/ASF/common/services/clock/sam3n/sysclk.o
 .debug_ranges  0x000003a8       0x10 src/ASF/common/utils/stdio/read.o
 .debug_ranges  0x000003b8       0x10 src/ASF/common/utils/stdio/write.o
 .debug_ranges  0x000003c8       0x10 src/ASF/sam/boards/sam3n_ek/init.o
 .debug_ranges  0x000003d8      0x150 src/ASF/sam/drivers/pio/pio.o
 .debug_ranges  0x00000528       0x40 src/ASF/sam/drivers/pio/pio_handler.o
 .debug_ranges  0x00000568      0x1a8 src/ASF/sam/drivers/pmc/pmc.o
 .debug_ranges  0x00000710       0x70 src/ASF/sam/drivers/pwm/pwm.o
 .debug_ranges  0x00000780       0xd8 src/ASF/sam/drivers/uart/uart.o
 .debug_ranges  0x00000858      0x1a8 src/ASF/sam/drivers/usart/usart.o
 .debug_ranges  0x00000a00       0x10 src/ASF/sam/utils/cmsis/sam3n/source/templates/exceptions.o
 .debug_ranges  0x00000a10       0x10 src/ASF/sam/utils/cmsis/sam3n/source/templates/gcc/startup_sam3n.o
 .debug_ranges  0x00000a20       0x20 src/ASF/sam/utils/cmsis/sam3n/source/templates/system_sam3n.o
 .debug_ranges  0x00000a40       0x50 src/ASF/sam/utils/syscalls/gcc/syscalls.o

.debug_macro    0x00000000     0x7454
 .debug_macro   0x00000000      0x492 src/ASF/common/services/spi/sam_spi/spi_master.o
 .debug_macro   0x00000492       0x28 src/ASF/common/services/spi/sam_spi/spi_master.o
 .debug_macro   0x000004ba      0x248 src/ASF/common/services/spi/sam_spi/spi_master.o
 .debug_macro   0x00000702      0x606 src/ASF/common/services/spi/sam_spi/spi_master.o
 .debug_macro   0x00000d08       0x5e src/ASF/common/services/spi/sam_spi/spi_master.o
 .debug_macro   0x00000d66       0x64 src/ASF/common/services/spi/sam_spi/spi_master.o
 .debug_macro   0x00000dca       0x40 src/ASF/common/services/spi/sam_spi/spi_master.o
 .debug_macro   0x00000e0a       0x82 src/ASF/common/services/spi/sam_spi/spi_master.o
 .debug_macro   0x00000e8c       0x16 src/ASF/common/services/spi/sam_spi/spi_master.o
 .debug_macro   0x00000ea2       0x28 src/ASF/common/services/spi/sam_spi/spi_master.o
 .debug_macro   0x00000eca       0x2e src/ASF/common/services/spi/sam_spi/spi_master.o
 .debug_macro   0x00000ef8      0x3f0 src/ASF/sam/drivers/tc/tc.o
 .debug_macro   0x000012e8       0x16 src/ASF/sam/drivers/tc/tc.o
 .debug_macro   0x000012fe       0x4a src/ASF/sam/drivers/tc/tc.o
 .debug_macro   0x00001348       0x1c src/ASF/sam/drivers/tc/tc.o
 .debug_macro   0x00001364      0x56a src/six_step.o
 .debug_macro   0x000018ce      0x100 src/six_step.o
 .debug_macro   0x000019ce      0x4a3 src/ASF/sam/components/display/aat31xx/aat31xx.o
 .debug_macro   0x00001e71      0x242 src/ASF/sam/components/display/aat31xx/aat31xx.o
 .debug_macro   0x000020b3       0x82 src/ASF/sam/components/display/aat31xx/aat31xx.o
 .debug_macro   0x00002135      0x4fa src/ASF/sam/components/display/ili9225/ili9225.o
 .debug_macro   0x0000262f      0x2a6 src/ASF/sam/components/display/ili9225/ili9225.o
 .debug_macro   0x000028d5       0x10 src/ASF/sam/components/display/ili9225/ili9225.o
 .debug_macro   0x000028e5       0x1f src/ASF/sam/components/display/ili9225/ili9225.o
 .debug_macro   0x00002904      0x464 src/ASF/sam/drivers/spi/spi.o
 .debug_macro   0x00002d68       0x10 src/ASF/sam/drivers/spi/spi.o
 .debug_macro   0x00002d78      0x565 src/lcd_aux.o
 .debug_macro   0x000032dd      0x56e src/main.o
 .debug_macro   0x0000384b      0x106 src/main.o
 .debug_macro   0x00003951      0x455 src/ASF/common/services/clock/sam3n/sysclk.o
 .debug_macro   0x00003da6      0x3d5 src/ASF/common/utils/stdio/read.o
 .debug_macro   0x0000417b      0x3d5 src/ASF/common/utils/stdio/write.o
 .debug_macro   0x00004550      0x56a src/ASF/sam/boards/sam3n_ek/init.o
 .debug_macro   0x00004aba       0x1c src/ASF/sam/boards/sam3n_ek/init.o
 .debug_macro   0x00004ad6      0x3f0 src/ASF/sam/drivers/pio/pio.o
 .debug_macro   0x00004ec6       0x8e src/ASF/sam/drivers/pio/pio.o
 .debug_macro   0x00004f54      0x3f4 src/ASF/sam/drivers/pio/pio_handler.o
 .debug_macro   0x00005348      0x3ea src/ASF/sam/drivers/pmc/pmc.o
 .debug_macro   0x00005732       0x58 src/ASF/sam/drivers/pmc/pmc.o
 .debug_macro   0x0000578a      0x409 src/ASF/sam/drivers/pwm/pwm.o
 .debug_macro   0x00005b93      0x3e4 src/ASF/sam/drivers/uart/uart.o
 .debug_macro   0x00005f77       0x16 src/ASF/sam/drivers/uart/uart.o
 .debug_macro   0x00005f8d      0x420 src/ASF/sam/drivers/usart/usart.o
 .debug_macro   0x000063ad       0x28 src/ASF/sam/drivers/usart/usart.o
 .debug_macro   0x000063d5      0x3e9 src/ASF/sam/utils/cmsis/sam3n/source/templates/exceptions.o
 .debug_macro   0x000067be      0x3f7 src/ASF/sam/utils/cmsis/sam3n/source/templates/gcc/startup_sam3n.o
 .debug_macro   0x00006bb5      0x3f1 src/ASF/sam/utils/cmsis/sam3n/source/templates/system_sam3n.o
 .debug_macro   0x00006fa6       0x26 src/ASF/sam/utils/cmsis/sam3n/source/templates/system_sam3n.o
 .debug_macro   0x00006fcc      0x129 src/ASF/sam/utils/syscalls/gcc/syscalls.o
 .debug_macro   0x000070f5       0x97 src/ASF/sam/utils/syscalls/gcc/syscalls.o
 .debug_macro   0x0000718c       0xef src/ASF/sam/utils/syscalls/gcc/syscalls.o
 .debug_macro   0x0000727b       0x52 src/ASF/sam/utils/syscalls/gcc/syscalls.o
 .debug_macro   0x000072cd       0x16 src/ASF/sam/utils/syscalls/gcc/syscalls.o
 .debug_macro   0x000072e3       0x10 src/ASF/sam/utils/syscalls/gcc/syscalls.o
 .debug_macro   0x000072f3       0x41 src/ASF/sam/utils/syscalls/gcc/syscalls.o
 .debug_macro   0x00007334      0x120 src/ASF/sam/utils/syscalls/gcc/syscalls.o

.debug_line     0x00000000     0xfd10
 .debug_line    0x00000000      0xbfd src/ASF/common/services/spi/sam_spi/spi_master.o
 .debug_line    0x00000bfd      0xade src/ASF/sam/drivers/tc/tc.o
 .debug_line    0x000016db      0xec9 src/six_step.o
 .debug_line    0x000025a4      0xb4c src/ASF/sam/components/display/aat31xx/aat31xx.o
 .debug_line    0x000030f0      0xfac src/ASF/sam/components/display/ili9225/ili9225.o
 .debug_line    0x0000409c      0xb96 src/ASF/sam/drivers/spi/spi.o
 .debug_line    0x00004c32      0xeef src/lcd_aux.o
 .debug_line    0x00005b21      0xf75 src/main.o
 .debug_line    0x00006a96      0xa78 src/ASF/common/services/clock/sam3n/sysclk.o
 .debug_line    0x0000750e      0x93d src/ASF/common/utils/stdio/read.o
 .debug_line    0x00007e4b      0x933 src/ASF/common/utils/stdio/write.o
 .debug_line    0x0000877e      0xe2f src/ASF/sam/boards/sam3n_ek/init.o
 .debug_line    0x000095ad      0xd1d src/ASF/sam/drivers/pio/pio.o
 .debug_line    0x0000a2ca      0x9e0 src/ASF/sam/drivers/pio/pio_handler.o
 .debug_line    0x0000acaa      0xdca src/ASF/sam/drivers/pmc/pmc.o
 .debug_line    0x0000ba74      0xa33 src/ASF/sam/drivers/pwm/pwm.o
 .debug_line    0x0000c4a7      0xaf3 src/ASF/sam/drivers/uart/uart.o
 .debug_line    0x0000cf9a      0xddf src/ASF/sam/drivers/usart/usart.o
 .debug_line    0x0000dd79      0x919 src/ASF/sam/utils/cmsis/sam3n/source/templates/exceptions.o
 .debug_line    0x0000e692      0x969 src/ASF/sam/utils/cmsis/sam3n/source/templates/gcc/startup_sam3n.o
 .debug_line    0x0000effb      0x97a src/ASF/sam/utils/cmsis/sam3n/source/templates/system_sam3n.o
 .debug_line    0x0000f975      0x39b src/ASF/sam/utils/syscalls/gcc/syscalls.o

.debug_str      0x00000000    0x417e9
 .debug_str     0x00000000    0x37607 src/ASF/common/services/spi/sam_spi/spi_master.o
                              0x37980 (size before relaxing)
 .debug_str     0x00037607      0x3bd src/ASF/sam/drivers/tc/tc.o
                              0x348e1 (size before relaxing)
 .debug_str     0x000379c4     0x5b43 src/six_step.o
                              0x3d144 (size before relaxing)
 .debug_str     0x0003d507      0x1c9 src/ASF/sam/components/display/aat31xx/aat31xx.o
                              0x3793c (size before relaxing)
 .debug_str     0x0003d6d0     0x15a7 src/ASF/sam/components/display/ili9225/ili9225.o
                              0x3d283 (size before relaxing)
 .debug_str     0x0003ec77      0x30f src/ASF/sam/drivers/spi/spi.o
                              0x376c0 (size before relaxing)
 .debug_str     0x0003ef86      0x369 src/lcd_aux.o
                              0x3c96a (size before relaxing)
 .debug_str     0x0003f2ef      0x190 src/main.o
                              0x3d072 (size before relaxing)
 .debug_str     0x0003f47f      0x1d6 src/ASF/common/services/clock/sam3n/sysclk.o
                              0x374af (size before relaxing)
 .debug_str     0x0003f655       0x2c src/ASF/common/utils/stdio/read.o
                              0x3453f (size before relaxing)
 .debug_str     0x0003f681       0x26 src/ASF/common/utils/stdio/write.o
                              0x34541 (size before relaxing)
 .debug_str     0x0003f6a7       0x96 src/ASF/sam/boards/sam3n_ek/init.o
                              0x3cce4 (size before relaxing)
 .debug_str     0x0003f73d      0x460 src/ASF/sam/drivers/pio/pio.o
                              0x34f88 (size before relaxing)
 .debug_str     0x0003fb9d      0x128 src/ASF/sam/drivers/pio/pio_handler.o
                              0x34ebf (size before relaxing)
 .debug_str     0x0003fcc5      0x5b1 src/ASF/sam/drivers/pmc/pmc.o
                              0x34e43 (size before relaxing)
 .debug_str     0x00040276      0x293 src/ASF/sam/drivers/pwm/pwm.o
                              0x34927 (size before relaxing)
 .debug_str     0x00040509      0x277 src/ASF/sam/drivers/uart/uart.o
                              0x34905 (size before relaxing)
 .debug_str     0x00040780      0x672 src/ASF/sam/drivers/usart/usart.o
                              0x34e1e (size before relaxing)
 .debug_str     0x00040df2       0x4d src/ASF/sam/utils/cmsis/sam3n/source/templates/exceptions.o
                              0x34559 (size before relaxing)
 .debug_str     0x00040e3f       0xb2 src/ASF/sam/utils/cmsis/sam3n/source/templates/gcc/startup_sam3n.o
                              0x3462e (size before relaxing)
 .debug_str     0x00040ef1      0x1b7 src/ASF/sam/utils/cmsis/sam3n/source/templates/system_sam3n.o
                              0x347e9 (size before relaxing)
 .debug_str     0x000410a8      0x741 src/ASF/sam/utils/syscalls/gcc/syscalls.o
                               0x4f1f (size before relaxing)

.debug_frame    0x00000000     0x2480
 .debug_frame   0x00000000       0xb0 src/ASF/common/services/spi/sam_spi/spi_master.o
 .debug_frame   0x000000b0      0x198 src/ASF/sam/drivers/tc/tc.o
 .debug_frame   0x00000248       0xa4 src/six_step.o
 .debug_frame   0x000002ec       0x40 src/ASF/sam/components/display/aat31xx/aat31xx.o
 .debug_frame   0x0000032c      0x2f8 src/ASF/sam/components/display/ili9225/ili9225.o
 .debug_frame   0x00000624      0x120 src/ASF/sam/drivers/spi/spi.o
 .debug_frame   0x00000744       0xac src/lcd_aux.o
 .debug_frame   0x000007f0       0xcc src/main.o
 .debug_frame   0x000008bc       0x58 src/ASF/common/services/clock/sam3n/sysclk.o
 .debug_frame   0x00000914       0x30 src/ASF/common/utils/stdio/read.o
 .debug_frame   0x00000944       0x30 src/ASF/common/utils/stdio/write.o
 .debug_frame   0x00000974       0x2c src/ASF/sam/boards/sam3n_ek/init.o
 .debug_frame   0x000009a0      0x2e0 src/ASF/sam/drivers/pio/pio.o
 .debug_frame   0x00000c80       0xe0 src/ASF/sam/drivers/pio/pio_handler.o
 .debug_frame   0x00000d60      0x378 src/ASF/sam/drivers/pmc/pmc.o
 .debug_frame   0x000010d8      0x114 src/ASF/sam/drivers/pwm/pwm.o
 .debug_frame   0x000011ec      0x1b8 src/ASF/sam/drivers/uart/uart.o
 .debug_frame   0x000013a4      0x3d0 src/ASF/sam/drivers/usart/usart.o
 .debug_frame   0x00001774       0x20 src/ASF/sam/utils/cmsis/sam3n/source/templates/exceptions.o
 .debug_frame   0x00001794       0x28 src/ASF/sam/utils/cmsis/sam3n/source/templates/gcc/startup_sam3n.o
 .debug_frame   0x000017bc       0x40 src/ASF/sam/utils/cmsis/sam3n/source/templates/system_sam3n.o
 .debug_frame   0x000017fc       0xa8 src/ASF/sam/utils/syscalls/gcc/syscalls.o
 .debug_frame   0x000018a4       0x2c c:/program files (x86)/atmel/atmel toolchain/arm gcc/native/4.8.1443/arm-gnu-toolchain/bin/../lib/gcc/arm-none-eabi/4.8.4/../../../../arm-none-eabi/lib/armv7-m\libc.a(lib_a-init.o)
 .debug_frame   0x000018d0       0x2c c:/program files (x86)/atmel/atmel toolchain/arm gcc/native/4.8.1443/arm-gnu-toolchain/bin/../lib/gcc/arm-none-eabi/4.8.4/../../../../arm-none-eabi/lib/armv7-m\libc.a(lib_a-memset.o)
 .debug_frame   0x000018fc       0x20 c:/program files (x86)/atmel/atmel toolchain/arm gcc/native/4.8.1443/arm-gnu-toolchain/bin/../lib/gcc/arm-none-eabi/4.8.4/../../../../arm-none-eabi/lib/armv7-m\libc.a(lib_a-setbuf.o)
 .debug_frame   0x0000191c       0x30 c:/program files (x86)/atmel/atmel toolchain/arm gcc/native/4.8.1443/arm-gnu-toolchain/bin/../lib/gcc/arm-none-eabi/4.8.4/../../../../arm-none-eabi/lib/armv7-m\libc.a(lib_a-setvbuf.o)
 .debug_frame   0x0000194c       0x64 c:/program files (x86)/atmel/atmel toolchain/arm gcc/native/4.8.1443/arm-gnu-toolchain/bin/../lib/gcc/arm-none-eabi/4.8.4/../../../../arm-none-eabi/lib/armv7-m\libc.a(lib_a-sprintf.o)
 .debug_frame   0x000019b0       0x3c c:/program files (x86)/atmel/atmel toolchain/arm gcc/native/4.8.1443/arm-gnu-toolchain/bin/../lib/gcc/arm-none-eabi/4.8.4/../../../../arm-none-eabi/lib/armv7-m\libc.a(lib_a-svfprintf.o)
 .debug_frame   0x000019ec       0x48 c:/program files (x86)/atmel/atmel toolchain/arm gcc/native/4.8.1443/arm-gnu-toolchain/bin/../lib/gcc/arm-none-eabi/4.8.4/../../../../arm-none-eabi/lib/armv7-m\libc.a(lib_a-__call_atexit.o)
 .debug_frame   0x00001a34       0x20 c:/program files (x86)/atmel/atmel toolchain/arm gcc/native/4.8.1443/arm-gnu-toolchain/bin/../lib/gcc/arm-none-eabi/4.8.4/../../../../arm-none-eabi/lib/armv7-m\libc.a(lib_a-atexit.o)