Archive member included because of file (symbol)

C:\Program Files\Microchip\MPLAB C30\lib\libp33FJ32MC204-coff.a(putsUART1.o)
                              Interrupts.o (putsUART1)
c:/program files/microchip/mplab c30/bin/../lib\libpic30-coff.a(crt1.o)
                              (_resetALT)
c:/program files/microchip/mplab c30/bin/../lib\libpic30-coff.a(crt0.o)
                              (_resetPRI)
c:/program files/microchip/mplab c30/bin/../lib\libm-coff.a(divsi3.o)
                              Interrupts.o (__divsi3)
c:/program files/microchip/mplab c30/bin/../lib\libm-coff.a(addsf3.o)
                              Interrupts.o (__subsf3)
c:/program files/microchip/mplab c30/bin/../lib\libm-coff.a(fgtge.o)
                              Interrupts.o (__gesf2)
c:/program files/microchip/mplab c30/bin/../lib\libm-coff.a(fixunssfsi.o)
                              Interrupts.o (__fixunssfsi)
c:/program files/microchip/mplab c30/bin/../lib\libm-coff.a(floatsisf.o)
                              Interrupts.o (__floatsisf)
c:/program files/microchip/mplab c30/bin/../lib\libm-coff.a(udivsi3.o)
                              c:/program files/microchip/mplab c30/bin/../lib\libm-coff.a(divsi3.o) (__udivsi3)
c:/program files/microchip/mplab c30/bin/../lib\libm-coff.a(funpack2.o)
                              c:/program files/microchip/mplab c30/bin/../lib\libm-coff.a(addsf3.o) (_funpack2)
c:/program files/microchip/mplab c30/bin/../lib\libm-coff.a(futil.o)
                              c:/program files/microchip/mplab c30/bin/../lib\libm-coff.a(addsf3.o) (_fPropagateNaN)
c:/program files/microchip/mplab c30/bin/../lib\libm-coff.a(fpack.o)
                              c:/program files/microchip/mplab c30/bin/../lib\libm-coff.a(addsf3.o) (_fpack)
c:/program files/microchip/mplab c30/bin/../lib\libm-coff.a(fcompare.o)
                              c:/program files/microchip/mplab c30/bin/../lib\libm-coff.a(fgtge.o) (_fcompare)
c:/program files/microchip/mplab c30/bin/../lib\libm-coff.a(funpack.o)
                              c:/program files/microchip/mplab c30/bin/../lib\libm-coff.a(fixunssfsi.o) (_funpack)


Selected CodeGuard Options:
  FBS:BSS:NO_FLASH
  FBS:BWRP:WRPROTECT_OFF
  FGS:GSS:OFF
  FGS:GCP:OFF

CodeGuard FLASH Memory:
  boot    (none)
  secure  (none)
  general 0x200 to 0x57fe

CodeGuard RAM Memory:
  general 0x800 to 0xfff
  secure  (none)
  boot    (none)


Program Memory Usage

section                    address   length (PC units)   length (bytes) (dec)
-------                    -------   -----------------   --------------------
.reset                           0                 0x4             0x6  (6)
.ivt                           0x4                0xfc           0x17a  (378)
.aivt                        0x104                0xfc           0x17a  (378)
.text                        0x200               0x8ee           0xd65  (3429)
.const                       0xaee                 0x8             0xc  (12)
.dinit                       0xaf6                0x40            0x60  (96)
.isr                         0xb36                 0x2             0x3  (3)
__FBS                     0xf80000                 0x2             0x3  (3)
__FGS                     0xf80004                 0x2             0x3  (3)
__FOSCSEL                 0xf80006                 0x2             0x3  (3)
__FOSC                    0xf80008                 0x2             0x3  (3)
__FWDT                    0xf8000a                 0x2             0x3  (3)
__FPOR                    0xf8000c                 0x2             0x3  (3)
__FICD                    0xf8000e                 0x2             0x3  (3)

                     Total program memory used (bytes):         0x10e3  (4323) 12%


Data Memory Usage

section                    address      alignment gaps    total length  (dec)
-------                    -------      --------------    -------------------
.ndata                       0x800                   0            0x20  (32)
.ndata                       0x820                   0            0x16  (22)
.nbss                        0x836                   0            0x16  (22)
.nbss                        0x84c                   0             0xc  (12)

                        Total data memory used (bytes):           0x58  (88) 4%


Dynamic Memory Usage

region                     address                      maximum length  (dec)
------                     -------                      ---------------------
heap                             0                                   0  (0)
stack                        0x858                               0x7a8  (1960)

                        Maximum dynamic memory (bytes):          0x7a8  (1960)


External Symbols in Data Memory (by address):

                    0x0800                  _StateTableFwd
                    0x0810                  _StateTableRev
                    0x0820                  _i
[...]
Memory Configuration

Name             Origin             Length             Attributes
data             0x000800           0x000800           a !xr
reset            0x000000           0x000004  
ivt              0x000004           0x0000fc  
aivt             0x000104           0x0000fc  
program          0x000200           0x005600           xr
FBS              0xf80000           0x000002  
FGS              0xf80004           0x000002  
FOSCSEL          0xf80006           0x000002  
FOSC             0xf80008           0x000002  
FWDT             0xf8000a           0x000002  
FPOR             0xf8000c           0x000002  
FICD             0xf8000e           0x000002  
FUID0            0xf80010           0x000002  
FUID1            0xf80012           0x000002  
FUID2            0xf80014           0x000002  
FUID3            0xf80016           0x000002  
*default*        0x000000           0xffffffff  

Linker script and memory map

LOAD Init.o
LOAD Interrupts.o
LOAD SensoredBLDC.o
LOAD C:\Program Files\Microchip\MPLAB C30\lib\libp33FJ32MC204-coff.a
                    0xf80000                  __FBS = 0xf80000
                    0xf80004                  __FGS = 0xf80004
                    0xf80006                  __FOSCSEL = 0xf80006
                    0xf80008                  __FOSC = 0xf80008
                    0xf8000a                  __FWDT = 0xf8000a
                    0xf8000c                  __FPOR = 0xf8000c
                    0xf8000e                  __FICD = 0xf8000e
                    0xf80010                  __FUID0 = 0xf80010
                    0xf80012                  __FUID1 = 0xf80012
                    0xf80014                  __FUID2 = 0xf80014
                    0xf80016                  __FUID3 = 0xf80016
                    0x0001                  __NO_HANDLES = 0x1
                    0x0004                  __IVT_BASE = 0x4
                    0x0104                  __AIVT_BASE = 0x104
                    0x0800                  __DATA_BASE = 0x800
                    0x0c00                  __YDATA_BASE = 0xc00
                    0x0200                  __CODE_BASE = 0x200

.reset            0x000000          0x4
                  0x000000          0x2 SHORT 0x200 <code 336> (__reset)
                  0x000001          0x2 SHORT 0x4
                  0x000002          0x2 SHORT 0x0 ((<code 336> (__reset) >> 0x10) & 0x7f)
                  0x000003          0x2 SHORT 0x0

.text             0x000200        0x8ee
 *(.init)
 .init            0x000200         0x80 c:/program files/microchip/mplab c30/bin/../lib\libpic30-coff.a(crt0.o)
                  0x000200                  _resetPRI
                  0x000200                  _reset
                  0x000214                  _psv_init
                  0x000224                  _data_init
 *(.handle)
 *(.libc)
 *(.libm)
 .libm            0x000280         0x1e c:/program files/microchip/mplab c30/bin/../lib\libm-coff.a(divsi3.o)
                  0x000280                  __divsi3
 .libm            0x00029e         0xbc c:/program files/microchip/mplab c30/bin/../lib\libm-coff.a(addsf3.o)
                  0x00029e                  __subsf3
                  0x0002a0                  __addsf3
 .libm            0x00035a          0x4 c:/program files/microchip/mplab c30/bin/../lib\libm-coff.a(fgtge.o)
                  0x00035a                  __gesf2
                  0x00035a                  __gtsf2
 .libm            0x00035e         0x36 c:/program files/microchip/mplab c30/bin/../lib\libm-coff.a(fixunssfsi.o)
                  0x00035e                  __fixunssfsi
 .libm            0x000394         0x56 c:/program files/microchip/mplab c30/bin/../lib\libm-coff.a(floatsisf.o)
                  0x000394                  __floatsisf
 .libm            0x0003ea         0x20 c:/program files/microchip/mplab c30/bin/../lib\libm-coff.a(udivsi3.o)
                  0x0003ea                  __udivsi3
 .libm            0x00040a         0x10 c:/program files/microchip/mplab c30/bin/../lib\libm-coff.a(funpack2.o)
                  0x00040a                  _funpack2
 .libm            0x00041a         0x20 c:/program files/microchip/mplab c30/bin/../lib\libm-coff.a(futil.o)
                  0x00041a                  _fPropagateNaN
                  0x00042c                  _fbopExit
                  0x000434                  _fbopReturnNaN
 .libm            0x00043a         0x4c c:/program files/microchip/mplab c30/bin/../lib\libm-coff.a(fpack.o)
                  0x00043a                  _fpack
 .libm            0x000486         0x36 c:/program files/microchip/mplab c30/bin/../lib\libm-coff.a(fcompare.o)
                  0x000486                  _fcompare
 .libm            0x0004bc         0x2a c:/program files/microchip/mplab c30/bin/../lib\libm-coff.a(funpack.o)
                  0x0004bc                  _funpack
 *(.libdsp)
 *(.lib*)
 .libperi         0x0004e6         0x34 C:\Program Files\Microchip\MPLAB C30\lib\libp33FJ32MC204-coff.a(putsUART1.o)
                  0x0004e6                  putsUART1
 *(.text)
 .text            0x00051a         0xbe Init.o
                  0x00051a                  InitADC10
                  0x000542                  InitMCPWM
                  0x00056c                  InitIC
                  0x000590                  InitTMR3
                  0x0005a2                  InitTMR1
                  0x0005ba                  InitUART
 .text            0x0005d8        0x374 Interrupts.o
                  0x0005d8                  _ADC1Interrupt
                  0x0005f2                  _IC1Interrupt
                  0x00065a                  _IC2Interrupt
                  0x000690                  _IC7Interrupt
                  0x0006c6                  _T1Interrupt
                  0x000806                  conv_num2cdu
                  0x000892                  TXUART
 .text            0x00094c        0x1a2 SensoredBLDC.o
                  0x00094c                  main
                  0x000aa6                  DelayNmSec
                  0x000aca                  lockIO
                  0x000adc                  unlockIO

__FBS             0xf80000          0x2
 *(__FBS.sec)
 __FBS.sec        0xf80000          0x2 FBS
                  0xf80000                  _FBS.sec

__FGS             0xf80004          0x2
 *(__FGS.sec)
 __FGS.sec        0xf80004          0x2 FGS
                  0xf80004                  _FGS.sec

__FOSCSEL         0xf80006          0x2
 *(__FOSCSEL.sec)
 __FOSCSEL.sec    0xf80006          0x2 SensoredBLDC.o

__FOSC            0xf80008          0x2
 *(__FOSC.sec)
 __FOSC.sec       0xf80008          0x2 SensoredBLDC.o

__FWDT            0xf8000a          0x2
 *(__FWDT.sec)
 __FWDT.sec       0xf8000a          0x2 SensoredBLDC.o

__FPOR            0xf8000c          0x2
 *(__FPOR.sec)
 __FPOR.sec       0xf8000c          0x2 SensoredBLDC.o

__FICD            0xf8000e          0x2
 *(__FICD.sec)
 __FICD.sec       0xf8000e          0x2 SensoredBLDC.o

__FUID0
 *(__FUID0.sec)

__FUID1
 *(__FUID1.sec)

__FUID2
 *(__FUID2.sec)

__FUID3
 *(__FUID3.sec)

.comment
 *(.comment)

.debug_info
 *(.debug_info)
 *(.gnu.linkonce.wi.*)

.debug_abbrev
 *(.debug_abbrev)

.debug_line
 *(.debug_line)

.debug_frame
 *(.debug_frame)

.debug_str
 *(.debug_str)

.debug_loc
 *(.debug_loc)

.debug_macinfo
 *(.debug_macinfo)

.debug_pubnames
 *(.debug_pubnames)

.debug_ranges
 *(.debug_ranges)

.debug_aranges
 *(.debug_aranges)

.ivt              0x000004         0xfc
                  0x000004          0x4 LONG 0xb36 DEFINED (__ReservedTrap0)?<code 336> (__ReservedTrap0):<code 336> (__DefaultInterrupt)
                  0x000006          0x4 LONG 0xb36 DEFINED (__OscillatorFail)?<code 336> (__OscillatorFail):<code 336> (__DefaultInterrupt)
                  0x000008          0x4 LONG 0xb36 DEFINED (__AddressError)?<code 336> (__AddressError):<code 336> (__DefaultInterrupt)
                  0x00000a          0x4 LONG 0xb36 DEFINED (__StackError)?<code 336> (__StackError):<code 336> (__DefaultInterrupt)
                  0x00000c          0x4 LONG 0xb36 DEFINED (__MathError)?<code 336> (__MathError):<code 336> (__DefaultInterrupt)
                  0x00000e          0x4 LONG 0xb36 DEFINED (__ReservedTrap5)?<code 336> (__ReservedTrap5):<code 336> (__DefaultInterrupt)
                  0x000010          0x4 LONG 0xb36 DEFINED (__ReservedTrap6)?<code 336> (__ReservedTrap6):<code 336> (__DefaultInterrupt)
                  0x000012          0x4 LONG 0xb36 DEFINED (__ReservedTrap7)?<code 336> (__ReservedTrap7):<code 336> (__DefaultInterrupt)
                  0x000014          0x4 LONG 0xb36 DEFINED (__INT0Interrupt)?<code 336> (__INT0Interrupt):<code 336> (__DefaultInterrupt)
                  0x000016          0x4 LONG 0x5f2 DEFINED (__IC1Interrupt)?<code 336> (__IC1Interrupt):<code 336> (__DefaultInterrupt)
                  0x000018          0x4 LONG 0xb36 DEFINED (__OC1Interrupt)?<code 336> (__OC1Interrupt):<code 336> (__DefaultInterrupt)
                  0x00001a          0x4 LONG 0x6c6 DEFINED (__T1Interrupt)?<code 336> (__T1Interrupt):<code 336> (__DefaultInterrupt)
                  0x00001c          0x4 LONG 0xb36 DEFINED (__Interrupt4)?<code 336> (__Interrupt4):<code 336> (__DefaultInterrupt)
                  0x00001e          0x4 LONG 0x65a DEFINED (__IC2Interrupt)?<code 336> (__IC2Interrupt):<code 336> (__DefaultInterrupt)
                  0x000020          0x4 LONG 0xb36 DEFINED (__OC2Interrupt)?<code 336> (__OC2Interrupt):<code 336> (__DefaultInterrupt)
                  0x000022          0x4 LONG 0xb36 DEFINED (__T2Interrupt)?<code 336> (__T2Interrupt):<code 336> (__DefaultInterrupt)
                  0x000024          0x4 LONG 0xb36 DEFINED (__T3Interrupt)?<code 336> (__T3Interrupt):<code 336> (__DefaultInterrupt)
                  0x000026          0x4 LONG 0xb36 DEFINED (__SPI1ErrInterrupt)?<code 336> (__SPI1ErrInterrupt):<code 336> (__DefaultInterrupt)
                  0x000028          0x4 LONG 0xb36 DEFINED (__SPI1Interrupt)?<code 336> (__SPI1Interrupt):<code 336> (__DefaultInterrupt)
                  0x00002a          0x4 LONG 0xb36 DEFINED (__U1RXInterrupt)?<code 336> (__U1RXInterrupt):<code 336> (__DefaultInterrupt)
                  0x00002c          0x4 LONG 0xb36 DEFINED (__U1TXInterrupt)?<code 336> (__U1TXInterrupt):<code 336> (__DefaultInterrupt)
                  0x00002e          0x4 LONG 0x5d8 DEFINED (__ADC1Interrupt)?<code 336> (__ADC1Interrupt):<code 336> (__DefaultInterrupt)
                  0x000030          0x4 LONG 0xb36 DEFINED (__Interrupt14)?<code 336> (__Interrupt14):<code 336> (__DefaultInterrupt)
                  0x000032          0x4 LONG 0xb36 DEFINED (__Interrupt15)?<code 336> (__Interrupt15):<code 336> (__DefaultInterrupt)
                  0x000034          0x4 LONG 0xb36 DEFINED (__SI2C1Interrupt)?<code 336> (__SI2C1Interrupt):<code 336> (__DefaultInterrupt)
                  0x000036          0x4 LONG 0xb36 DEFINED (__MI2C1Interrupt)?<code 336> (__MI2C1Interrupt):<code 336> (__DefaultInterrupt)
                  0x000038          0x4 LONG 0xb36 DEFINED (__Interrupt18)?<code 336> (__Interrupt18):<code 336> (__DefaultInterrupt)
                  0x00003a          0x4 LONG 0xb36 DEFINED (__CNInterrupt)?<code 336> (__CNInterrupt):<code 336> (__DefaultInterrupt)
                  0x00003c          0x4 LONG 0xb36 DEFINED (__INT1Interrupt)?<code 336> (__INT1Interrupt):<code 336> (__DefaultInterrupt)
                  0x00003e          0x4 LONG 0xb36 DEFINED (__Interrupt21)?<code 336> (__Interrupt21):<code 336> (__DefaultInterrupt)
                  0x000040          0x4 LONG 0x690 DEFINED (__IC7Interrupt)?<code 336> (__IC7Interrupt):<code 336> (__DefaultInterrupt)
                  0x000042          0x4 LONG 0xb36 DEFINED (__IC8Interrupt)?<code 336> (__IC8Interrupt):<code 336> (__DefaultInterrupt)
                  0x000044          0x4 LONG 0xb36 DEFINED (__Interrupt24)?<code 336> (__Interrupt24):<code 336> (__DefaultInterrupt)
                  0x000046          0x4 LONG 0xb36 DEFINED (__Interrupt25)?<code 336> (__Interrupt25):<code 336> (__DefaultInterrupt)
                  0x000048          0x4 LONG 0xb36 DEFINED (__Interrupt26)?<code 336> (__Interrupt26):<code 336> (__DefaultInterrupt)
                  0x00004a          0x4 LONG 0xb36 DEFINED (__Interrupt27)?<code 336> (__Interrupt27):<code 336> (__DefaultInterrupt)
                  0x00004c          0x4 LONG 0xb36 DEFINED (__Interrupt28)?<code 336> (__Interrupt28):<code 336> (__DefaultInterrupt)
                  0x00004e          0x4 LONG 0xb36 DEFINED (__INT2Interrupt)?<code 336> (__INT2Interrupt):<code 336> (__DefaultInterrupt)
                  0x000050          0x4 LONG 0xb36 DEFINED (__Interrupt30)?<code 336> (__Interrupt30):<code 336> (__DefaultInterrupt)
                  0x000052          0x4 LONG 0xb36 DEFINED (__Interrupt31)?<code 336> (__Interrupt31):<code 336> (__DefaultInterrupt)
                  0x000054          0x4 LONG 0xb36 DEFINED (__Interrupt32)?<code 336> (__Interrupt32):<code 336> (__DefaultInterrupt)
                  0x000056          0x4 LONG 0xb36 DEFINED (__Interrupt33)?<code 336> (__Interrupt33):<code 336> (__DefaultInterrupt)
                  0x000058          0x4 LONG 0xb36 DEFINED (__Interrupt34)?<code 336> (__Interrupt34):<code 336> (__DefaultInterrupt)
                  0x00005a          0x4 LONG 0xb36 DEFINED (__Interrupt35)?<code 336> (__Interrupt35):<code 336> (__DefaultInterrupt)
                  0x00005c          0x4 LONG 0xb36 DEFINED (__Interrupt36)?<code 336> (__Interrupt36):<code 336> (__DefaultInterrupt)
                  0x00005e          0x4 LONG 0xb36 DEFINED (__Interrupt37)?<code 336> (__Interrupt37):<code 336> (__DefaultInterrupt)
                  0x000060          0x4 LONG 0xb36 DEFINED (__Interrupt38)?<code 336> (__Interrupt38):<code 336> (__DefaultInterrupt)
                  0x000062          0x4 LONG 0xb36 DEFINED (__Interrupt39)?<code 336> (__Interrupt39):<code 336> (__DefaultInterrupt)
                  0x000064          0x4 LONG 0xb36 DEFINED (__Interrupt40)?<code 336> (__Interrupt40):<code 336> (__DefaultInterrupt)
                  0x000066          0x4 LONG 0xb36 DEFINED (__Interrupt41)?<code 336> (__Interrupt41):<code 336> (__DefaultInterrupt)
                  0x000068          0x4 LONG 0xb36 DEFINED (__Interrupt42)?<code 336> (__Interrupt42):<code 336> (__DefaultInterrupt)
                  0x00006a          0x4 LONG 0xb36 DEFINED (__Interrupt43)?<code 336> (__Interrupt43):<code 336> (__DefaultInterrupt)
                  0x00006c          0x4 LONG 0xb36 DEFINED (__Interrupt44)?<code 336> (__Interrupt44):<code 336> (__DefaultInterrupt)
                  0x00006e          0x4 LONG 0xb36 DEFINED (__Interrupt45)?<code 336> (__Interrupt45):<code 336> (__DefaultInterrupt)
                  0x000070          0x4 LONG 0xb36 DEFINED (__Interrupt46)?<code 336> (__Interrupt46):<code 336> (__DefaultInterrupt)
                  0x000072          0x4 LONG 0xb36 DEFINED (__Interrupt47)?<code 336> (__Interrupt47):<code 336> (__DefaultInterrupt)
                  0x000074          0x4 LONG 0xb36 DEFINED (__Interrupt48)?<code 336> (__Interrupt48):<code 336> (__DefaultInterrupt)
                  0x000076          0x4 LONG 0xb36 DEFINED (__Interrupt49)?<code 336> (__Interrupt49):<code 336> (__DefaultInterrupt)
                  0x000078          0x4 LONG 0xb36 DEFINED (__Interrupt50)?<code 336> (__Interrupt50):<code 336> (__DefaultInterrupt)
                  0x00007a          0x4 LONG 0xb36 DEFINED (__Interrupt51)?<code 336> (__Interrupt51):<code 336> (__DefaultInterrupt)
                  0x00007c          0x4 LONG 0xb36 DEFINED (__Interrupt52)?<code 336> (__Interrupt52):<code 336> (__DefaultInterrupt)
                  0x00007e          0x4 LONG 0xb36 DEFINED (__Interrupt53)?<code 336> (__Interrupt53):<code 336> (__DefaultInterrupt)
                  0x000080          0x4 LONG 0xb36 DEFINED (__Interrupt54)?<code 336> (__Interrupt54):<code 336> (__DefaultInterrupt)
                  0x000082          0x4 LONG 0xb36 DEFINED (__Interrupt55)?<code 336> (__Interrupt55):<code 336> (__DefaultInterrupt)
                  0x000084          0x4 LONG 0xb36 DEFINED (__Interrupt56)?<code 336> (__Interrupt56):<code 336> (__DefaultInterrupt)
                  0x000086          0x4 LONG 0xb36 DEFINED (__MPWM1Interrupt)?<code 336> (__MPWM1Interrupt):<code 336> (__DefaultInterrupt)
                  0x000088          0x4 LONG 0xb36 DEFINED (__QEIInterrupt)?<code 336> (__QEIInterrupt):<code 336> (__DefaultInterrupt)
                  0x00008a          0x4 LONG 0xb36 DEFINED (__Interrupt59)?<code 336> (__Interrupt59):<code 336> (__DefaultInterrupt)
                  0x00008c          0x4 LONG 0xb36 DEFINED (__Interrupt60)?<code 336> (__Interrupt60):<code 336> (__DefaultInterrupt)
                  0x00008e          0x4 LONG 0xb36 DEFINED (__Interrupt61)?<code 336> (__Interrupt61):<code 336> (__DefaultInterrupt)
                  0x000090          0x4 LONG 0xb36 DEFINED (__Interrupt62)?<code 336> (__Interrupt62):<code 336> (__DefaultInterrupt)
                  0x000092          0x4 LONG 0xb36 DEFINED (__FLTA1Interrupt)?<code 336> (__FLTA1Interrupt):<code 336> (__DefaultInterrupt)
                  0x000094          0x4 LONG 0xb36 DEFINED (__Interrupt64)?<code 336> (__Interrupt64):<code 336> (__DefaultInterrupt)
                  0x000096          0x4 LONG 0xb36 DEFINED (__U1ErrInterrupt)?<code 336> (__U1ErrInterrupt):<code 336> (__DefaultInterrupt)
                  0x000098          0x4 LONG 0xb36 DEFINED (__Interrupt66)?<code 336> (__Interrupt66):<code 336> (__DefaultInterrupt)
                  0x00009a          0x4 LONG 0xb36 DEFINED (__Interrupt67)?<code 336> (__Interrupt67):<code 336> (__DefaultInterrupt)
                  0x00009c          0x4 LONG 0xb36 DEFINED (__Interrupt68)?<code 336> (__Interrupt68):<code 336> (__DefaultInterrupt)
                  0x00009e          0x4 LONG 0xb36 DEFINED (__Interrupt69)?<code 336> (__Interrupt69):<code 336> (__DefaultInterrupt)
                  0x0000a0          0x4 LONG 0xb36 DEFINED (__Interrupt70)?<code 336> (__Interrupt70):<code 336> (__DefaultInterrupt)
                  0x0000a2          0x4 LONG 0xb36 DEFINED (__Interrupt71)?<code 336> (__Interrupt71):<code 336> (__DefaultInterrupt)
                  0x0000a4          0x4 LONG 0xb36 DEFINED (__Interrupt72)?<code 336> (__Interrupt72):<code 336> (__DefaultInterrupt)
                  0x0000a6          0x4 LONG 0xb36 DEFINED (__MPWM2Interrupt)?<code 336> (__MPWM2Interrupt):<code 336> (__DefaultInterrupt)
                  0x0000a8          0x4 LONG 0xb36 DEFINED (__FLTA2Interrupt)?<code 336> (__FLTA2Interrupt):<code 336> (__DefaultInterrupt)
                  0x0000aa          0x4 LONG 0xb36 DEFINED (__Interrupt75)?<code 336> (__Interrupt75):<code 336> (__DefaultInterrupt)
                  0x0000ac          0x4 LONG 0xb36 DEFINED (__Interrupt76)?<code 336> (__Interrupt76):<code 336> (__DefaultInterrupt)
                  0x0000ae          0x4 LONG 0xb36 DEFINED (__Interrupt77)?<code 336> (__Interrupt77):<code 336> (__DefaultInterrupt)
                  0x0000b0          0x4 LONG 0xb36 DEFINED (__Interrupt78)?<code 336> (__Interrupt78):<code 336> (__DefaultInterrupt)
                  0x0000b2          0x4 LONG 0xb36 DEFINED (__Interrupt79)?<code 336> (__Interrupt79):<code 336> (__DefaultInterrupt)
                  0x0000b4          0x4 LONG 0xb36 DEFINED (__Interrupt80)?<code 336> (__Interrupt80):<code 336> (__DefaultInterrupt)
                  0x0000b6          0x4 LONG 0xb36 DEFINED (__Interrupt81)?<code 336> (__Interrupt81):<code 336> (__DefaultInterrupt)
                  0x0000b8          0x4 LONG 0xb36 DEFINED (__Interrupt82)?<code 336> (__Interrupt82):<code 336> (__DefaultInterrupt)
                  0x0000ba          0x4 LONG 0xb36 DEFINED (__Interrupt83)?<code 336> (__Interrupt83):<code 336> (__DefaultInterrupt)
                  0x0000bc          0x4 LONG 0xb36 DEFINED (__Interrupt84)?<code 336> (__Interrupt84):<code 336> (__DefaultInterrupt)
                  0x0000be          0x4 LONG 0xb36 DEFINED (__Interrupt85)?<code 336> (__Interrupt85):<code 336> (__DefaultInterrupt)
                  0x0000c0          0x4 LONG 0xb36 DEFINED (__Interrupt86)?<code 336> (__Interrupt86):<code 336> (__DefaultInterrupt)
                  0x0000c2          0x4 LONG 0xb36 DEFINED (__Interrupt87)?<code 336> (__Interrupt87):<code 336> (__DefaultInterrupt)
                  0x0000c4          0x4 LONG 0xb36 DEFINED (__Interrupt88)?<code 336> (__Interrupt88):<code 336> (__DefaultInterrupt)
                  0x0000c6          0x4 LONG 0xb36 DEFINED (__Interrupt89)?<code 336> (__Interrupt89):<code 336> (__DefaultInterrupt)
                  0x0000c8          0x4 LONG 0xb36 DEFINED (__Interrupt90)?<code 336> (__Interrupt90):<code 336> (__DefaultInterrupt)
                  0x0000ca          0x4 LONG 0xb36 DEFINED (__Interrupt91)?<code 336> (__Interrupt91):<code 336> (__DefaultInterrupt)
                  0x0000cc          0x4 LONG 0xb36 DEFINED (__Interrupt92)?<code 336> (__Interrupt92):<code 336> (__DefaultInterrupt)
                  0x0000ce          0x4 LONG 0xb36 DEFINED (__Interrupt93)?<code 336> (__Interrupt93):<code 336> (__DefaultInterrupt)
                  0x0000d0          0x4 LONG 0xb36 DEFINED (__Interrupt94)?<code 336> (__Interrupt94):<code 336> (__DefaultInterrupt)
                  0x0000d2          0x4 LONG 0xb36 DEFINED (__Interrupt95)?<code 336> (__Interrupt95):<code 336> (__DefaultInterrupt)
                  0x0000d4          0x4 LONG 0xb36 DEFINED (__Interrupt96)?<code 336> (__Interrupt96):<code 336> (__DefaultInterrupt)
                  0x0000d6          0x4 LONG 0xb36 DEFINED (__Interrupt97)?<code 336> (__Interrupt97):<code 336> (__DefaultInterrupt)
                  0x0000d8          0x4 LONG 0xb36 DEFINED (__Interrupt98)?<code 336> (__Interrupt98):<code 336> (__DefaultInterrupt)
                  0x0000da          0x4 LONG 0xb36 DEFINED (__Interrupt99)?<code 336> (__Interrupt99):<code 336> (__DefaultInterrupt)
                  0x0000dc          0x4 LONG 0xb36 DEFINED (__Interrupt100)?<code 336> (__Interrupt100):<code 336> (__DefaultInterrupt)
                  0x0000de          0x4 LONG 0xb36 DEFINED (__Interrupt101)?<code 336> (__Interrupt101):<code 336> (__DefaultInterrupt)
                  0x0000e0          0x4 LONG 0xb36 DEFINED (__Interrupt102)?<code 336> (__Interrupt102):<code 336> (__DefaultInterrupt)
                  0x0000e2          0x4 LONG 0xb36 DEFINED (__Interrupt103)?<code 336> (__Interrupt103):<code 336> (__DefaultInterrupt)
                  0x0000e4          0x4 LONG 0xb36 DEFINED (__Interrupt104)?<code 336> (__Interrupt104):<code 336> (__DefaultInterrupt)
                  0x0000e6          0x4 LONG 0xb36 DEFINED (__Interrupt105)?<code 336> (__Interrupt105):<code 336> (__DefaultInterrupt)
                  0x0000e8          0x4 LONG 0xb36 DEFINED (__Interrupt106)?<code 336> (__Interrupt106):<code 336> (__DefaultInterrupt)
                  0x0000ea          0x4 LONG 0xb36 DEFINED (__Interrupt107)?<code 336> (__Interrupt107):<code 336> (__DefaultInterrupt)
                  0x0000ec          0x4 LONG 0xb36 DEFINED (__Interrupt108)?<code 336> (__Interrupt108):<code 336> (__DefaultInterrupt)
                  0x0000ee          0x4 LONG 0xb36 DEFINED (__Interrupt109)?<code 336> (__Interrupt109):<code 336> (__DefaultInterrupt)
                  0x0000f0          0x4 LONG 0xb36 DEFINED (__Interrupt110)?<code 336> (__Interrupt110):<code 336> (__DefaultInterrupt)
                  0x0000f2          0x4 LONG 0xb36 DEFINED (__Interrupt111)?<code 336> (__Interrupt111):<code 336> (__DefaultInterrupt)
                  0x0000f4          0x4 LONG 0xb36 DEFINED (__Interrupt112)?<code 336> (__Interrupt112):<code 336> (__DefaultInterrupt)
                  0x0000f6          0x4 LONG 0xb36 DEFINED (__Interrupt113)?<code 336> (__Interrupt113):<code 336> (__DefaultInterrupt)
                  0x0000f8          0x4 LONG 0xb36 DEFINED (__Interrupt114)?<code 336> (__Interrupt114):<code 336> (__DefaultInterrupt)
                  0x0000fa          0x4 LONG 0xb36 DEFINED (__Interrupt115)?<code 336> (__Interrupt115):<code 336> (__DefaultInterrupt)
                  0x0000fc          0x4 LONG 0xb36 DEFINED (__Interrupt116)?<code 336> (__Interrupt116):<code 336> (__DefaultInterrupt)
                  0x0000fe          0x4 LONG 0xb36 DEFINED (__Interrupt117)?<code 336> (__Interrupt117):<code 336> (__DefaultInterrupt)

.aivt             0x000104         0xfc
                  0x000104          0x4 LONG 0xb36 DEFINED (__AltReservedTrap0)?<code 336> (__AltReservedTrap0):DEFINED (__ReservedTrap0)?<code 336> (__ReservedTrap0):<code 336> (__DefaultInterrupt)
                  0x000106          0x4 LONG 0xb36 DEFINED (__AltOscillatorFail)?<code 336> (__AltOscillatorFail):DEFINED (__OscillatorFail)?<code 336> (__OscillatorFail):<code 336> (__DefaultInterrupt)
                  0x000108          0x4 LONG 0xb36 DEFINED (__AltAddressError)?<code 336> (__AltAddressError):DEFINED (__AddressError)?<code 336> (__AddressError):<code 336> (__DefaultInterrupt)
                  0x00010a          0x4 LONG 0xb36 DEFINED (__AltStackError)?<code 336> (__AltStackError):DEFINED (__StackError)?<code 336> (__StackError):<code 336> (__DefaultInterrupt)
                  0x00010c          0x4 LONG 0xb36 DEFINED (__AltMathError)?<code 336> (__AltMathError):DEFINED (__MathError)?<code 336> (__MathError):<code 336> (__DefaultInterrupt)
                  0x00010e          0x4 LONG 0xb36 DEFINED (__AltReservedTrap5)?<code 336> (__AltReservedTrap5):DEFINED (__ReservedTrap5)?<code 336> (__ReservedTrap5):<code 336> (__DefaultInterrupt)
                  0x000110          0x4 LONG 0xb36 DEFINED (__AltReservedTrap6)?<code 336> (__AltReservedTrap6):DEFINED (__ReservedTrap6)?<code 336> (__ReservedTrap6):<code 336> (__DefaultInterrupt)
                  0x000112          0x4 LONG 0xb36 DEFINED (__AltReservedTrap7)?<code 336> (__AltReservedTrap7):DEFINED (__ReservedTrap7)?<code 336> (__ReservedTrap7):<code 336> (__DefaultInterrupt)
                  0x000114          0x4 LONG 0xb36 DEFINED (__AltINT0Interrupt)?<code 336> (__AltINT0Interrupt):DEFINED (__INT0Interrupt)?<code 336> (__INT0Interrupt):<code 336> (__DefaultInterrupt)
                  0x000116          0x4 LONG 0x5f2 DEFINED (__AltIC1Interrupt)?<code 336> (__AltIC1Interrupt):DEFINED (__IC1Interrupt)?<code 336> (__IC1Interrupt):<code 336> (__DefaultInterrupt)
                  0x000118          0x4 LONG 0xb36 DEFINED (__AltOC1Interrupt)?<code 336> (__AltOC1Interrupt):DEFINED (__OC1Interrupt)?<code 336> (__OC1Interrupt):<code 336> (__DefaultInterrupt)
                  0x00011a          0x4 LONG 0x6c6 DEFINED (__AltT1Interrupt)?<code 336> (__AltT1Interrupt):DEFINED (__T1Interrupt)?<code 336> (__T1Interrupt):<code 336> (__DefaultInterrupt)
                  0x00011c          0x4 LONG 0xb36 DEFINED (__AltInterrupt4)?<code 336> (__AltInterrupt4):DEFINED (__Interrupt4)?<code 336> (__Interrupt4):<code 336> (__DefaultInterrupt)
                  0x00011e          0x4 LONG 0x65a DEFINED (__AltIC2Interrupt)?<code 336> (__AltIC2Interrupt):DEFINED (__IC2Interrupt)?<code 336> (__IC2Interrupt):<code 336> (__DefaultInterrupt)
                  0x000120          0x4 LONG 0xb36 DEFINED (__AltOC2Interrupt)?<code 336> (__AltOC2Interrupt):DEFINED (__OC2Interrupt)?<code 336> (__OC2Interrupt):<code 336> (__DefaultInterrupt)
                  0x000122          0x4 LONG 0xb36 DEFINED (__AltT2Interrupt)?<code 336> (__AltT2Interrupt):DEFINED (__T2Interrupt)?<code 336> (__T2Interrupt):<code 336> (__DefaultInterrupt)
                  0x000124          0x4 LONG 0xb36 DEFINED (__AltT3Interrupt)?<code 336> (__AltT3Interrupt):DEFINED (__T3Interrupt)?<code 336> (__T3Interrupt):<code 336> (__DefaultInterrupt)
                  0x000126          0x4 LONG 0xb36 DEFINED (__AltSPI1ErrInterrupt)?<code 336> (__AltSPI1ErrInterrupt):DEFINED (__SPI1ErrInterrupt)?<code 336> (__SPI1ErrInterrupt):<code 336> (__DefaultInterrupt)
                  0x000128          0x4 LONG 0xb36 DEFINED (__AltSPI1Interrupt)?<code 336> (__AltSPI1Interrupt):DEFINED (__SPI1Interrupt)?<code 336> (__SPI1Interrupt):<code 336> (__DefaultInterrupt)
                  0x00012a          0x4 LONG 0xb36 DEFINED (__AltU1RXInterrupt)?<code 336> (__AltU1RXInterrupt):DEFINED (__U1RXInterrupt)?<code 336> (__U1RXInterrupt):<code 336> (__DefaultInterrupt)
                  0x00012c          0x4 LONG 0xb36 DEFINED (__AltU1TXInterrupt)?<code 336> (__AltU1TXInterrupt):DEFINED (__U1TXInterrupt)?<code 336> (__U1TXInterrupt):<code 336> (__DefaultInterrupt)
                  0x00012e          0x4 LONG 0x5d8 DEFINED (__AltADC1Interrupt)?<code 336> (__AltADC1Interrupt):DEFINED (__ADC1Interrupt)?<code 336> (__ADC1Interrupt):<code 336> (__DefaultInterrupt)
                  0x000130          0x4 LONG 0xb36 DEFINED (__AltInterrupt14)?<code 336> (__AltInterrupt14):DEFINED (__Interrupt14)?<code 336> (__Interrupt14):<code 336> (__DefaultInterrupt)
                  0x000132          0x4 LONG 0xb36 DEFINED (__AltInterrupt15)?<code 336> (__AltInterrupt15):DEFINED (__Interrupt15)?<code 336> (__Interrupt15):<code 336> (__DefaultInterrupt)
                  0x000134          0x4 LONG 0xb36 DEFINED (__AltSI2C1Interrupt)?<code 336> (__AltSI2C1Interrupt):DEFINED (__SI2C1Interrupt)?<code 336> (__SI2C1Interrupt):<code 336> (__DefaultInterrupt)
                  0x000136          0x4 LONG 0xb36 DEFINED (__AltMI2C1Interrupt)?<code 336> (__AltMI2C1Interrupt):DEFINED (__MI2C1Interrupt)?<code 336> (__MI2C1Interrupt):<code 336> (__DefaultInterrupt)
                  0x000138          0x4 LONG 0xb36 DEFINED (__AltInterrupt18)?<code 336> (__AltInterrupt18):DEFINED (__Interrupt18)?<code 336> (__Interrupt18):<code 336> (__DefaultInterrupt)
                  0x00013a          0x4 LONG 0xb36 DEFINED (__AltCNInterrupt)?<code 336> (__AltCNInterrupt):DEFINED (__CNInterrupt)?<code 336> (__CNInterrupt):<code 336> (__DefaultInterrupt)
                  0x00013c          0x4 LONG 0xb36 DEFINED (__AltINT1Interrupt)?<code 336> (__AltINT1Interrupt):DEFINED (__INT1Interrupt)?<code 336> (__INT1Interrupt):<code 336> (__DefaultInterrupt)
                  0x00013e          0x4 LONG 0xb36 DEFINED (__AltInterrupt21)?<code 336> (__AltInterrupt21):DEFINED (__Interrupt21)?<code 336> (__Interrupt21):<code 336> (__DefaultInterrupt)
                  0x000140          0x4 LONG 0x690 DEFINED (__AltIC7Interrupt)?<code 336> (__AltIC7Interrupt):DEFINED (__IC7Interrupt)?<code 336> (__IC7Interrupt):<code 336> (__DefaultInterrupt)
                  0x000142          0x4 LONG 0xb36 DEFINED (__AltIC8Interrupt)?<code 336> (__AltIC8Interrupt):DEFINED (__IC8Interrupt)?<code 336> (__IC8Interrupt):<code 336> (__DefaultInterrupt)
                  0x000144          0x4 LONG 0xb36 DEFINED (__AltInterrupt24)?<code 336> (__AltInterrupt24):DEFINED (__Interrupt24)?<code 336> (__Interrupt24):<code 336> (__DefaultInterrupt)
                  0x000146          0x4 LONG 0xb36 DEFINED (__AltInterrupt25)?<code 336> (__AltInterrupt25):DEFINED (__Interrupt25)?<code 336> (__Interrupt25):<code 336> (__DefaultInterrupt)
                  0x000148          0x4 LONG 0xb36 DEFINED (__AltInterrupt26)?<code 336> (__AltInterrupt26):DEFINED (__Interrupt26)?<code 336> (__Interrupt26):<code 336> (__DefaultInterrupt)
                  0x00014a          0x4 LONG 0xb36 DEFINED (__AltInterrupt27)?<code 336> (__AltInterrupt27):DEFINED (__Interrupt27)?<code 336> (__Interrupt27):<code 336> (__DefaultInterrupt)
                  0x00014c          0x4 LONG 0xb36 DEFINED (__AltInterrupt28)?<code 336> (__AltInterrupt28):DEFINED (__Interrupt28)?<code 336> (__Interrupt28):<code 336> (__DefaultInterrupt)
                  0x00014e          0x4 LONG 0xb36 DEFINED (__AltINT2Interrupt)?<code 336> (__AltINT2Interrupt):DEFINED (__INT2Interrupt)?<code 336> (__INT2Interrupt):<code 336> (__DefaultInterrupt)
                  0x000150          0x4 LONG 0xb36 DEFINED (__AltInterrupt30)?<code 336> (__AltInterrupt30):DEFINED (__Interrupt30)?<code 336> (__Interrupt30):<code 336> (__DefaultInterrupt)
                  0x000152          0x4 LONG 0xb36 DEFINED (__AltInterrupt31)?<code 336> (__AltInterrupt31):DEFINED (__Interrupt31)?<code 336> (__Interrupt31):<code 336> (__DefaultInterrupt)
                  0x000154          0x4 LONG 0xb36 DEFINED (__AltInterrupt32)?<code 336> (__AltInterrupt32):DEFINED (__Interrupt32)?<code 336> (__Interrupt32):<code 336> (__DefaultInterrupt)
                  0x000156          0x4 LONG 0xb36 DEFINED (__AltInterrupt33)?<code 336> (__AltInterrupt33):DEFINED (__Interrupt33)?<code 336> (__Interrupt33):<code 336> (__DefaultInterrupt)
                  0x000158          0x4 LONG 0xb36 DEFINED (__AltInterrupt34)?<code 336> (__AltInterrupt34):DEFINED (__Interrupt34)?<code 336> (__Interrupt34):<code 336> (__DefaultInterrupt)
                  0x00015a          0x4 LONG 0xb36 DEFINED (__AltInterrupt35)?<code 336> (__AltInterrupt35):DEFINED (__Interrupt35)?<code 336> (__Interrupt35):<code 336> (__DefaultInterrupt)
                  0x00015c          0x4 LONG 0xb36 DEFINED (__AltInterrupt36)?<code 336> (__AltInterrupt36):DEFINED (__Interrupt36)?<code 336> (__Interrupt36):<code 336> (__DefaultInterrupt)
                  0x00015e          0x4 LONG 0xb36 DEFINED (__AltInterrupt37)?<code 336> (__AltInterrupt37):DEFINED (__Interrupt37)?<code 336> (__Interrupt37):<code 336> (__DefaultInterrupt)
                  0x000160          0x4 LONG 0xb36 DEFINED (__AltInterrupt38)?<code 336> (__AltInterrupt38):DEFINED (__Interrupt38)?<code 336> (__Interrupt38):<code 336> (__DefaultInterrupt)
                  0x000162          0x4 LONG 0xb36 DEFINED (__AltInterrupt39)?<code 336> (__AltInterrupt39):DEFINED (__Interrupt39)?<code 336> (__Interrupt39):<code 336> (__DefaultInterrupt)
                  0x000164          0x4 LONG 0xb36 DEFINED (__AltInterrupt40)?<code 336> (__AltInterrupt40):DEFINED (__Interrupt40)?<code 336> (__Interrupt40):<code 336> (__DefaultInterrupt)
                  0x000166          0x4 LONG 0xb36 DEFINED (__AltInterrupt41)?<code 336> (__AltInterrupt41):DEFINED (__Interrupt41)?<code 336> (__Interrupt41):<code 336> (__DefaultInterrupt)
                  0x000168          0x4 LONG 0xb36 DEFINED (__AltInterrupt42)?<code 336> (__AltInterrupt42):DEFINED (__Interrupt42)?<code 336> (__Interrupt42):<code 336> (__DefaultInterrupt)
                  0x00016a          0x4 LONG 0xb36 DEFINED (__AltInterrupt43)?<code 336> (__AltInterrupt43):DEFINED (__Interrupt43)?<code 336> (__Interrupt43):<code 336> (__DefaultInterrupt)
                  0x00016c          0x4 LONG 0xb36 DEFINED (__AltInterrupt44)?<code 336> (__AltInterrupt44):DEFINED (__Interrupt44)?<code 336> (__Interrupt44):<code 336> (__DefaultInterrupt)
                  0x00016e          0x4 LONG 0xb36 DEFINED (__AltInterrupt45)?<code 336> (__AltInterrupt45):DEFINED (__Interrupt45)?<code 336> (__Interrupt45):<code 336> (__DefaultInterrupt)
                  0x000170          0x4 LONG 0xb36 DEFINED (__AltInterrupt46)?<code 336> (__AltInterrupt46):DEFINED (__Interrupt46)?<code 336> (__Interrupt46):<code 336> (__DefaultInterrupt)
                  0x000172          0x4 LONG 0xb36 DEFINED (__AltInterrupt47)?<code 336> (__AltInterrupt47):DEFINED (__Interrupt47)?<code 336> (__Interrupt47):<code 336> (__DefaultInterrupt)
                  0x000174          0x4 LONG 0xb36 DEFINED (__AltInterrupt48)?<code 336> (__AltInterrupt48):DEFINED (__Interrupt48)?<code 336> (__Interrupt48):<code 336> (__DefaultInterrupt)
                  0x000176          0x4 LONG 0xb36 DEFINED (__AltInterrupt49)?<code 336> (__AltInterrupt49):DEFINED (__Interrupt49)?<code 336> (__Interrupt49):<code 336> (__DefaultInterrupt)
                  0x000178          0x4 LONG 0xb36 DEFINED (__AltInterrupt50)?<code 336> (__AltInterrupt50):DEFINED (__Interrupt50)?<code 336> (__Interrupt50):<code 336> (__DefaultInterrupt)
                  0x00017a          0x4 LONG 0xb36 DEFINED (__AltInterrupt51)?<code 336> (__AltInterrupt51):DEFINED (__Interrupt51)?<code 336> (__Interrupt51):<code 336> (__DefaultInterrupt)
                  0x00017c          0x4 LONG 0xb36 DEFINED (__AltInterrupt52)?<code 336> (__AltInterrupt52):DEFINED (__Interrupt52)?<code 336> (__Interrupt52):<code 336> (__DefaultInterrupt)
                  0x00017e          0x4 LONG 0xb36 DEFINED (__AltInterrupt53)?<code 336> (__AltInterrupt53):DEFINED (__Interrupt53)?<code 336> (__Interrupt53):<code 336> (__DefaultInterrupt)
                  0x000180          0x4 LONG 0xb36 DEFINED (__AltInterrupt54)?<code 336> (__AltInterrupt54):DEFINED (__Interrupt54)?<code 336> (__Interrupt54):<code 336> (__DefaultInterrupt)
                  0x000182          0x4 LONG 0xb36 DEFINED (__AltInterrupt55)?<code 336> (__AltInterrupt55):DEFINED (__Interrupt55)?<code 336> (__Interrupt55):<code 336> (__DefaultInterrupt)
                  0x000184          0x4 LONG 0xb36 DEFINED (__AltInterrupt56)?<code 336> (__AltInterrupt56):DEFINED (__Interrupt56)?<code 336> (__Interrupt56):<code 336> (__DefaultInterrupt)
                  0x000186          0x4 LONG 0xb36 DEFINED (__AltMPWM1Interrupt)?<code 336> (__AltMPWM1Interrupt):DEFINED (__MPWM1Interrupt)?<code 336> (__MPWM1Interrupt):<code 336> (__DefaultInterrupt)
                  0x000188          0x4 LONG 0xb36 DEFINED (__AltQEIInterrupt)?<code 336> (__AltQEIInterrupt):DEFINED (__QEIInterrupt)?<code 336> (__QEIInterrupt):<code 336> (__DefaultInterrupt)
                  0x00018a          0x4 LONG 0xb36 DEFINED (__AltInterrupt59)?<code 336> (__AltInterrupt59):DEFINED (__Interrupt59)?<code 336> (__Interrupt59):<code 336> (__DefaultInterrupt)
                  0x00018c          0x4 LONG 0xb36 DEFINED (__AltInterrupt60)?<code 336> (__AltInterrupt60):DEFINED (__Interrupt60)?<code 336> (__Interrupt60):<code 336> (__DefaultInterrupt)
                  0x00018e          0x4 LONG 0xb36 DEFINED (__AltInterrupt61)?<code 336> (__AltInterrupt61):DEFINED (__Interrupt61)?<code 336> (__Interrupt61):<code 336> (__DefaultInterrupt)
                  0x000190          0x4 LONG 0xb36 DEFINED (__AltInterrupt62)?<code 336> (__AltInterrupt62):DEFINED (__Interrupt62)?<code 336> (__Interrupt62):<code 336> (__DefaultInterrupt)
                  0x000192          0x4 LONG 0xb36 DEFINED (__AltFLTA1Interrupt)?<code 336> (__AltFLTA1Interrupt):DEFINED (__FLTA1Interrupt)?<code 336> (__FLTA1Interrupt):<code 336> (__DefaultInterrupt)
                  0x000194          0x4 LONG 0xb36 DEFINED (__AltInterrupt64)?<code 336> (__AltInterrupt64):DEFINED (__Interrupt64)?<code 336> (__Interrupt64):<code 336> (__DefaultInterrupt)
                  0x000196          0x4 LONG 0xb36 DEFINED (__AltU1ErrInterrupt)?<code 336> (__AltU1ErrInterrupt):DEFINED (__U1ErrInterrupt)?<code 336> (__U1ErrInterrupt):<code 336> (__DefaultInterrupt)
                  0x000198          0x4 LONG 0xb36 DEFINED (__AltInterrupt66)?<code 336> (__AltInterrupt66):DEFINED (__Interrupt66)?<code 336> (__Interrupt66):<code 336> (__DefaultInterrupt)
                  0x00019a          0x4 LONG 0xb36 DEFINED (__AltInterrupt67)?<code 336> (__AltInterrupt67):DEFINED (__Interrupt67)?<code 336> (__Interrupt67):<code 336> (__DefaultInterrupt)
                  0x00019c          0x4 LONG 0xb36 DEFINED (__AltInterrupt68)?<code 336> (__AltInterrupt68):DEFINED (__Interrupt68)?<code 336> (__Interrupt68):<code 336> (__DefaultInterrupt)
                  0x00019e          0x4 LONG 0xb36 DEFINED (__AltInterrupt69)?<code 336> (__AltInterrupt69):DEFINED (__Interrupt69)?<code 336> (__Interrupt69):<code 336> (__DefaultInterrupt)
                  0x0001a0          0x4 LONG 0xb36 DEFINED (__AltInterrupt70)?<code 336> (__AltInterrupt70):DEFINED (__Interrupt70)?<code 336> (__Interrupt70):<code 336> (__DefaultInterrupt)
                  0x0001a2          0x4 LONG 0xb36 DEFINED (__AltInterrupt71)?<code 336> (__AltInterrupt71):DEFINED (__Interrupt71)?<code 336> (__Interrupt71):<code 336> (__DefaultInterrupt)
                  0x0001a4          0x4 LONG 0xb36 DEFINED (__AltInterrupt72)?<code 336> (__AltInterrupt72):DEFINED (__Interrupt72)?<code 336> (__Interrupt72):<code 336> (__DefaultInterrupt)
                  0x0001a6          0x4 LONG 0xb36 DEFINED (__AltMPWM2Interrupt)?<code 336> (__AltMPWM2Interrupt):DEFINED (__MPWM2Interrupt)?<code 336> (__MPWM2Interrupt):<code 336> (__DefaultInterrupt)
                  0x0001a8          0x4 LONG 0xb36 DEFINED (__AltFLTA2Interrupt)?<code 336> (__AltFLTA2Interrupt):DEFINED (__FLTA2Interrupt)?<code 336> (__FLTA2Interrupt):<code 336> (__DefaultInterrupt)
                  0x0001aa          0x4 LONG 0xb36 DEFINED (__AltInterrupt75)?<code 336> (__AltInterrupt75):DEFINED (__Interrupt75)?<code 336> (__Interrupt75):<code 336> (__DefaultInterrupt)
                  0x0001ac          0x4 LONG 0xb36 DEFINED (__AltInterrupt76)?<code 336> (__AltInterrupt76):DEFINED (__Interrupt76)?<code 336> (__Interrupt76):<code 336> (__DefaultInterrupt)
                  0x0001ae          0x4 LONG 0xb36 DEFINED (__AltInterrupt77)?<code 336> (__AltInterrupt77):DEFINED (__Interrupt77)?<code 336> (__Interrupt77):<code 336> (__DefaultInterrupt)
                  0x0001b0          0x4 LONG 0xb36 DEFINED (__AltInterrupt78)?<code 336> (__AltInterrupt78):DEFINED (__Interrupt78)?<code 336> (__Interrupt78):<code 336> (__DefaultInterrupt)
                  0x0001b2          0x4 LONG 0xb36 DEFINED (__AltInterrupt79)?<code 336> (__AltInterrupt79):DEFINED (__Interrupt79)?<code 336> (__Interrupt79):<code 336> (__DefaultInterrupt)
                  0x0001b4          0x4 LONG 0xb36 DEFINED (__AltInterrupt80)?<code 336> (__AltInterrupt80):DEFINED (__Interrupt80)?<code 336> (__Interrupt80):<code 336> (__DefaultInterrupt)
                  0x0001b6          0x4 LONG 0xb36 DEFINED (__AltInterrupt81)?<code 336> (__AltInterrupt81):DEFINED (__Interrupt81)?<code 336> (__Interrupt81):<code 336> (__DefaultInterrupt)
                  0x0001b8          0x4 LONG 0xb36 DEFINED (__AltInterrupt82)?<code 336> (__AltInterrupt82):DEFINED (__Interrupt82)?<code 336> (__Interrupt82):<code 336> (__DefaultInterrupt)
                  0x0001ba          0x4 LONG 0xb36 DEFINED (__AltInterrupt83)?<code 336> (__AltInterrupt83):DEFINED (__Interrupt83)?<code 336> (__Interrupt83):<code 336> (__DefaultInterrupt)
                  0x0001bc          0x4 LONG 0xb36 DEFINED (__AltInterrupt84)?<code 336> (__AltInterrupt84):DEFINED (__Interrupt84)?<code 336> (__Interrupt84):<code 336> (__DefaultInterrupt)
                  0x0001be          0x4 LONG 0xb36 DEFINED (__AltInterrupt85)?<code 336> (__AltInterrupt85):DEFINED (__Interrupt85)?<code 336> (__Interrupt85):<code 336> (__DefaultInterrupt)
                  0x0001c0          0x4 LONG 0xb36 DEFINED (__AltInterrupt86)?<code 336> (__AltInterrupt86):DEFINED (__Interrupt86)?<code 336> (__Interrupt86):<code 336> (__DefaultInterrupt)
                  0x0001c2          0x4 LONG 0xb36 DEFINED (__AltInterrupt87)?<code 336> (__AltInterrupt87):DEFINED (__Interrupt87)?<code 336> (__Interrupt87):<code 336> (__DefaultInterrupt)
                  0x0001c4          0x4 LONG 0xb36 DEFINED (__AltInterrupt88)?<code 336> (__AltInterrupt88):DEFINED (__Interrupt88)?<code 336> (__Interrupt88):<code 336> (__DefaultInterrupt)
                  0x0001c6          0x4 LONG 0xb36 DEFINED (__AltInterrupt89)?<code 336> (__AltInterrupt89):DEFINED (__Interrupt89)?<code 336> (__Interrupt89):<code 336> (__DefaultInterrupt)
                  0x0001c8          0x4 LONG 0xb36 DEFINED (__AltInterrupt90)?<code 336> (__AltInterrupt90):DEFINED (__Interrupt90)?<code 336> (__Interrupt90):<code 336> (__DefaultInterrupt)
                  0x0001ca          0x4 LONG 0xb36 DEFINED (__AltInterrupt91)?<code 336> (__AltInterrupt91):DEFINED (__Interrupt91)?<code 336> (__Interrupt91):<code 336> (__DefaultInterrupt)
                  0x0001cc          0x4 LONG 0xb36 DEFINED (__AltInterrupt92)?<code 336> (__AltInterrupt92):DEFINED (__Interrupt92)?<code 336> (__Interrupt92):<code 336> (__DefaultInterrupt)
                  0x0001ce          0x4 LONG 0xb36 DEFINED (__AltInterrupt93)?<code 336> (__AltInterrupt93):DEFINED (__Interrupt93)?<code 336> (__Interrupt93):<code 336> (__DefaultInterrupt)
                  0x0001d0          0x4 LONG 0xb36 DEFINED (__AltInterrupt94)?<code 336> (__AltInterrupt94):DEFINED (__Interrupt94)?<code 336> (__Interrupt94):<code 336> (__DefaultInterrupt)
                  0x0001d2          0x4 LONG 0xb36 DEFINED (__AltInterrupt95)?<code 336> (__AltInterrupt95):DEFINED (__Interrupt95)?<code 336> (__Interrupt95):<code 336> (__DefaultInterrupt)
                  0x0001d4          0x4 LONG 0xb36 DEFINED (__AltInterrupt96)?<code 336> (__AltInterrupt96):DEFINED (__Interrupt96)?<code 336> (__Interrupt96):<code 336> (__DefaultInterrupt)
                  0x0001d6          0x4 LONG 0xb36 DEFINED (__AltInterrupt97)?<code 336> (__AltInterrupt97):DEFINED (__Interrupt97)?<code 336> (__Interrupt97):<code 336> (__DefaultInterrupt)
                  0x0001d8          0x4 LONG 0xb36 DEFINED (__AltInterrupt98)?<code 336> (__AltInterrupt98):DEFINED (__Interrupt98)?<code 336> (__Interrupt98):<code 336> (__DefaultInterrupt)
                  0x0001da          0x4 LONG 0xb36 DEFINED (__AltInterrupt99)?<code 336> (__AltInterrupt99):DEFINED (__Interrupt99)?<code 336> (__Interrupt99):<code 336> (__DefaultInterrupt)
                  0x0001dc          0x4 LONG 0xb36 DEFINED (__AltInterrupt100)?<code 336> (__AltInterrupt100):DEFINED (__Interrupt100)?<code 336> (__Interrupt100):<code 336> (__DefaultInterrupt)
                  0x0001de          0x4 LONG 0xb36 DEFINED (__AltInterrupt101)?<code 336> (__AltInterrupt101):DEFINED (__Interrupt101)?<code 336> (__Interrupt101):<code 336> (__DefaultInterrupt)
                  0x0001e0          0x4 LONG 0xb36 DEFINED (__AltInterrupt102)?<code 336> (__AltInterrupt102):DEFINED (__Interrupt102)?<code 336> (__Interrupt102):<code 336> (__DefaultInterrupt)
                  0x0001e2          0x4 LONG 0xb36 DEFINED (__AltInterrupt103)?<code 336> (__AltInterrupt103):DEFINED (__Interrupt103)?<code 336> (__Interrupt103):<code 336> (__DefaultInterrupt)
                  0x0001e4          0x4 LONG 0xb36 DEFINED (__AltInterrupt104)?<code 336> (__AltInterrupt104):DEFINED (__Interrupt104)?<code 336> (__Interrupt104):<code 336> (__DefaultInterrupt)
                  0x0001e6          0x4 LONG 0xb36 DEFINED (__AltInterrupt105)?<code 336> (__AltInterrupt105):DEFINED (__Interrupt105)?<code 336> (__Interrupt105):<code 336> (__DefaultInterrupt)
                  0x0001e8          0x4 LONG 0xb36 DEFINED (__AltInterrupt106)?<code 336> (__AltInterrupt106):DEFINED (__Interrupt106)?<code 336> (__Interrupt106):<code 336> (__DefaultInterrupt)
                  0x0001ea          0x4 LONG 0xb36 DEFINED (__AltInterrupt107)?<code 336> (__AltInterrupt107):DEFINED (__Interrupt107)?<code 336> (__Interrupt107):<code 336> (__DefaultInterrupt)
                  0x0001ec          0x4 LONG 0xb36 DEFINED (__AltInterrupt108)?<code 336> (__AltInterrupt108):DEFINED (__Interrupt108)?<code 336> (__Interrupt108):<code 336> (__DefaultInterrupt)
                  0x0001ee          0x4 LONG 0xb36 DEFINED (__AltInterrupt109)?<code 336> (__AltInterrupt109):DEFINED (__Interrupt109)?<code 336> (__Interrupt109):<code 336> (__DefaultInterrupt)
                  0x0001f0          0x4 LONG 0xb36 DEFINED (__AltInterrupt110)?<code 336> (__AltInterrupt110):DEFINED (__Interrupt110)?<code 336> (__Interrupt110):<code 336> (__DefaultInterrupt)
                  0x0001f2          0x4 LONG 0xb36 DEFINED (__AltInterrupt111)?<code 336> (__AltInterrupt111):DEFINED (__Interrupt111)?<code 336> (__Interrupt111):<code 336> (__DefaultInterrupt)
                  0x0001f4          0x4 LONG 0xb36 DEFINED (__AltInterrupt112)?<code 336> (__AltInterrupt112):DEFINED (__Interrupt112)?<code 336> (__Interrupt112):<code 336> (__DefaultInterrupt)
                  0x0001f6          0x4 LONG 0xb36 DEFINED (__AltInterrupt113)?<code 336> (__AltInterrupt113):DEFINED (__Interrupt113)?<code 336> (__Interrupt113):<code 336> (__DefaultInterrupt)
                  0x0001f8          0x4 LONG 0xb36 DEFINED (__AltInterrupt114)?<code 336> (__AltInterrupt114):DEFINED (__Interrupt114)?<code 336> (__Interrupt114):<code 336> (__DefaultInterrupt)
                  0x0001fa          0x4 LONG 0xb36 DEFINED (__AltInterrupt115)?<code 336> (__AltInterrupt115):DEFINED (__Interrupt115)?<code 336> (__Interrupt115):<code 336> (__DefaultInterrupt)
                  0x0001fc          0x4 LONG 0xb36 DEFINED (__AltInterrupt116)?<code 336> (__AltInterrupt116):DEFINED (__Interrupt116)?<code 336> (__Interrupt116):<code 336> (__DefaultInterrupt)
                  0x0001fe          0x4 LONG 0xb36 DEFINED (__AltInterrupt117)?<code 336> (__AltInterrupt117):DEFINED (__Interrupt117)?<code 336> (__Interrupt117):<code 336> (__DefaultInterrupt)
                    0x0000                  WREG0 = 0x0
                    0x0000                  _WREG0 = 0x0
                    0x0002                  WREG1 = 0x2
                    0x0002                  _WREG1 = 0x2
                    0x0004                  WREG2 = 0x4
                    0x0004                  _WREG2 = 0x4
                    0x0006                  WREG3 = 0x6
                    0x0006                  _WREG3 = 0x6
                    0x0008                  WREG4 = 0x8
                    0x0008                  _WREG4 = 0x8
                    0x000a                  WREG5 = 0xa
                    0x000a                  _WREG5 = 0xa
                    0x000c                  WREG6 = 0xc
                    0x000c                  _WREG6 = 0xc
                    0x000e                  WREG7 = 0xe
                    0x000e                  _WREG7 = 0xe
                    0x0010                  WREG8 = 0x10
                    0x0010                  _WREG8 = 0x10
                    0x0012                  WREG9 = 0x12
                    0x0012                  _WREG9 = 0x12
                    0x0014                  WREG10 = 0x14
                    0x0014                  _WREG10 = 0x14
                    0x0016                  WREG11 = 0x16
                    0x0016                  _WREG11 = 0x16
                    0x0018                  WREG12 = 0x18
                    0x0018                  _WREG12 = 0x18
                    0x001a                  WREG13 = 0x1a
                    0x001a                  _WREG13 = 0x1a
                    0x001c                  WREG14 = 0x1c
                    0x001c                  _WREG14 = 0x1c
                    0x001e                  WREG15 = 0x1e
                    0x001e                  _WREG15 = 0x1e
                    0x0020                  SPLIM = 0x20
                    0x0020                  _SPLIM = 0x20
                    0x0022                  ACCAL = 0x22
                    0x0022                  _ACCAL = 0x22
                    0x0024                  ACCAH = 0x24
                    0x0024                  _ACCAH = 0x24
                    0x0026                  ACCAU = 0x26
                    0x0026                  _ACCAU = 0x26
                    0x0028                  ACCBL = 0x28
                    0x0028                  _ACCBL = 0x28
                    0x002a                  ACCBH = 0x2a
                    0x002a                  _ACCBH = 0x2a
                    0x002c                  ACCBU = 0x2c
                    0x002c                  _ACCBU = 0x2c
                    0x002e                  PCL = 0x2e
                    0x002e                  _PCL = 0x2e
                    0x0030                  PCH = 0x30
                    0x0030                  _PCH = 0x30
                    0x0032                  TBLPAG = 0x32
                    0x0032                  _TBLPAG = 0x32
                    0x0034                  PSVPAG = 0x34
                    0x0034                  _PSVPAG = 0x34
                    0x0036                  RCOUNT = 0x36
                    0x0036                  _RCOUNT = 0x36
                    0x0038                  DCOUNT = 0x38
                    0x0038                  _DCOUNT = 0x38
                    0x003a                  DOSTARTL = 0x3a
                    0x003a                  _DOSTARTL = 0x3a
                    0x003c                  DOSTARTH = 0x3c
                    0x003c                  _DOSTARTH = 0x3c
                    0x003e                  DOENDL = 0x3e
                    0x003e                  _DOENDL = 0x3e
                    0x0040                  DOENDH = 0x40
                    0x0040                  _DOENDH = 0x40
                    0x0042                  SR = 0x42
                    0x0042                  _SR = 0x42
                    0x0042                  _SRbits = 0x42
                    0x0044                  CORCON = 0x44
                    0x0044                  _CORCON = 0x44
                    0x0044                  _CORCONbits = 0x44
                    0x0046                  MODCON = 0x46
                    0x0046                  _MODCON = 0x46
                    0x0046                  _MODCONbits = 0x46
                    0x0048                  XMODSRT = 0x48
                    0x0048                  _XMODSRT = 0x48
                    0x004a                  XMODEND = 0x4a
                    0x004a                  _XMODEND = 0x4a
                    0x004c                  YMODSRT = 0x4c
                    0x004c                  _YMODSRT = 0x4c
                    0x004e                  YMODEND = 0x4e
                    0x004e                  _YMODEND = 0x4e
                    0x0050                  XBREV = 0x50
                    0x0050                  _XBREV = 0x50
                    0x0050                  _XBREVbits = 0x50
                    0x0052                  DISICNT = 0x52
                    0x0052                  _DISICNT = 0x52
                    0x0060                  CNEN1 = 0x60
                    0x0060                  _CNEN1 = 0x60
                    0x0060                  _CNEN1bits = 0x60
                    0x0062                  CNEN2 = 0x62
                    0x0062                  _CNEN2 = 0x62
                    0x0062                  _CNEN2bits = 0x62
                    0x0068                  CNPU1 = 0x68
                    0x0068                  _CNPU1 = 0x68
                    0x0068                  _CNPU1bits = 0x68
                    0x006a                  CNPU2 = 0x6a
                    0x006a                  _CNPU2 = 0x6a
                    0x006a                  _CNPU2bits = 0x6a
                    0x0080                  INTCON1 = 0x80
                    0x0080                  _INTCON1 = 0x80
                    0x0080                  _INTCON1bits = 0x80
                    0x0082                  INTCON2 = 0x82
                    0x0082                  _INTCON2 = 0x82
                    0x0082                  _INTCON2bits = 0x82
                    0x0084                  IFS0 = 0x84
                    0x0084                  _IFS0 = 0x84
                    0x0084                  _IFS0bits = 0x84
                    0x0086                  IFS1 = 0x86
                    0x0086                  _IFS1 = 0x86
                    0x0086                  _IFS1bits = 0x86
                    0x0088                  IFS2 = 0x88
                    0x0088                  _IFS2 = 0x88
                    0x0088                  _IFS2bits = 0x88
                    0x008a                  IFS3 = 0x8a
                    0x008a                  _IFS3 = 0x8a
                    0x008a                  _IFS3bits = 0x8a
                    0x008c                  IFS4 = 0x8c
                    0x008c                  _IFS4 = 0x8c
                    0x008c                  _IFS4bits = 0x8c
                    0x0094                  IEC0 = 0x94
                    0x0094                  _IEC0 = 0x94
                    0x0094                  _IEC0bits = 0x94
                    0x0096                  IEC1 = 0x96
                    0x0096                  _IEC1 = 0x96
                    0x0096                  _IEC1bits = 0x96
                    0x009a                  IEC3 = 0x9a
                    0x009a                  _IEC3 = 0x9a
                    0x009a                  _IEC3bits = 0x9a
                    0x009c                  IEC4 = 0x9c
                    0x009c                  _IEC4 = 0x9c
                    0x009c                  _IEC4bits = 0x9c
                    0x00a4                  IPC0 = 0xa4
                    0x00a4                  _IPC0 = 0xa4
                    0x00a4                  _IPC0bits = 0xa4
                    0x00a6                  IPC1 = 0xa6
                    0x00a6                  _IPC1 = 0xa6
                    0x00a6                  _IPC1bits = 0xa6
                    0x00a8                  IPC2 = 0xa8
                    0x00a8                  _IPC2 = 0xa8
                    0x00a8                  _IPC2bits = 0xa8
                    0x00aa                  IPC3 = 0xaa
                    0x00aa                  _IPC3 = 0xaa
                    0x00aa                  _IPC3bits = 0xaa
                    0x00ac                  IPC4 = 0xac
                    0x00ac                  _IPC4 = 0xac
                    0x00ac                  _IPC4bits = 0xac
                    0x00ae                  IPC5 = 0xae
                    0x00ae                  _IPC5 = 0xae
                    0x00ae                  _IPC5bits = 0xae
                    0x00b2                  IPC7 = 0xb2
                    0x00b2                  _IPC7 = 0xb2
                    0x00b2                  _IPC7bits = 0xb2
                    0x00c0                  IPC14 = 0xc0
                    0x00c0                  _IPC14 = 0xc0
                    0x00c0                  _IPC14bits = 0xc0
                    0x00c2                  IPC15 = 0xc2
                    0x00c2                  _IPC15 = 0xc2
                    0x00c2                  _IPC15bits = 0xc2
                    0x00c4                  IPC16 = 0xc4
                    0x00c4                  _IPC16 = 0xc4
                    0x00c4                  _IPC16bits = 0xc4
                    0x00c8                  IPC18 = 0xc8
                    0x00c8                  _IPC18 = 0xc8
                    0x00c8                  _IPC18bits = 0xc8
                    0x00e0                  INTTREG = 0xe0
                    0x00e0                  _INTTREG = 0xe0
                    0x00e0                  _INTTREGbits = 0xe0
                    0x0100                  TMR1 = 0x100
                    0x0100                  _TMR1 = 0x100
                    0x0102                  PR1 = 0x102
                    0x0102                  _PR1 = 0x102
                    0x0104                  T1CON = 0x104
                    0x0104                  _T1CON = 0x104
                    0x0104                  _T1CONbits = 0x104
                    0x0106                  TMR2 = 0x106
                    0x0106                  _TMR2 = 0x106
                    0x0108                  TMR3HLD = 0x108
                    0x0108                  _TMR3HLD = 0x108
                    0x010a                  TMR3 = 0x10a
                    0x010a                  _TMR3 = 0x10a
                    0x010c                  PR2 = 0x10c
                    0x010c                  _PR2 = 0x10c
                    0x010e                  PR3 = 0x10e
                    0x010e                  _PR3 = 0x10e
                    0x0110                  T2CON = 0x110
                    0x0110                  _T2CON = 0x110
                    0x0110                  _T2CONbits = 0x110
                    0x0112                  T3CON = 0x112
                    0x0112                  _T3CON = 0x112
                    0x0112                  _T3CONbits = 0x112
                    0x0140                  IC1BUF = 0x140
                    0x0140                  _IC1BUF = 0x140
                    0x0142                  IC1CON = 0x142
                    0x0142                  _IC1CON = 0x142
                    0x0142                  _IC1CONbits = 0x142
                    0x0144                  IC2BUF = 0x144
                    0x0144                  _IC2BUF = 0x144
                    0x0146                  IC2CON = 0x146
                    0x0146                  _IC2CON = 0x146
                    0x0146                  _IC2CONbits = 0x146
                    0x0158                  IC7BUF = 0x158
                    0x0158                  _IC7BUF = 0x158
                    0x015a                  IC7CON = 0x15a
                    0x015a                  _IC7CON = 0x15a
                    0x015a                  _IC7CONbits = 0x15a
                    0x015c                  IC8BUF = 0x15c
                    0x015c                  _IC8BUF = 0x15c
                    0x015e                  IC8CON = 0x15e
                    0x015e                  _IC8CON = 0x15e
                    0x015e                  _IC8CONbits = 0x15e
                    0x0180                  OC1RS = 0x180
                    0x0180                  _OC1RS = 0x180
                    0x0182                  OC1R = 0x182
                    0x0182                  _OC1R = 0x182
                    0x0184                  OC1CON = 0x184
                    0x0184                  _OC1CON = 0x184
                    0x0184                  _OC1CONbits = 0x184
                    0x0186                  OC2RS = 0x186
                    0x0186                  _OC2RS = 0x186
                    0x0188                  OC2R = 0x188
                    0x0188                  _OC2R = 0x188
                    0x018a                  OC2CON = 0x18a
                    0x018a                  _OC2CON = 0x18a
                    0x018a                  _OC2CONbits = 0x18a
                    0x01c0                  P1TCON = 0x1c0
                    0x01c0                  _P1TCON = 0x1c0
                    0x01c0                  _P1TCONbits = 0x1c0
                    0x01c0                  PTCON = 0x1c0
                    0x01c0                  _PTCON = 0x1c0
                    0x01c0                  _PTCONbits = 0x1c0
                    0x01c2                  P1TMR = 0x1c2
                    0x01c2                  _P1TMR = 0x1c2
                    0x01c2                  _P1TMRbits = 0x1c2
                    0x01c2                  PTMR = 0x1c2
                    0x01c2                  _PTMR = 0x1c2
                    0x01c2                  _PTMRbits = 0x1c2
                    0x01c4                  P1TPER = 0x1c4
                    0x01c4                  _P1TPER = 0x1c4
                    0x01c4                  _P1TPERbits = 0x1c4
                    0x01c4                  PTPER = 0x1c4
                    0x01c4                  _PTPER = 0x1c4
                    0x01c4                  _PTPERbits = 0x1c4
                    0x01c6                  P1SECMP = 0x1c6
                    0x01c6                  _P1SECMP = 0x1c6
                    0x01c6                  _P1SECMPbits = 0x1c6
                    0x01c6                  SEVTCMP = 0x1c6
                    0x01c6                  _SEVTCMP = 0x1c6
                    0x01c6                  _SEVTCMPbits = 0x1c6
                    0x01c8                  PWM1CON1 = 0x1c8
                    0x01c8                  _PWM1CON1 = 0x1c8
                    0x01c8                  _PWM1CON1bits = 0x1c8
                    0x01c8                  PWMCON1 = 0x1c8
                    0x01c8                  _PWMCON1 = 0x1c8
                    0x01c8                  _PWMCON1bits = 0x1c8
                    0x01ca                  PWM1CON2 = 0x1ca
                    0x01ca                  _PWM1CON2 = 0x1ca
                    0x01ca                  _PWM1CON2bits = 0x1ca
                    0x01ca                  PWMCON2 = 0x1ca
                    0x01ca                  _PWMCON2 = 0x1ca
                    0x01ca                  _PWMCON2bits = 0x1ca
                    0x01cc                  DTCON1 = 0x1cc
                    0x01cc                  _DTCON1 = 0x1cc
                    0x01cc                  _DTCON1bits = 0x1cc
                    0x01cc                  P1DTCON1 = 0x1cc
                    0x01cc                  _P1DTCON1 = 0x1cc
                    0x01cc                  _P1DTCON1bits = 0x1cc
                    0x01ce                  DTCON2 = 0x1ce
                    0x01ce                  _DTCON2 = 0x1ce
                    0x01ce                  _DTCON2bits = 0x1ce
                    0x01ce                  P1DTCON2 = 0x1ce
                    0x01ce                  _P1DTCON2 = 0x1ce
                    0x01ce                  _P1DTCON2bits = 0x1ce
                    0x01d0                  FLTACON = 0x1d0
                    0x01d0                  _FLTACON = 0x1d0
                    0x01d0                  _FLTACONbits = 0x1d0
                    0x01d0                  P1FLTACON = 0x1d0
                    0x01d0                  _P1FLTACON = 0x1d0
                    0x01d0                  _P1FLTACONbits = 0x1d0
                    0x01d4                  OVDCON = 0x1d4
                    0x01d4                  _OVDCON = 0x1d4
                    0x01d4                  _OVDCONbits = 0x1d4
                    0x01d4                  P1OVDCON = 0x1d4
                    0x01d4                  _P1OVDCON = 0x1d4
                    0x01d4                  _P1OVDCONbits = 0x1d4
                    0x01d6                  P1DC1 = 0x1d6
                    0x01d6                  _P1DC1 = 0x1d6
                    0x01d6                  PDC1 = 0x1d6
                    0x01d6                  _PDC1 = 0x1d6
                    0x01d8                  P1DC2 = 0x1d8
                    0x01d8                  _P1DC2 = 0x1d8
                    0x01d8                  PDC2 = 0x1d8
                    0x01d8                  _PDC2 = 0x1d8
                    0x01da                  P1DC3 = 0x1da
                    0x01da                  _P1DC3 = 0x1da
                    0x01da                  PDC3 = 0x1da
                    0x01da                  _PDC3 = 0x1da
                    0x01e0                  QEI1CON = 0x1e0
                    0x01e0                  _QEI1CON = 0x1e0
                    0x01e0                  _QEI1CONbits = 0x1e0
                    0x01e0                  QEICON = 0x1e0
                    0x01e0                  _QEICON = 0x1e0
                    0x01e0                  _QEICONbits = 0x1e0
                    0x01e2                  DFLT1CON = 0x1e2
                    0x01e2                  _DFLT1CON = 0x1e2
                    0x01e2                  _DFLT1CONbits = 0x1e2
                    0x01e2                  DFLTCON = 0x1e2
                    0x01e2                  _DFLTCON = 0x1e2
                    0x01e2                  _DFLTCONbits = 0x1e2
                    0x01e4                  POS1CNT = 0x1e4
                    0x01e4                  _POS1CNT = 0x1e4
                    0x01e4                  POSCNT = 0x1e4
                    0x01e4                  _POSCNT = 0x1e4
                    0x01e6                  MAX1CNT = 0x1e6
                    0x01e6                  _MAX1CNT = 0x1e6
                    0x01e6                  MAXCNT = 0x1e6
                    0x01e6                  _MAXCNT = 0x1e6
                    0x0200                  I2C1RCV = 0x200
                    0x0200                  _I2C1RCV = 0x200
                    0x0200                  I2CRCV = 0x200
                    0x0200                  _I2CRCV = 0x200
                    0x0202                  I2C1TRN = 0x202
                    0x0202                  _I2C1TRN = 0x202
                    0x0202                  I2CTRN = 0x202
                    0x0202                  _I2CTRN = 0x202
                    0x0204                  I2C1BRG = 0x204
                    0x0204                  _I2C1BRG = 0x204
                    0x0206                  I2C1CON = 0x206
                    0x0206                  _I2C1CON = 0x206
                    0x0206                  _I2C1CONbits = 0x206
                    0x0206                  I2CCON = 0x206
                    0x0206                  _I2CCON = 0x206
                    0x0208                  I2C1STAT = 0x208
                    0x0208                  _I2C1STAT = 0x208
                    0x0208                  _I2C1STATbits = 0x208
                    0x0208                  I2CSTAT = 0x208
                    0x0208                  _I2CSTAT = 0x208
                    0x020a                  I2C1ADD = 0x20a
                    0x020a                  _I2C1ADD = 0x20a
                    0x020a                  I2CADD = 0x20a
                    0x020a                  _I2CADD = 0x20a
                    0x020c                  I2C1MSK = 0x20c
                    0x020c                  _I2C1MSK = 0x20c
                    0x0220                  U1MODE = 0x220
                    0x0220                  _U1MODE = 0x220
                    0x0220                  _U1MODEbits = 0x220
                    0x0222                  U1STA = 0x222
                    0x0222                  _U1STA = 0x222
                    0x0222                  _U1STAbits = 0x222
                    0x0224                  U1TXREG = 0x224
                    0x0224                  _U1TXREG = 0x224
                    0x0224                  _U1TXREGbits = 0x224
                    0x0226                  U1RXREG = 0x226
                    0x0226                  _U1RXREG = 0x226
                    0x0226                  _U1RXREGbits = 0x226
                    0x0228                  U1BRG = 0x228
                    0x0228                  _U1BRG = 0x228
                    0x0240                  SPI1STAT = 0x240
                    0x0240                  _SPI1STAT = 0x240
                    0x0240                  _SPI1STATbits = 0x240
                    0x0242                  SPI1CON1 = 0x242
                    0x0242                  _SPI1CON1 = 0x242
                    0x0242                  _SPI1CON1bits = 0x242
                    0x0244                  SPI1CON2 = 0x244
                    0x0244                  _SPI1CON2 = 0x244
                    0x0244                  _SPI1CON2bits = 0x244
                    0x0248                  SPI1BUF = 0x248
                    0x0248                  _SPI1BUF = 0x248
                    0x02c0                  TRISA = 0x2c0
                    0x02c0                  _TRISA = 0x2c0
                    0x02c0                  _TRISAbits = 0x2c0
                    0x02c2                  PORTA = 0x2c2
                    0x02c2                  _PORTA = 0x2c2
                    0x02c2                  _PORTAbits = 0x2c2
                    0x02c4                  LATA = 0x2c4
                    0x02c4                  _LATA = 0x2c4
                    0x02c4                  _LATAbits = 0x2c4
                    0x02c6                  ODCA = 0x2c6
                    0x02c6                  _ODCA = 0x2c6
                    0x02c6                  _ODCAbits = 0x2c6
                    0x02c8                  TRISB = 0x2c8
                    0x02c8                  _TRISB = 0x2c8
                    0x02c8                  _TRISBbits = 0x2c8
                    0x02ca                  PORTB = 0x2ca
                    0x02ca                  _PORTB = 0x2ca
                    0x02ca                  _PORTBbits = 0x2ca
                    0x02cc                  LATB = 0x2cc
                    0x02cc                  _LATB = 0x2cc
                    0x02cc                  _LATBbits = 0x2cc
                    0x02ce                  ODCB = 0x2ce
                    0x02ce                  _ODCB = 0x2ce
                    0x02ce                  _ODCBbits = 0x2ce
                    0x02d0                  TRISC = 0x2d0
                    0x02d0                  _TRISC = 0x2d0
                    0x02d0                  _TRISCbits = 0x2d0
                    0x02d2                  PORTC = 0x2d2
                    0x02d2                  _PORTC = 0x2d2
                    0x02d2                  _PORTCbits = 0x2d2
                    0x02d4                  LATC = 0x2d4
                    0x02d4                  _LATC = 0x2d4
                    0x02d4                  _LATCbits = 0x2d4
                    0x02d6                  ODCC = 0x2d6
                    0x02d6                  _ODCC = 0x2d6
                    0x02d6                  _ODCCbits = 0x2d6
                    0x0300                  ADC1BUF0 = 0x300
                    0x0300                  _ADC1BUF0 = 0x300
                    0x0300                  ADCBUF0 = 0x300
                    0x0300                  _ADCBUF0 = 0x300
                    0x0302                  ADC1BUF1 = 0x302
                    0x0302                  _ADC1BUF1 = 0x302
                    0x0302                  ADCBUF1 = 0x302
                    0x0302                  _ADCBUF1 = 0x302
                    0x0304                  ADC1BUF2 = 0x304
                    0x0304                  _ADC1BUF2 = 0x304
                    0x0304                  ADCBUF2 = 0x304
                    0x0304                  _ADCBUF2 = 0x304
                    0x0306                  ADC1BUF3 = 0x306
                    0x0306                  _ADC1BUF3 = 0x306
                    0x0306                  ADCBUF3 = 0x306
                    0x0306                  _ADCBUF3 = 0x306
                    0x0308                  ADC1BUF4 = 0x308
                    0x0308                  _ADC1BUF4 = 0x308
                    0x0308                  ADCBUF4 = 0x308
                    0x0308                  _ADCBUF4 = 0x308
                    0x030a                  ADC1BUF5 = 0x30a
                    0x030a                  _ADC1BUF5 = 0x30a
                    0x030a                  ADCBUF5 = 0x30a
                    0x030a                  _ADCBUF5 = 0x30a
                    0x030c                  ADC1BUF6 = 0x30c
                    0x030c                  _ADC1BUF6 = 0x30c
                    0x030c                  ADCBUF6 = 0x30c
                    0x030c                  _ADCBUF6 = 0x30c
                    0x030e                  ADC1BUF7 = 0x30e
                    0x030e                  _ADC1BUF7 = 0x30e
                    0x030e                  ADCBUF7 = 0x30e
                    0x030e                  _ADCBUF7 = 0x30e
                    0x0310                  ADC1BUF8 = 0x310
                    0x0310                  _ADC1BUF8 = 0x310
                    0x0310                  ADCBUF8 = 0x310
                    0x0310                  _ADCBUF8 = 0x310
                    0x0312                  ADC1BUF9 = 0x312
                    0x0312                  _ADC1BUF9 = 0x312
                    0x0312                  ADCBUF9 = 0x312
                    0x0312                  _ADCBUF9 = 0x312
                    0x0314                  ADC1BUFA = 0x314
                    0x0314                  _ADC1BUFA = 0x314
                    0x0314                  ADCBUFA = 0x314
                    0x0314                  _ADCBUFA = 0x314
                    0x0316                  ADC1BUFB = 0x316
                    0x0316                  _ADC1BUFB = 0x316
                    0x0316                  ADCBUFB = 0x316
                    0x0316                  _ADCBUFB = 0x316
                    0x0318                  ADC1BUFC = 0x318
                    0x0318                  _ADC1BUFC = 0x318
                    0x0318                  ADCBUFC = 0x318
                    0x0318                  _ADCBUFC = 0x318
                    0x031a                  ADC1BUFD = 0x31a
                    0x031a                  _ADC1BUFD = 0x31a
                    0x031a                  ADCBUFD = 0x31a
                    0x031a                  _ADCBUFD = 0x31a
                    0x031c                  ADC1BUFE = 0x31c
                    0x031c                  _ADC1BUFE = 0x31c
                    0x031c                  ADCBUFE = 0x31c
                    0x031c                  _ADCBUFE = 0x31c
                    0x031e                  ADC1BUFF = 0x31e
                    0x031e                  _ADC1BUFF = 0x31e
                    0x031e                  ADCBUFF = 0x31e
                    0x031e                  _ADCBUFF = 0x31e
                    0x0320                  AD1CON1 = 0x320
                    0x0320                  _AD1CON1 = 0x320
                    0x0320                  _AD1CON1bits = 0x320
                    0x0322                  AD1CON2 = 0x322
                    0x0322                  _AD1CON2 = 0x322
                    0x0322                  _AD1CON2bits = 0x322
                    0x0324                  AD1CON3 = 0x324
                    0x0324                  _AD1CON3 = 0x324
                    0x0324                  _AD1CON3bits = 0x324
                    0x0326                  AD1CHS123 = 0x326
                    0x0326                  _AD1CHS123 = 0x326
                    0x0326                  _AD1CHS123bits = 0x326
                    0x0328                  AD1CHS0 = 0x328
                    0x0328                  _AD1CHS0 = 0x328
                    0x0328                  _AD1CHS0bits = 0x328
                    0x032c                  AD1PCFGL = 0x32c
                    0x032c                  _AD1PCFGL = 0x32c
                    0x032c                  _AD1PCFGLbits = 0x32c
                    0x032c                  ADPCFG = 0x32c
                    0x032c                  _ADPCFG = 0x32c
                    0x0330                  AD1CSSL = 0x330
                    0x0330                  _AD1CSSL = 0x330
                    0x0330                  _AD1CSSLbits = 0x330
                    0x05c0                  P2TCON = 0x5c0
                    0x05c0                  _P2TCON = 0x5c0
                    0x05c0                  _P2TCONbits = 0x5c0
                    0x05c2                  P2TMR = 0x5c2
                    0x05c2                  _P2TMR = 0x5c2
                    0x05c2                  _P2TMRbits = 0x5c2
                    0x05c4                  P2TPER = 0x5c4
                    0x05c4                  _P2TPER = 0x5c4
                    0x05c4                  _P2TPERbits = 0x5c4
                    0x05c6                  P2SECMP = 0x5c6
                    0x05c6                  _P2SECMP = 0x5c6
                    0x05c6                  _P2SECMPbits = 0x5c6
                    0x05c8                  PWM2CON1 = 0x5c8
                    0x05c8                  _PWM2CON1 = 0x5c8
                    0x05c8                  _PWM2CON1bits = 0x5c8
                    0x05ca                  PWM2CON2 = 0x5ca
                    0x05ca                  _PWM2CON2 = 0x5ca
                    0x05ca                  _PWM2CON2bits = 0x5ca
                    0x05cc                  P2DTCON1 = 0x5cc
                    0x05cc                  _P2DTCON1 = 0x5cc
                    0x05cc                  _P2DTCON1bits = 0x5cc
                    0x05ce                  P2DTCON2 = 0x5ce
                    0x05ce                  _P2DTCON2 = 0x5ce
                    0x05ce                  _P2DTCON2bits = 0x5ce
                    0x05d0                  P2FLTACON = 0x5d0
                    0x05d0                  _P2FLTACON = 0x5d0
                    0x05d0                  _P2FLTACONbits = 0x5d0
                    0x05d4                  P2OVDCON = 0x5d4
                    0x05d4                  _P2OVDCON = 0x5d4
                    0x05d4                  _P2OVDCONbits = 0x5d4
                    0x05d6                  P2DC1 = 0x5d6
                    0x05d6                  _P2DC1 = 0x5d6
                    0x0680                  RPINR0 = 0x680
                    0x0680                  _RPINR0 = 0x680
                    0x0680                  _RPINR0bits = 0x680
                    0x0682                  RPINR1 = 0x682
                    0x0682                  _RPINR1 = 0x682
                    0x0682                  _RPINR1bits = 0x682
                    0x0686                  RPINR3 = 0x686
                    0x0686                  _RPINR3 = 0x686
                    0x0686                  _RPINR3bits = 0x686
                    0x068e                  RPINR7 = 0x68e
                    0x068e                  _RPINR7 = 0x68e
                    0x068e                  _RPINR7bits = 0x68e
                    0x0694                  RPINR10 = 0x694
                    0x0694                  _RPINR10 = 0x694
                    0x0694                  _RPINR10bits = 0x694
                    0x0696                  RPINR11 = 0x696
                    0x0696                  _RPINR11 = 0x696
                    0x0696                  _RPINR11bits = 0x696
                    0x0698                  RPINR12 = 0x698
                    0x0698                  _RPINR12 = 0x698
                    0x0698                  _RPINR12bits = 0x698
                    0x069a                  RPINR13 = 0x69a
                    0x069a                  _RPINR13 = 0x69a
                    0x069a                  _RPINR13bits = 0x69a
                    0x069c                  RPINR14 = 0x69c
                    0x069c                  _RPINR14 = 0x69c
                    0x069c                  _RPINR14bits = 0x69c
                    0x069e                  RPINR15 = 0x69e
                    0x069e                  _RPINR15 = 0x69e
                    0x069e                  _RPINR15bits = 0x69e
                    0x06a4                  RPINR18 = 0x6a4
                    0x06a4                  _RPINR18 = 0x6a4
                    0x06a4                  _RPINR18bits = 0x6a4
                    0x06a8                  RPINR20 = 0x6a8
                    0x06a8                  _RPINR20 = 0x6a8
                    0x06a8                  _RPINR20bits = 0x6a8
                    0x06aa                  RPINR21 = 0x6aa
                    0x06aa                  _RPINR21 = 0x6aa
                    0x06aa                  _RPINR21bits = 0x6aa
                    0x06c0                  RPOR0 = 0x6c0
                    0x06c0                  _RPOR0 = 0x6c0
                    0x06c0                  _RPOR0bits = 0x6c0
                    0x06c2                  RPOR1 = 0x6c2
                    0x06c2                  _RPOR1 = 0x6c2
                    0x06c2                  _RPOR1bits = 0x6c2
                    0x06c4                  RPOR2 = 0x6c4
                    0x06c4                  _RPOR2 = 0x6c4
                    0x06c4                  _RPOR2bits = 0x6c4
                    0x06c6                  RPOR3 = 0x6c6
                    0x06c6                  _RPOR3 = 0x6c6
                    0x06c6                  _RPOR3bits = 0x6c6
                    0x06c8                  RPOR4 = 0x6c8
                    0x06c8                  _RPOR4 = 0x6c8
                    0x06c8                  _RPOR4bits = 0x6c8
                    0x06ca                  RPOR5 = 0x6ca
                    0x06ca                  _RPOR5 = 0x6ca
                    0x06ca                  _RPOR5bits = 0x6ca
                    0x06cc                  RPOR6 = 0x6cc
                    0x06cc                  _RPOR6 = 0x6cc
                    0x06cc                  _RPOR6bits = 0x6cc
                    0x06ce                  RPOR7 = 0x6ce
                    0x06ce                  _RPOR7 = 0x6ce
                    0x06ce                  _RPOR7bits = 0x6ce
                    0x06d0                  RPOR8 = 0x6d0
                    0x06d0                  _RPOR8 = 0x6d0
                    0x06d0                  _RPOR8bits = 0x6d0
                    0x06d2                  RPOR9 = 0x6d2
                    0x06d2                  _RPOR9 = 0x6d2
                    0x06d2                  _RPOR9bits = 0x6d2
                    0x06d4                  RPOR10 = 0x6d4
                    0x06d4                  _RPOR10 = 0x6d4
                    0x06d4                  _RPOR10bits = 0x6d4
                    0x06d6                  RPOR11 = 0x6d6
                    0x06d6                  _RPOR11 = 0x6d6
                    0x06d6                  _RPOR11bits = 0x6d6
                    0x06d8                  RPOR12 = 0x6d8
                    0x06d8                  _RPOR12 = 0x6d8
                    0x06d8                  _RPOR12bits = 0x6d8
                    0x0740                  RCON = 0x740
                    0x0740                  _RCON = 0x740
                    0x0740                  _RCONbits = 0x740
                    0x0742                  OSCCON = 0x742
                    0x0742                  _OSCCON = 0x742
                    0x0742                  _OSCCONbits = 0x742
                    0x0742                  OSCCONL = 0x742
                    0x0742                  _OSCCONL = 0x742
                    0x0743                  OSCCONH = 0x743
                    0x0743                  _OSCCONH = 0x743
                    0x0744                  CLKDIV = 0x744
                    0x0744                  _CLKDIV = 0x744
                    0x0744                  _CLKDIVbits = 0x744
                    0x0746                  PLLFBD = 0x746
                    0x0746                  _PLLFBD = 0x746
                    0x0746                  _PLLFBDbits = 0x746
                    0x0748                  OSCTUN = 0x748
                    0x0748                  _OSCTUN = 0x748
                    0x0748                  _OSCTUNbits = 0x748
                    0x0760                  NVMCON = 0x760
                    0x0760                  _NVMCON = 0x760
                    0x0760                  _NVMCONbits = 0x760
                    0x0766                  NVMKEY = 0x766
                    0x0766                  _NVMKEY = 0x766
                    0x0770                  PMD1 = 0x770
                    0x0770                  _PMD1 = 0x770
                    0x0770                  _PMD1bits = 0x770
                    0x0772                  PMD2 = 0x772
                    0x0772                  _PMD2 = 0x772
                    0x0772                  _PMD2bits = 0x772
                    0x0774                  PMD3 = 0x774
                    0x0774                  _PMD3 = 0x774
                    0x0774                  _PMD3bits = 0x774
                    0x0140                  IC1 = 0x140
                    0x0140                  _IC1 = 0x140
                    0x0144                  IC2 = 0x144
                    0x0144                  _IC2 = 0x144
                    0x0158                  IC7 = 0x158
                    0x0158                  _IC7 = 0x158
                    0x015c                  IC8 = 0x15c
                    0x015c                  _IC8 = 0x15c
                    0x0180                  OC1 = 0x180
                    0x0180                  _OC1 = 0x180
                    0x0186                  OC2 = 0x186
                    0x0186                  _OC2 = 0x186
                    0x0240                  SPI1 = 0x240
                    0x0240                  _SPI1 = 0x240
                    0x0220                  UART1 = 0x220
                    0x0220                  _UART1 = 0x220
                    0x0001                  __MPLAB_BUILD = 0x1
START GROUP
LOAD c:/program files/microchip/mplab c30/bin/../lib\libpic30-coff.a
LOAD c:/program files/microchip/mplab c30/bin/../lib\libm-coff.a
LOAD c:/program files/microchip/mplab c30/bin/../lib\libc-coff.a
END GROUP
OUTPUT(AN957-BLDC.cof coff-pic30)
LOAD FBS
LOAD FGS
LOAD data_init
LOAD default_isr

.const              0x8aee          0x8
 .const             0x8aee          0x8 Interrupts.o

.ndata              0x0800         0x20
 .ndata             0x0800         0x20 SensoredBLDC.o
                    0x0800                  StateTableFwd
                    0x0810                  StateTableRev

.ndata              0x0820         0x16
 .ndata             0x0820         0x16 Interrupts.o
                    0x0820                  i
                    0x0822                  SpeedIntegral
                    0x0826                  SpeedIntegral_n_1
                    0x082a                  SpeedProportional
                    0x082e                  DutyCycle
                    0x0832                  Kps
                    0x0834                  Kis

.nbss               0x0836         0x16
 .nbss              0x0836         0x16 SensoredBLDC.o
                    0x0836                  Flags
                    0x0838                  HallValue
                    0x083a                  timer3value
                    0x083c                  timer3avg
                    0x083e                  polecount
                    0x0840                  UartRPM
                    0x0842                  UartRPMarray
                    0x0848                  RPM
                    0x084a                  rpmBalance

.nbss               0x084c          0xc
 .nbss              0x084c          0xc Interrupts.o
                    0x084c                  DesiredSpeed
                    0x084e                  ActualSpeed
                    0x0850                  SpeedError
                    0x0852                  milhar
                    0x0853                  centena
                    0x0854                  dezena
                    0x0855                  unidade
                    0x0856                  contador

.dinit            0x000af6         0x40
 .dinit           0x000af6         0x40 data_init

.isr              0x000b36          0x2
 .isr             0x000b36          0x2 default_isr
                  0x000b36                  _DefaultInterrupt
